../Core/Src/main.cpp:78:10:uint32_t extract_uint32_from_rxdata(uint8_t*)	24	static
../Core/Src/main.cpp:87:6:void HAL_CAN_RxFifo0MsgPendingCallback(CAN_HandleTypeDef*)	24	static
../Core/Src/main.cpp:95:6:void check_CAN_errors(CAN_HandleTypeDef*, CAN_ErrorFlags*)	24	static
../Core/Src/main.cpp:145:5:int main()	80	static
../Core/Src/main.cpp:211:6:void SystemClock_Config()	72	static
../Core/Src/main.cpp:251:13:void MX_CAN_Init()	16	static
../Core/Src/main.cpp:289:13:void MX_TIM2_Init()	80	static
../Core/Src/main.cpp:352:13:void MX_GPIO_Init()	40	static
../Core/Src/main.cpp:396:6:void Error_Handler()	4	static,ignoring_inline_asm
../Core/Inc/CAN_Bus.hpp:16:7:CANBus::~CANBus()	16	static
../Core/Src/main.cpp:405:1:void __static_initialization_and_destruction_0(int, int)	16	static
C:\ST\STM32CubeIDE_1.16.0\STM32CubeIDE\plugins\com.st.stm32cube.ide.mcu.externaltools.gnu-tools-for-stm32.12.3.rel1.win32_1.1.0.202410251130\tools\bin/../lib/gcc/arm-none-eabi/12.3.1/../../../../arm-none-eabi/include/c++/12.3.1/bits/stl_vector.h:728:7:std::vector<_Tp, _Alloc>::~vector() [with _Tp = long unsigned int; _Alloc = std::allocator<long unsigned int>]	24	static
C:\ST\STM32CubeIDE_1.16.0\STM32CubeIDE\plugins\com.st.stm32cube.ide.mcu.externaltools.gnu-tools-for-stm32.12.3.rel1.win32_1.1.0.202410251130\tools\bin/../lib/gcc/arm-none-eabi/12.3.1/../../../../arm-none-eabi/include/c++/12.3.1/bits/stl_vector.h:728:7:std::vector<_Tp, _Alloc>::~vector() [with _Tp = long long unsigned int; _Alloc = std::allocator<long long unsigned int>]	24	static
C:\ST\STM32CubeIDE_1.16.0\STM32CubeIDE\plugins\com.st.stm32cube.ide.mcu.externaltools.gnu-tools-for-stm32.12.3.rel1.win32_1.1.0.202410251130\tools\bin/../lib/gcc/arm-none-eabi/12.3.1/../../../../arm-none-eabi/include/c++/12.3.1/bits/stl_vector.h:133:14:std::_Vector_base<long unsigned int, std::allocator<long unsigned int> >::_Vector_impl::~_Vector_impl()	16	static
C:\ST\STM32CubeIDE_1.16.0\STM32CubeIDE\plugins\com.st.stm32cube.ide.mcu.externaltools.gnu-tools-for-stm32.12.3.rel1.win32_1.1.0.202410251130\tools\bin/../lib/gcc/arm-none-eabi/12.3.1/../../../../arm-none-eabi/include/c++/12.3.1/bits/stl_vector.h:364:7:std::_Vector_base<_Tp, _Alloc>::~_Vector_base() [with _Tp = long unsigned int; _Alloc = std::allocator<long unsigned int>]	16	static
C:\ST\STM32CubeIDE_1.16.0\STM32CubeIDE\plugins\com.st.stm32cube.ide.mcu.externaltools.gnu-tools-for-stm32.12.3.rel1.win32_1.1.0.202410251130\tools\bin/../lib/gcc/arm-none-eabi/12.3.1/../../../../arm-none-eabi/include/c++/12.3.1/bits/stl_vector.h:298:7:std::_Vector_base<_Tp, _Alloc>::_Tp_alloc_type& std::_Vector_base<_Tp, _Alloc>::_M_get_Tp_allocator() [with _Tp = long unsigned int; _Alloc = std::allocator<long unsigned int>]	16	static
C:\ST\STM32CubeIDE_1.16.0\STM32CubeIDE\plugins\com.st.stm32cube.ide.mcu.externaltools.gnu-tools-for-stm32.12.3.rel1.win32_1.1.0.202410251130\tools\bin/../lib/gcc/arm-none-eabi/12.3.1/../../../../arm-none-eabi/include/c++/12.3.1/bits/alloc_traits.h:847:5:void std::_Destroy(_ForwardIterator, _ForwardIterator, allocator<_T2>&) [with _ForwardIterator = long unsigned int*; _Tp = long unsigned int]	24	static
C:\ST\STM32CubeIDE_1.16.0\STM32CubeIDE\plugins\com.st.stm32cube.ide.mcu.externaltools.gnu-tools-for-stm32.12.3.rel1.win32_1.1.0.202410251130\tools\bin/../lib/gcc/arm-none-eabi/12.3.1/../../../../arm-none-eabi/include/c++/12.3.1/bits/stl_vector.h:133:14:std::_Vector_base<long long unsigned int, std::allocator<long long unsigned int> >::_Vector_impl::~_Vector_impl()	16	static
C:\ST\STM32CubeIDE_1.16.0\STM32CubeIDE\plugins\com.st.stm32cube.ide.mcu.externaltools.gnu-tools-for-stm32.12.3.rel1.win32_1.1.0.202410251130\tools\bin/../lib/gcc/arm-none-eabi/12.3.1/../../../../arm-none-eabi/include/c++/12.3.1/bits/stl_vector.h:364:7:std::_Vector_base<_Tp, _Alloc>::~_Vector_base() [with _Tp = long long unsigned int; _Alloc = std::allocator<long long unsigned int>]	16	static
C:\ST\STM32CubeIDE_1.16.0\STM32CubeIDE\plugins\com.st.stm32cube.ide.mcu.externaltools.gnu-tools-for-stm32.12.3.rel1.win32_1.1.0.202410251130\tools\bin/../lib/gcc/arm-none-eabi/12.3.1/../../../../arm-none-eabi/include/c++/12.3.1/bits/stl_vector.h:298:7:std::_Vector_base<_Tp, _Alloc>::_Tp_alloc_type& std::_Vector_base<_Tp, _Alloc>::_M_get_Tp_allocator() [with _Tp = long long unsigned int; _Alloc = std::allocator<long long unsigned int>]	16	static
C:\ST\STM32CubeIDE_1.16.0\STM32CubeIDE\plugins\com.st.stm32cube.ide.mcu.externaltools.gnu-tools-for-stm32.12.3.rel1.win32_1.1.0.202410251130\tools\bin/../lib/gcc/arm-none-eabi/12.3.1/../../../../arm-none-eabi/include/c++/12.3.1/bits/alloc_traits.h:847:5:void std::_Destroy(_ForwardIterator, _ForwardIterator, allocator<_T2>&) [with _ForwardIterator = long long unsigned int*; _Tp = long long unsigned int]	24	static
C:\ST\STM32CubeIDE_1.16.0\STM32CubeIDE\plugins\com.st.stm32cube.ide.mcu.externaltools.gnu-tools-for-stm32.12.3.rel1.win32_1.1.0.202410251130\tools\bin/../lib/gcc/arm-none-eabi/12.3.1/../../../../arm-none-eabi/include/c++/12.3.1/bits/allocator.h:174:7:std::allocator< <template-parameter-1-1> >::~allocator() [with _Tp = long unsigned int]	16	static
C:\ST\STM32CubeIDE_1.16.0\STM32CubeIDE\plugins\com.st.stm32cube.ide.mcu.externaltools.gnu-tools-for-stm32.12.3.rel1.win32_1.1.0.202410251130\tools\bin/../lib/gcc/arm-none-eabi/12.3.1/../../../../arm-none-eabi/include/c++/12.3.1/bits/stl_vector.h:383:7:void std::_Vector_base<_Tp, _Alloc>::_M_deallocate(pointer, std::size_t) [with _Tp = long unsigned int; _Alloc = std::allocator<long unsigned int>]	24	static
C:\ST\STM32CubeIDE_1.16.0\STM32CubeIDE\plugins\com.st.stm32cube.ide.mcu.externaltools.gnu-tools-for-stm32.12.3.rel1.win32_1.1.0.202410251130\tools\arm-none-eabi\include\c++\12.3.1\bits\stl_construct.h:182:5:void std::_Destroy(_ForwardIterator, _ForwardIterator) [with _ForwardIterator = long unsigned int*]	16	static
C:\ST\STM32CubeIDE_1.16.0\STM32CubeIDE\plugins\com.st.stm32cube.ide.mcu.externaltools.gnu-tools-for-stm32.12.3.rel1.win32_1.1.0.202410251130\tools\bin/../lib/gcc/arm-none-eabi/12.3.1/../../../../arm-none-eabi/include/c++/12.3.1/bits/allocator.h:174:7:std::allocator< <template-parameter-1-1> >::~allocator() [with _Tp = long long unsigned int]	16	static
C:\ST\STM32CubeIDE_1.16.0\STM32CubeIDE\plugins\com.st.stm32cube.ide.mcu.externaltools.gnu-tools-for-stm32.12.3.rel1.win32_1.1.0.202410251130\tools\bin/../lib/gcc/arm-none-eabi/12.3.1/../../../../arm-none-eabi/include/c++/12.3.1/bits/stl_vector.h:383:7:void std::_Vector_base<_Tp, _Alloc>::_M_deallocate(pointer, std::size_t) [with _Tp = long long unsigned int; _Alloc = std::allocator<long long unsigned int>]	24	static
C:\ST\STM32CubeIDE_1.16.0\STM32CubeIDE\plugins\com.st.stm32cube.ide.mcu.externaltools.gnu-tools-for-stm32.12.3.rel1.win32_1.1.0.202410251130\tools\arm-none-eabi\include\c++\12.3.1\bits\stl_construct.h:182:5:void std::_Destroy(_ForwardIterator, _ForwardIterator) [with _ForwardIterator = long long unsigned int*]	16	static
C:\ST\STM32CubeIDE_1.16.0\STM32CubeIDE\plugins\com.st.stm32cube.ide.mcu.externaltools.gnu-tools-for-stm32.12.3.rel1.win32_1.1.0.202410251130\tools\arm-none-eabi\include\c++\12.3.1\bits\new_allocator.h:90:7:std::__new_allocator<_Tp>::~__new_allocator() [with _Tp = long unsigned int]	16	static
C:\ST\STM32CubeIDE_1.16.0\STM32CubeIDE\plugins\com.st.stm32cube.ide.mcu.externaltools.gnu-tools-for-stm32.12.3.rel1.win32_1.1.0.202410251130\tools\bin/../lib/gcc/arm-none-eabi/12.3.1/../../../../arm-none-eabi/include/c++/12.3.1/bits/alloc_traits.h:495:7:static void std::allocator_traits<std::allocator<_Tp1> >::deallocate(allocator_type&, pointer, size_type) [with _Tp = long unsigned int]	24	static
C:\ST\STM32CubeIDE_1.16.0\STM32CubeIDE\plugins\com.st.stm32cube.ide.mcu.externaltools.gnu-tools-for-stm32.12.3.rel1.win32_1.1.0.202410251130\tools\arm-none-eabi\include\c++\12.3.1\bits\stl_construct.h:172:9:static void std::_Destroy_aux<true>::__destroy(_ForwardIterator, _ForwardIterator) [with _ForwardIterator = long unsigned int*]	16	static
C:\ST\STM32CubeIDE_1.16.0\STM32CubeIDE\plugins\com.st.stm32cube.ide.mcu.externaltools.gnu-tools-for-stm32.12.3.rel1.win32_1.1.0.202410251130\tools\arm-none-eabi\include\c++\12.3.1\bits\new_allocator.h:90:7:std::__new_allocator<_Tp>::~__new_allocator() [with _Tp = long long unsigned int]	16	static
C:\ST\STM32CubeIDE_1.16.0\STM32CubeIDE\plugins\com.st.stm32cube.ide.mcu.externaltools.gnu-tools-for-stm32.12.3.rel1.win32_1.1.0.202410251130\tools\bin/../lib/gcc/arm-none-eabi/12.3.1/../../../../arm-none-eabi/include/c++/12.3.1/bits/alloc_traits.h:495:7:static void std::allocator_traits<std::allocator<_Tp1> >::deallocate(allocator_type&, pointer, size_type) [with _Tp = long long unsigned int]	24	static
C:\ST\STM32CubeIDE_1.16.0\STM32CubeIDE\plugins\com.st.stm32cube.ide.mcu.externaltools.gnu-tools-for-stm32.12.3.rel1.win32_1.1.0.202410251130\tools\arm-none-eabi\include\c++\12.3.1\bits\stl_construct.h:172:9:static void std::_Destroy_aux<true>::__destroy(_ForwardIterator, _ForwardIterator) [with _ForwardIterator = long long unsigned int*]	16	static
C:\ST\STM32CubeIDE_1.16.0\STM32CubeIDE\plugins\com.st.stm32cube.ide.mcu.externaltools.gnu-tools-for-stm32.12.3.rel1.win32_1.1.0.202410251130\tools\arm-none-eabi\include\c++\12.3.1\bits\new_allocator.h:142:7:void std::__new_allocator<_Tp>::deallocate(_Tp*, size_type) [with _Tp = long unsigned int]	24	static
C:\ST\STM32CubeIDE_1.16.0\STM32CubeIDE\plugins\com.st.stm32cube.ide.mcu.externaltools.gnu-tools-for-stm32.12.3.rel1.win32_1.1.0.202410251130\tools\arm-none-eabi\include\c++\12.3.1\bits\new_allocator.h:142:7:void std::__new_allocator<_Tp>::deallocate(_Tp*, size_type) [with _Tp = long long unsigned int]	24	static
../Core/Src/main.cpp:405:1:cpp)	8	static
../Core/Src/main.cpp:405:1:cpp)	8	static
