Archive member included to satisfy reference by file (symbol)

C:/ST/STM32CubeIDE_1.16.0/STM32CubeIDE/plugins/com.st.stm32cube.ide.mcu.externaltools.gnu-tools-for-stm32.12.3.rel1.win32_1.1.0.202410251130/tools/bin/../lib/gcc/arm-none-eabi/12.3.1/../../../../arm-none-eabi/lib/thumb/v7-m/nofp\libstdc++_nano.a(del_ops.o)
                              ./Core/Src/CAN_Bus.o (operator delete(void*, unsigned int))
C:/ST/STM32CubeIDE_1.16.0/STM32CubeIDE/plugins/com.st.stm32cube.ide.mcu.externaltools.gnu-tools-for-stm32.12.3.rel1.win32_1.1.0.202410251130/tools/bin/../lib/gcc/arm-none-eabi/12.3.1/../../../../arm-none-eabi/lib/thumb/v7-m/nofp\libstdc++_nano.a(new_op.o)
                              ./Core/Src/CAN_Bus.o (operator new(unsigned int))
C:/ST/STM32CubeIDE_1.16.0/STM32CubeIDE/plugins/com.st.stm32cube.ide.mcu.externaltools.gnu-tools-for-stm32.12.3.rel1.win32_1.1.0.202410251130/tools/bin/../lib/gcc/arm-none-eabi/12.3.1/../../../../arm-none-eabi/lib/thumb/v7-m/nofp\libstdc++_nano.a(functexcept.o)
                              ./Core/Src/CAN_Bus.o (std::__throw_bad_alloc())
C:/ST/STM32CubeIDE_1.16.0/STM32CubeIDE/plugins/com.st.stm32cube.ide.mcu.externaltools.gnu-tools-for-stm32.12.3.rel1.win32_1.1.0.202410251130/tools/bin/../lib/gcc/arm-none-eabi/12.3.1/../../../../arm-none-eabi/lib/thumb/v7-m/nofp\libstdc++_nano.a(del_op.o)
                              C:/ST/STM32CubeIDE_1.16.0/STM32CubeIDE/plugins/com.st.stm32cube.ide.mcu.externaltools.gnu-tools-for-stm32.12.3.rel1.win32_1.1.0.202410251130/tools/bin/../lib/gcc/arm-none-eabi/12.3.1/../../../../arm-none-eabi/lib/thumb/v7-m/nofp\libstdc++_nano.a(del_ops.o) (operator delete(void*))
C:/ST/STM32CubeIDE_1.16.0/STM32CubeIDE/plugins/com.st.stm32cube.ide.mcu.externaltools.gnu-tools-for-stm32.12.3.rel1.win32_1.1.0.202410251130/tools/bin/../lib/gcc/arm-none-eabi/12.3.1/../../../../arm-none-eabi/lib/thumb/v7-m/nofp\libstdc++_nano.a(new_handler.o)
                              C:/ST/STM32CubeIDE_1.16.0/STM32CubeIDE/plugins/com.st.stm32cube.ide.mcu.externaltools.gnu-tools-for-stm32.12.3.rel1.win32_1.1.0.202410251130/tools/bin/../lib/gcc/arm-none-eabi/12.3.1/../../../../arm-none-eabi/lib/thumb/v7-m/nofp\libstdc++_nano.a(new_op.o) (std::get_new_handler())
C:/ST/STM32CubeIDE_1.16.0/STM32CubeIDE/plugins/com.st.stm32cube.ide.mcu.externaltools.gnu-tools-for-stm32.12.3.rel1.win32_1.1.0.202410251130/tools/bin/../lib/gcc/arm-none-eabi/12.3.1/../../../../arm-none-eabi/lib/thumb/v7-m/nofp\libc_nano.a(libc_a-abort.o)
                              C:/ST/STM32CubeIDE_1.16.0/STM32CubeIDE/plugins/com.st.stm32cube.ide.mcu.externaltools.gnu-tools-for-stm32.12.3.rel1.win32_1.1.0.202410251130/tools/bin/../lib/gcc/arm-none-eabi/12.3.1/../../../../arm-none-eabi/lib/thumb/v7-m/nofp\libstdc++_nano.a(new_op.o) (abort)
C:/ST/STM32CubeIDE_1.16.0/STM32CubeIDE/plugins/com.st.stm32cube.ide.mcu.externaltools.gnu-tools-for-stm32.12.3.rel1.win32_1.1.0.202410251130/tools/bin/../lib/gcc/arm-none-eabi/12.3.1/../../../../arm-none-eabi/lib/thumb/v7-m/nofp\libc_nano.a(libc_a-exit.o)
                              C:/ST/STM32CubeIDE_1.16.0/STM32CubeIDE/plugins/com.st.stm32cube.ide.mcu.externaltools.gnu-tools-for-stm32.12.3.rel1.win32_1.1.0.202410251130/tools/bin/../lib/gcc/arm-none-eabi/12.3.1/../../../../arm-none-eabi/lib/thumb/v7-m/nofp/crt0.o (exit)
C:/ST/STM32CubeIDE_1.16.0/STM32CubeIDE/plugins/com.st.stm32cube.ide.mcu.externaltools.gnu-tools-for-stm32.12.3.rel1.win32_1.1.0.202410251130/tools/bin/../lib/gcc/arm-none-eabi/12.3.1/../../../../arm-none-eabi/lib/thumb/v7-m/nofp\libc_nano.a(libc_a-malloc.o)
                              C:/ST/STM32CubeIDE_1.16.0/STM32CubeIDE/plugins/com.st.stm32cube.ide.mcu.externaltools.gnu-tools-for-stm32.12.3.rel1.win32_1.1.0.202410251130/tools/bin/../lib/gcc/arm-none-eabi/12.3.1/../../../../arm-none-eabi/lib/thumb/v7-m/nofp\libstdc++_nano.a(new_op.o) (malloc)
C:/ST/STM32CubeIDE_1.16.0/STM32CubeIDE/plugins/com.st.stm32cube.ide.mcu.externaltools.gnu-tools-for-stm32.12.3.rel1.win32_1.1.0.202410251130/tools/bin/../lib/gcc/arm-none-eabi/12.3.1/../../../../arm-none-eabi/lib/thumb/v7-m/nofp\libc_nano.a(libc_a-mallocr.o)
                              C:/ST/STM32CubeIDE_1.16.0/STM32CubeIDE/plugins/com.st.stm32cube.ide.mcu.externaltools.gnu-tools-for-stm32.12.3.rel1.win32_1.1.0.202410251130/tools/bin/../lib/gcc/arm-none-eabi/12.3.1/../../../../arm-none-eabi/lib/thumb/v7-m/nofp\libc_nano.a(libc_a-malloc.o) (_malloc_r)
C:/ST/STM32CubeIDE_1.16.0/STM32CubeIDE/plugins/com.st.stm32cube.ide.mcu.externaltools.gnu-tools-for-stm32.12.3.rel1.win32_1.1.0.202410251130/tools/bin/../lib/gcc/arm-none-eabi/12.3.1/../../../../arm-none-eabi/lib/thumb/v7-m/nofp\libc_nano.a(libc_a-mlock.o)
                              C:/ST/STM32CubeIDE_1.16.0/STM32CubeIDE/plugins/com.st.stm32cube.ide.mcu.externaltools.gnu-tools-for-stm32.12.3.rel1.win32_1.1.0.202410251130/tools/bin/../lib/gcc/arm-none-eabi/12.3.1/../../../../arm-none-eabi/lib/thumb/v7-m/nofp\libc_nano.a(libc_a-mallocr.o) (__malloc_lock)
[...]
Memory Configuration

Name             Origin             Length             Attributes
RAM              0x20000000         0x00002800         xrw
FLASH            0x08000000         0x00008000         xr
*default*        0x00000000         0xffffffff

Linker script and memory map

LOAD C:/ST/STM32CubeIDE_1.16.0/STM32CubeIDE/plugins/com.st.stm32cube.ide.mcu.externaltools.gnu-tools-for-stm32.12.3.rel1.win32_1.1.0.202410251130/tools/bin/../lib/gcc/arm-none-eabi/12.3.1/thumb/v7-m/nofp/crti.o
LOAD C:/ST/STM32CubeIDE_1.16.0/STM32CubeIDE/plugins/com.st.stm32cube.ide.mcu.externaltools.gnu-tools-for-stm32.12.3.rel1.win32_1.1.0.202410251130/tools/bin/../lib/gcc/arm-none-eabi/12.3.1/thumb/v7-m/nofp/crtbegin.o
LOAD C:/ST/STM32CubeIDE_1.16.0/STM32CubeIDE/plugins/com.st.stm32cube.ide.mcu.externaltools.gnu-tools-for-stm32.12.3.rel1.win32_1.1.0.202410251130/tools/bin/../lib/gcc/arm-none-eabi/12.3.1/../../../../arm-none-eabi/lib/thumb/v7-m/nofp/crt0.o
LOAD ./Core/Src/CAN_Bus.o
LOAD ./Core/Src/encoder.o
LOAD ./Core/Src/main.o
LOAD ./Core/Src/motorControl.o
LOAD ./Core/Src/stm32f1xx_hal_msp.o
LOAD ./Core/Src/stm32f1xx_it.o
LOAD ./Core/Src/syscalls.o
LOAD ./Core/Src/sysmem.o
LOAD ./Core/Src/system_stm32f1xx.o
LOAD ./Core/Startup/startup_stm32f103c6tx.o
LOAD ./Drivers/STM32F1xx_HAL_Driver/Src/stm32f1xx_hal.o
LOAD ./Drivers/STM32F1xx_HAL_Driver/Src/stm32f1xx_hal_adc.o
LOAD ./Drivers/STM32F1xx_HAL_Driver/Src/stm32f1xx_hal_adc_ex.o
LOAD ./Drivers/STM32F1xx_HAL_Driver/Src/stm32f1xx_hal_can.o
LOAD ./Drivers/STM32F1xx_HAL_Driver/Src/stm32f1xx_hal_cortex.o
LOAD ./Drivers/STM32F1xx_HAL_Driver/Src/stm32f1xx_hal_dma.o
LOAD ./Drivers/STM32F1xx_HAL_Driver/Src/stm32f1xx_hal_exti.o
LOAD ./Drivers/STM32F1xx_HAL_Driver/Src/stm32f1xx_hal_flash.o
LOAD ./Drivers/STM32F1xx_HAL_Driver/Src/stm32f1xx_hal_flash_ex.o
LOAD ./Drivers/STM32F1xx_HAL_Driver/Src/stm32f1xx_hal_gpio.o
LOAD ./Drivers/STM32F1xx_HAL_Driver/Src/stm32f1xx_hal_gpio_ex.o
LOAD ./Drivers/STM32F1xx_HAL_Driver/Src/stm32f1xx_hal_pwr.o
LOAD ./Drivers/STM32F1xx_HAL_Driver/Src/stm32f1xx_hal_rcc.o
LOAD ./Drivers/STM32F1xx_HAL_Driver/Src/stm32f1xx_hal_rcc_ex.o
LOAD ./Drivers/STM32F1xx_HAL_Driver/Src/stm32f1xx_hal_tim.o
LOAD ./Drivers/STM32F1xx_HAL_Driver/Src/stm32f1xx_hal_tim_ex.o
START GROUP
LOAD C:/ST/STM32CubeIDE_1.16.0/STM32CubeIDE/plugins/com.st.stm32cube.ide.mcu.externaltools.gnu-tools-for-stm32.12.3.rel1.win32_1.1.0.202410251130/tools/bin/../lib/gcc/arm-none-eabi/12.3.1/../../../../arm-none-eabi/lib/thumb/v7-m/nofp\libstdc++_nano.a
LOAD C:/ST/STM32CubeIDE_1.16.0/STM32CubeIDE/plugins/com.st.stm32cube.ide.mcu.externaltools.gnu-tools-for-stm32.12.3.rel1.win32_1.1.0.202410251130/tools/bin/../lib/gcc/arm-none-eabi/12.3.1/../../../../arm-none-eabi/lib/thumb/v7-m/nofp\libsupc++_nano.a
END GROUP
LOAD C:/ST/STM32CubeIDE_1.16.0/STM32CubeIDE/plugins/com.st.stm32cube.ide.mcu.externaltools.gnu-tools-for-stm32.12.3.rel1.win32_1.1.0.202410251130/tools/bin/../lib/gcc/arm-none-eabi/12.3.1/../../../../arm-none-eabi/lib/thumb/v7-m/nofp\libstdc++_nano.a
LOAD C:/ST/STM32CubeIDE_1.16.0/STM32CubeIDE/plugins/com.st.stm32cube.ide.mcu.externaltools.gnu-tools-for-stm32.12.3.rel1.win32_1.1.0.202410251130/tools/bin/../lib/gcc/arm-none-eabi/12.3.1/../../../../arm-none-eabi/lib/thumb/v7-m/nofp\libm.a
LOAD C:/ST/STM32CubeIDE_1.16.0/STM32CubeIDE/plugins/com.st.stm32cube.ide.mcu.externaltools.gnu-tools-for-stm32.12.3.rel1.win32_1.1.0.202410251130/tools/bin/../lib/gcc/arm-none-eabi/12.3.1/../../../../arm-none-eabi/lib/thumb/v7-m/nofp\libc_nano.a
START GROUP
LOAD C:/ST/STM32CubeIDE_1.16.0/STM32CubeIDE/plugins/com.st.stm32cube.ide.mcu.externaltools.gnu-tools-for-stm32.12.3.rel1.win32_1.1.0.202410251130/tools/bin/../lib/gcc/arm-none-eabi/12.3.1/thumb/v7-m/nofp\libgcc.a
LOAD C:/ST/STM32CubeIDE_1.16.0/STM32CubeIDE/plugins/com.st.stm32cube.ide.mcu.externaltools.gnu-tools-for-stm32.12.3.rel1.win32_1.1.0.202410251130/tools/bin/../lib/gcc/arm-none-eabi/12.3.1/../../../../arm-none-eabi/lib/thumb/v7-m/nofp\libc_nano.a
END GROUP
START GROUP
LOAD C:/ST/STM32CubeIDE_1.16.0/STM32CubeIDE/plugins/com.st.stm32cube.ide.mcu.externaltools.gnu-tools-for-stm32.12.3.rel1.win32_1.1.0.202410251130/tools/bin/../lib/gcc/arm-none-eabi/12.3.1/thumb/v7-m/nofp\libgcc.a
LOAD C:/ST/STM32CubeIDE_1.16.0/STM32CubeIDE/plugins/com.st.stm32cube.ide.mcu.externaltools.gnu-tools-for-stm32.12.3.rel1.win32_1.1.0.202410251130/tools/bin/../lib/gcc/arm-none-eabi/12.3.1/../../../../arm-none-eabi/lib/thumb/v7-m/nofp\libc_nano.a
LOAD C:/ST/STM32CubeIDE_1.16.0/STM32CubeIDE/plugins/com.st.stm32cube.ide.mcu.externaltools.gnu-tools-for-stm32.12.3.rel1.win32_1.1.0.202410251130/tools/bin/../lib/gcc/arm-none-eabi/12.3.1/../../../../arm-none-eabi/lib/thumb/v7-m/nofp\libnosys.a
END GROUP
START GROUP
LOAD C:/ST/STM32CubeIDE_1.16.0/STM32CubeIDE/plugins/com.st.stm32cube.ide.mcu.externaltools.gnu-tools-for-stm32.12.3.rel1.win32_1.1.0.202410251130/tools/bin/../lib/gcc/arm-none-eabi/12.3.1/thumb/v7-m/nofp\libgcc.a
LOAD C:/ST/STM32CubeIDE_1.16.0/STM32CubeIDE/plugins/com.st.stm32cube.ide.mcu.externaltools.gnu-tools-for-stm32.12.3.rel1.win32_1.1.0.202410251130/tools/bin/../lib/gcc/arm-none-eabi/12.3.1/../../../../arm-none-eabi/lib/thumb/v7-m/nofp\libc_nano.a
LOAD C:/ST/STM32CubeIDE_1.16.0/STM32CubeIDE/plugins/com.st.stm32cube.ide.mcu.externaltools.gnu-tools-for-stm32.12.3.rel1.win32_1.1.0.202410251130/tools/bin/../lib/gcc/arm-none-eabi/12.3.1/../../../../arm-none-eabi/lib/thumb/v7-m/nofp\libnosys.a
END GROUP
LOAD C:/ST/STM32CubeIDE_1.16.0/STM32CubeIDE/plugins/com.st.stm32cube.ide.mcu.externaltools.gnu-tools-for-stm32.12.3.rel1.win32_1.1.0.202410251130/tools/bin/../lib/gcc/arm-none-eabi/12.3.1/thumb/v7-m/nofp/crtend.o
LOAD C:/ST/STM32CubeIDE_1.16.0/STM32CubeIDE/plugins/com.st.stm32cube.ide.mcu.externaltools.gnu-tools-for-stm32.12.3.rel1.win32_1.1.0.202410251130/tools/bin/../lib/gcc/arm-none-eabi/12.3.1/thumb/v7-m/nofp/crtn.o
                0x20002800                        _estack = (ORIGIN (RAM) + LENGTH (RAM))
                0x00000200                        _Min_Heap_Size = 0x200
                0x00000400                        _Min_Stack_Size = 0x400

.isr_vector     0x08000000      0x10c
                0x08000000                        . = ALIGN (0x4)
 *(.isr_vector)
 .isr_vector    0x08000000      0x10c ./Core/Startup/startup_stm32f103c6tx.o
                0x08000000                g_pfnVectors
                0x0800010c                        . = ALIGN (0x4)

.text           0x0800010c     0x4ad4
                0x0800010c                        . = ALIGN (0x4)
 *(.text)
 .text          0x0800010c       0x40 C:/ST/STM32CubeIDE_1.16.0/STM32CubeIDE/plugins/com.st.stm32cube.ide.mcu.externaltools.gnu-tools-for-stm32.12.3.rel1.win32_1.1.0.202410251130/tools/bin/../lib/gcc/arm-none-eabi/12.3.1/thumb/v7-m/nofp/crtbegin.o
 *(.text*)
 .text._ZNSt12_Vector_baseImSaImEEC2Ev
                0x0800014c       0x1a ./Core/Src/CAN_Bus.o
                0x0800014c                std::_Vector_base<unsigned long, std::allocator<unsigned long> >::_Vector_base()
                0x0800014c                std::_Vector_base<unsigned long, std::allocator<unsigned long> >::_Vector_base()
 .text._ZNSt6vectorImSaImEEC2Ev
                0x08000166       0x1a ./Core/Src/CAN_Bus.o
                0x08000166                std::vector<unsigned long, std::allocator<unsigned long> >::vector()
                0x08000166                std::vector<unsigned long, std::allocator<unsigned long> >::vector()
 .text._ZNSt12_Vector_baseIySaIyEEC2Ev
                0x08000180       0x1a ./Core/Src/CAN_Bus.o
                0x08000180                std::_Vector_base<unsigned long long, std::allocator<unsigned long long> >::_Vector_base()
                0x08000180                std::_Vector_base<unsigned long long, std::allocator<unsigned long long> >::_Vector_base()
 .text._ZNSt6vectorIySaIyEEC2Ev
                0x0800019a       0x1a ./Core/Src/CAN_Bus.o
                0x0800019a                std::vector<unsigned long long, std::allocator<unsigned long long> >::vector()
                0x0800019a                std::vector<unsigned long long, std::allocator<unsigned long long> >::vector()
 .text._ZN6CANBusC2Ev
                0x080001b4       0x26 ./Core/Src/CAN_Bus.o
                0x080001b4                CANBus::CANBus()
                0x080001b4                CANBus::CANBus()
 .text._ZN6CANBus5startEP17CAN_HandleTypeDefh
                0x080001da       0x60 ./Core/Src/CAN_Bus.o
                0x080001da                CANBus::start(CAN_HandleTypeDef*, unsigned char)
 .text._ZN6CANBus8transmitEP17CAN_HandleTypeDefPht
                0x0800023a       0x40 ./Core/Src/CAN_Bus.o
                0x0800023a                CANBus::transmit(CAN_HandleTypeDef*, unsigned char*, unsigned short)
 .text._ZN6CANBus15configureFilterEP17CAN_HandleTypeDeftthh
                0x0800027a       0x56 ./Core/Src/CAN_Bus.o
                0x0800027a                CANBus::configureFilter(CAN_HandleTypeDef*, unsigned short, unsigned short, unsigned char, unsigned char)
 .text._ZNSt12_Vector_baseImSaImEE12_Vector_implC2Ev
                0x080002d0       0x20 ./Core/Src/CAN_Bus.o
                0x080002d0                std::_Vector_base<unsigned long, std::allocator<unsigned long> >::_Vector_impl::_Vector_impl()
                0x080002d0                std::_Vector_base<unsigned long, std::allocator<unsigned long> >::_Vector_impl::_Vector_impl()
 .text._ZNSt12_Vector_baseIySaIyEE12_Vector_implC2Ev
                0x080002f0       0x20 ./Core/Src/CAN_Bus.o
                0x080002f0                std::_Vector_base<unsigned long long, std::allocator<unsigned long long> >::_Vector_impl::_Vector_impl()
                0x080002f0                std::_Vector_base<unsigned long long, std::allocator<unsigned long long> >::_Vector_impl::_Vector_impl()
 .text._ZNSaImEC2Ev
                0x08000310       0x18 ./Core/Src/CAN_Bus.o
                0x08000310                std::allocator<unsigned long>::allocator()
                0x08000310                std::allocator<unsigned long>::allocator()
 .text._ZNSt12_Vector_baseImSaImEE17_Vector_impl_dataC2Ev
                0x08000328       0x26 ./Core/Src/CAN_Bus.o
                0x08000328                std::_Vector_base<unsigned long, std::allocator<unsigned long> >::_Vector_impl_data::_Vector_impl_data()
                0x08000328                std::_Vector_base<unsigned long, std::allocator<unsigned long> >::_Vector_impl_data::_Vector_impl_data()
 .text._ZNSt12_Vector_baseImSaImEE13_M_deallocateEPmj
                0x0800034e       0x26 ./Core/Src/CAN_Bus.o
                0x0800034e                std::_Vector_base<unsigned long, std::allocator<unsigned long> >::_M_deallocate(unsigned long*, unsigned int)
 .text._ZNSt12_Vector_baseImSaImEE19_M_get_Tp_allocatorEv
                0x08000374       0x14 ./Core/Src/CAN_Bus.o
                0x08000374                std::_Vector_base<unsigned long, std::allocator<unsigned long> >::_M_get_Tp_allocator()
 .text._ZSt8_DestroyIPmmEvT_S1_RSaIT0_E
                0x08000388       0x1c ./Core/Src/CAN_Bus.o
                0x08000388                void std::_Destroy<unsigned long*, unsigned long>(unsigned long*, unsigned long*, std::allocator<unsigned long>&)
 .text._ZNSaIyEC2Ev
                0x080003a4       0x18 ./Core/Src/CAN_Bus.o
                0x080003a4                std::allocator<unsigned long long>::allocator()
                0x080003a4                std::allocator<unsigned long long>::allocator()
 .text._ZNSt12_Vector_baseIySaIyEE17_Vector_impl_dataC2Ev
                0x080003bc       0x26 ./Core/Src/CAN_Bus.o
                0x080003bc                std::_Vector_base<unsigned long long, std::allocator<unsigned long long> >::_Vector_impl_data::_Vector_impl_data()
                0x080003bc                std::_Vector_base<unsigned long long, std::allocator<unsigned long long> >::_Vector_impl_data::_Vector_impl_data()
 .text._ZNSt12_Vector_baseIySaIyEE13_M_deallocateEPyj
                0x080003e2       0x26 ./Core/Src/CAN_Bus.o
                0x080003e2                std::_Vector_base<unsigned long long, std::allocator<unsigned long long> >::_M_deallocate(unsigned long long*, unsigned int)
 .text._ZNSt12_Vector_baseIySaIyEE19_M_get_Tp_allocatorEv
                0x08000408       0x14 ./Core/Src/CAN_Bus.o
                0x08000408                std::_Vector_base<unsigned long long, std::allocator<unsigned long long> >::_M_get_Tp_allocator()
 .text._ZSt8_DestroyIPyyEvT_S1_RSaIT0_E
                0x0800041c       0x1c ./Core/Src/CAN_Bus.o
                0x0800041c                void std::_Destroy<unsigned long long*, unsigned long long>(unsigned long long*, unsigned long long*, std::allocator<unsigned long long>&)
 .text._ZNSt15__new_allocatorImEC2Ev
                0x08000438       0x14 ./Core/Src/CAN_Bus.o
                0x08000438                std::__new_allocator<unsigned long>::__new_allocator()
                0x08000438                std::__new_allocator<unsigned long>::__new_allocator()
 .text._ZNSt16allocator_traitsISaImEE10deallocateERS0_Pmj
                0x0800044c       0x1e ./Core/Src/CAN_Bus.o
                0x0800044c                std::allocator_traits<std::allocator<unsigned long> >::deallocate(std::allocator<unsigned long>&, unsigned long*, unsigned int)
 .text._ZSt8_DestroyIPmEvT_S1_
                0x0800046a       0x1a ./Core/Src/CAN_Bus.o
                0x0800046a                void std::_Destroy<unsigned long*>(unsigned long*, unsigned long*)
 .text._ZNSt15__new_allocatorIyEC2Ev
                0x08000484       0x14 ./Core/Src/CAN_Bus.o
                0x08000484                std::__new_allocator<unsigned long long>::__new_allocator()
                0x08000484                std::__new_allocator<unsigned long long>::__new_allocator()
 .text._ZNSt16allocator_traitsISaIyEE10deallocateERS0_Pyj
                0x08000498       0x1e ./Core/Src/CAN_Bus.o
                0x08000498                std::allocator_traits<std::allocator<unsigned long long> >::deallocate(std::allocator<unsigned long long>&, unsigned long long*, unsigned int)
 .text._ZSt8_DestroyIPyEvT_S1_
                0x080004b6       0x1a ./Core/Src/CAN_Bus.o
                0x080004b6                void std::_Destroy<unsigned long long*>(unsigned long long*, unsigned long long*)
 .text._ZNSt15__new_allocatorImE10deallocateEPmj
                0x080004d0       0x20 ./Core/Src/CAN_Bus.o
                0x080004d0                std::__new_allocator<unsigned long>::deallocate(unsigned long*, unsigned int)
 .text._ZNSt12_Destroy_auxILb1EE9__destroyIPmEEvT_S3_
                0x080004f0       0x14 ./Core/Src/CAN_Bus.o
                0x080004f0                void std::_Destroy_aux<true>::__destroy<unsigned long*>(unsigned long*, unsigned long*)
 .text._ZNSt15__new_allocatorIyE10deallocateEPyj
                0x08000504       0x20 ./Core/Src/CAN_Bus.o
                0x08000504                std::__new_allocator<unsigned long long>::deallocate(unsigned long long*, unsigned int)
 .text._ZNSt12_Destroy_auxILb1EE9__destroyIPyEEvT_S3_
                0x08000524       0x14 ./Core/Src/CAN_Bus.o
                0x08000524                void std::_Destroy_aux<true>::__destroy<unsigned long long*>(unsigned long long*, unsigned long long*)
 .text._ZN7EncoderC2EP17TIM_HandleTypeDefS1_mf
                0x08000538       0x32 ./Core/Src/encoder.o
                0x08000538                Encoder::Encoder(TIM_HandleTypeDef*, TIM_HandleTypeDef*, unsigned long, float)
                0x08000538                Encoder::Encoder(TIM_HandleTypeDef*, TIM_HandleTypeDef*, unsigned long, float)
 .text._ZN6CANBusD2Ev
                0x0800056a       0x26 ./Core/Src/main.o
                0x0800056a                CANBus::~CANBus()
                0x0800056a                CANBus::~CANBus()
 .text.main     0x08000590       0xb0 ./Core/Src/main.o
                0x08000590                main
 .text._Z18SystemClock_Configv
                0x08000640       0xd4 ./Core/Src/main.o
                0x08000640                SystemClock_Config()
 .text._ZL12MX_ADC1_Initv
                0x08000714       0x90 ./Core/Src/main.o
 .text._ZL11MX_CAN_Initv
                0x080007a4       0xa4 ./Core/Src/main.o
 .text._ZL12MX_TIM1_Initv
                0x08000848      0x174 ./Core/Src/main.o
 .text._ZL12MX_TIM2_Initv
                0x080009bc      0x120 ./Core/Src/main.o
 .text._ZL12MX_TIM3_Initv
                0x08000adc       0xbc ./Core/Src/main.o
 .text._ZL12MX_GPIO_Initv
                0x08000b98      0x10c ./Core/Src/main.o
 .text.Error_Handler
                0x08000ca4        0xc ./Core/Src/main.o
                0x08000ca4                Error_Handler
 .text.assert_failed
                0x08000cb0       0x14 ./Core/Src/main.o
                0x08000cb0                assert_failed
 .text._ZNSt6vectorImSaImEED2Ev
                0x08000cc4       0x36 ./Core/Src/main.o
                0x08000cc4                std::vector<unsigned long, std::allocator<unsigned long> >::~vector()
                0x08000cc4                std::vector<unsigned long, std::allocator<unsigned long> >::~vector()
 .text._ZNSt6vectorIySaIyEED2Ev
                0x08000cfa       0x36 ./Core/Src/main.o
                0x08000cfa                std::vector<unsigned long long, std::allocator<unsigned long long> >::~vector()
                0x08000cfa                std::vector<unsigned long long, std::allocator<unsigned long long> >::~vector()
 .text._ZNSt12_Vector_baseImSaImEE12_Vector_implD2Ev
                0x08000d30       0x18 ./Core/Src/main.o
                0x08000d30                std::_Vector_base<unsigned long, std::allocator<unsigned long> >::_Vector_impl::~_Vector_impl()
                0x08000d30                std::_Vector_base<unsigned long, std::allocator<unsigned long> >::_Vector_impl::~_Vector_impl()
 .text._ZNSt12_Vector_baseImSaImEED2Ev
                0x08000d48       0x32 ./Core/Src/main.o
                0x08000d48                std::_Vector_base<unsigned long, std::allocator<unsigned long> >::~_Vector_base()
                0x08000d48                std::_Vector_base<unsigned long, std::allocator<unsigned long> >::~_Vector_base()
 .text._ZNSt12_Vector_baseIySaIyEE12_Vector_implD2Ev
                0x08000d7a       0x18 ./Core/Src/main.o
                0x08000d7a                std::_Vector_base<unsigned long long, std::allocator<unsigned long long> >::_Vector_impl::~_Vector_impl()
                0x08000d7a                std::_Vector_base<unsigned long long, std::allocator<unsigned long long> >::_Vector_impl::~_Vector_impl()
 .text._ZNSt12_Vector_baseIySaIyEED2Ev
                0x08000d92       0x32 ./Core/Src/main.o
                0x08000d92                std::_Vector_base<unsigned long long, std::allocator<unsigned long long> >::~_Vector_base()
                0x08000d92                std::_Vector_base<unsigned long long, std::allocator<unsigned long long> >::~_Vector_base()
 .text._ZNSaImED2Ev
                0x08000dc4       0x18 ./Core/Src/main.o
                0x08000dc4                std::allocator<unsigned long>::~allocator()
                0x08000dc4                std::allocator<unsigned long>::~allocator()
 .text._ZNSaIyED2Ev
                0x08000ddc       0x18 ./Core/Src/main.o
                0x08000ddc                std::allocator<unsigned long long>::~allocator()
                0x08000ddc                std::allocator<unsigned long long>::~allocator()
 .text._ZNSt15__new_allocatorImED2Ev
                0x08000df4       0x14 ./Core/Src/main.o
                0x08000df4                std::__new_allocator<unsigned long>::~__new_allocator()
                0x08000df4                std::__new_allocator<unsigned long>::~__new_allocator()
 .text._ZNSt15__new_allocatorIyED2Ev
                0x08000e08       0x14 ./Core/Src/main.o
                0x08000e08                std::__new_allocator<unsigned long long>::~__new_allocator()
                0x08000e08                std::__new_allocator<unsigned long long>::~__new_allocator()
 .text._ZN12MotorControlC2EP17TIM_HandleTypeDefm
                0x08000e1c       0x3a ./Core/Src/motorControl.o
                0x08000e1c                MotorControl::MotorControl(TIM_HandleTypeDef*, unsigned long)
                0x08000e1c                MotorControl::MotorControl(TIM_HandleTypeDef*, unsigned long)
 .text._ZN12MotorControl5startEv
                0x08000e56       0x20 ./Core/Src/motorControl.o
                0x08000e56                MotorControl::start()
 *fill*         0x08000e76        0x2 
 .text.HAL_MspInit
                0x08000e78       0x64 ./Core/Src/stm32f1xx_hal_msp.o
                0x08000e78                HAL_MspInit
 .text.HAL_ADC_MspInit
                0x08000edc       0x78 ./Core/Src/stm32f1xx_hal_msp.o
                0x08000edc                HAL_ADC_MspInit
 .text.HAL_CAN_MspInit
                0x08000f54       0xc0 ./Core/Src/stm32f1xx_hal_msp.o
                0x08000f54                HAL_CAN_MspInit
 .text.HAL_TIM_PWM_MspInit
                0x08001014       0xa0 ./Core/Src/stm32f1xx_hal_msp.o
                0x08001014                HAL_TIM_PWM_MspInit
 .text.HAL_TIM_Encoder_MspInit
                0x080010b4       0x7c ./Core/Src/stm32f1xx_hal_msp.o
                0x080010b4                HAL_TIM_Encoder_MspInit
 .text.HAL_TIM_MspPostInit
                0x08001130       0xa4 ./Core/Src/stm32f1xx_hal_msp.o
                0x08001130                HAL_TIM_MspPostInit
 .text.NMI_Handler
                0x080011d4        0x8 ./Core/Src/stm32f1xx_it.o
                0x080011d4                NMI_Handler
 .text.HardFault_Handler
                0x080011dc        0x8 ./Core/Src/stm32f1xx_it.o
                0x080011dc                HardFault_Handler
 .text.MemManage_Handler
                0x080011e4        0x8 ./Core/Src/stm32f1xx_it.o
                0x080011e4                MemManage_Handler
 .text.BusFault_Handler
                0x080011ec        0x8 ./Core/Src/stm32f1xx_it.o
                0x080011ec                BusFault_Handler
 .text.UsageFault_Handler
                0x080011f4        0x8 ./Core/Src/stm32f1xx_it.o
                0x080011f4                UsageFault_Handler
 .text.SVC_Handler
                0x080011fc        0xc ./Core/Src/stm32f1xx_it.o
                0x080011fc                SVC_Handler
 .text.DebugMon_Handler
                0x08001208        0xc ./Core/Src/stm32f1xx_it.o
                0x08001208                DebugMon_Handler
 .text.PendSV_Handler
                0x08001214        0xc ./Core/Src/stm32f1xx_it.o
                0x08001214                PendSV_Handler
 .text.SysTick_Handler
                0x08001220        0xc ./Core/Src/stm32f1xx_it.o
                0x08001220                SysTick_Handler
 .text.SystemInit
                0x0800122c        0xc ./Core/Src/system_stm32f1xx.o
                0x0800122c                SystemInit
 .text.Reset_Handler
                0x08001238       0x48 ./Core/Startup/startup_stm32f103c6tx.o
                0x08001238                Reset_Handler
 .text.Default_Handler
                0x08001280        0x2 ./Core/Startup/startup_stm32f103c6tx.o
                0x08001280                RTC_Alarm_IRQHandler
                0x08001280                EXTI2_IRQHandler
                0x08001280                TIM1_CC_IRQHandler
                0x08001280                PVD_IRQHandler
                0x08001280                EXTI3_IRQHandler
                0x08001280                EXTI0_IRQHandler
                0x08001280                ADC1_2_IRQHandler
                0x08001280                SPI1_IRQHandler
                0x08001280                TAMPER_IRQHandler
                0x08001280                DMA1_Channel4_IRQHandler
                0x08001280                RTC_IRQHandler
                0x08001280                DMA1_Channel7_IRQHandler
                0x08001280                CAN1_RX1_IRQHandler
                0x08001280                I2C1_EV_IRQHandler
                0x08001280                DMA1_Channel6_IRQHandler
                0x08001280                TIM3_IRQHandler
                0x08001280                RCC_IRQHandler
                0x08001280                TIM1_TRG_COM_IRQHandler
                0x08001280                DMA1_Channel1_IRQHandler
                0x08001280                Default_Handler
                0x08001280                EXTI15_10_IRQHandler
                0x08001280                EXTI9_5_IRQHandler
                0x08001280                DMA1_Channel5_IRQHandler
                0x08001280                EXTI4_IRQHandler
                0x08001280                USB_LP_CAN1_RX0_IRQHandler
                0x08001280                USB_HP_CAN1_TX_IRQHandler
                0x08001280                DMA1_Channel3_IRQHandler
                0x08001280                TIM1_UP_IRQHandler
                0x08001280                WWDG_IRQHandler
                0x08001280                TIM2_IRQHandler
                0x08001280                TIM1_BRK_IRQHandler
                0x08001280                EXTI1_IRQHandler
                0x08001280                USART2_IRQHandler
                0x08001280                DMA1_Channel2_IRQHandler
                0x08001280                CAN1_SCE_IRQHandler
                0x08001280                FLASH_IRQHandler
                0x08001280                USART1_IRQHandler
                0x08001280                I2C1_ER_IRQHandler
                0x08001280                USBWakeUp_IRQHandler
 *fill*         0x08001282        0x2 
 .text.HAL_Init
                0x08001284       0x2c ./Drivers/STM32F1xx_HAL_Driver/Src/stm32f1xx_hal.o
                0x08001284                HAL_Init
 .text.HAL_InitTick
                0x080012b0       0x60 ./Drivers/STM32F1xx_HAL_Driver/Src/stm32f1xx_hal.o
                0x080012b0                HAL_InitTick
 .text.HAL_IncTick
                0x08001310       0x24 ./Drivers/STM32F1xx_HAL_Driver/Src/stm32f1xx_hal.o
                0x08001310                HAL_IncTick
 .text.HAL_GetTick
                0x08001334       0x14 ./Drivers/STM32F1xx_HAL_Driver/Src/stm32f1xx_hal.o
                0x08001334                HAL_GetTick
 .text.HAL_Delay
                0x08001348       0x48 ./Drivers/STM32F1xx_HAL_Driver/Src/stm32f1xx_hal.o
                0x08001348                HAL_Delay
 .text.HAL_ADC_Init
                0x08001390      0x2d4 ./Drivers/STM32F1xx_HAL_Driver/Src/stm32f1xx_hal_adc.o
                0x08001390                HAL_ADC_Init
 .text.HAL_ADC_ConfigChannel
                0x08001664      0x388 ./Drivers/STM32F1xx_HAL_Driver/Src/stm32f1xx_hal_adc.o
                0x08001664                HAL_ADC_ConfigChannel
 .text.ADC_ConversionStop_Disable
                0x080019ec       0x82 ./Drivers/STM32F1xx_HAL_Driver/Src/stm32f1xx_hal_adc.o
                0x080019ec                ADC_ConversionStop_Disable
 *fill*         0x08001a6e        0x2 
 .text.HAL_CAN_Init
                0x08001a70      0x430 ./Drivers/STM32F1xx_HAL_Driver/Src/stm32f1xx_hal_can.o
                0x08001a70                HAL_CAN_Init
 .text.HAL_CAN_ConfigFilter
                0x08001ea0      0x260 ./Drivers/STM32F1xx_HAL_Driver/Src/stm32f1xx_hal_can.o
                0x08001ea0                HAL_CAN_ConfigFilter
 .text.HAL_CAN_Start
                0x08002100       0x88 ./Drivers/STM32F1xx_HAL_Driver/Src/stm32f1xx_hal_can.o
                0x08002100                HAL_CAN_Start
 .text.HAL_CAN_AddTxMessage
                0x08002188      0x234 ./Drivers/STM32F1xx_HAL_Driver/Src/stm32f1xx_hal_can.o
                0x08002188                HAL_CAN_AddTxMessage
 .text.HAL_CAN_ActivateNotification
                0x080023bc       0x64 ./Drivers/STM32F1xx_HAL_Driver/Src/stm32f1xx_hal_can.o
                0x080023bc                HAL_CAN_ActivateNotification
 .text.__NVIC_SetPriorityGrouping
                0x08002420       0x48 ./Drivers/STM32F1xx_HAL_Driver/Src/stm32f1xx_hal_cortex.o
 .text.__NVIC_GetPriorityGrouping
                0x08002468       0x1c ./Drivers/STM32F1xx_HAL_Driver/Src/stm32f1xx_hal_cortex.o
 .text.__NVIC_SetPriority
                0x08002484       0x54 ./Drivers/STM32F1xx_HAL_Driver/Src/stm32f1xx_hal_cortex.o
 .text.NVIC_EncodePriority
                0x080024d8       0x64 ./Drivers/STM32F1xx_HAL_Driver/Src/stm32f1xx_hal_cortex.o
 .text.SysTick_Config
                0x0800253c       0x44 ./Drivers/STM32F1xx_HAL_Driver/Src/stm32f1xx_hal_cortex.o
 .text.HAL_NVIC_SetPriorityGrouping
                0x08002580       0x40 ./Drivers/STM32F1xx_HAL_Driver/Src/stm32f1xx_hal_cortex.o
                0x08002580                HAL_NVIC_SetPriorityGrouping
 .text.HAL_NVIC_SetPriority
                0x080025c0       0x58 ./Drivers/STM32F1xx_HAL_Driver/Src/stm32f1xx_hal_cortex.o
                0x080025c0                HAL_NVIC_SetPriority
 .text.HAL_SYSTICK_Config
                0x08002618       0x18 ./Drivers/STM32F1xx_HAL_Driver/Src/stm32f1xx_hal_cortex.o
                0x08002618                HAL_SYSTICK_Config
 .text.HAL_GPIO_Init
                0x08002630      0x4b8 ./Drivers/STM32F1xx_HAL_Driver/Src/stm32f1xx_hal_gpio.o
                0x08002630                HAL_GPIO_Init
 .text.HAL_GPIO_WritePin
                0x08002ae8       0x58 ./Drivers/STM32F1xx_HAL_Driver/Src/stm32f1xx_hal_gpio.o
                0x08002ae8                HAL_GPIO_WritePin
 .text.HAL_RCC_OscConfig
                0x08002b40      0x6dc ./Drivers/STM32F1xx_HAL_Driver/Src/stm32f1xx_hal_rcc.o
                0x08002b40                HAL_RCC_OscConfig
 .text.HAL_RCC_ClockConfig
                0x0800321c      0x320 ./Drivers/STM32F1xx_HAL_Driver/Src/stm32f1xx_hal_rcc.o
                0x0800321c                HAL_RCC_ClockConfig
 .text.HAL_RCC_GetSysClockFreq
                0x0800353c       0xa8 ./Drivers/STM32F1xx_HAL_Driver/Src/stm32f1xx_hal_rcc.o
                0x0800353c                HAL_RCC_GetSysClockFreq
 .text.RCC_Delay
                0x080035e4       0x3c ./Drivers/STM32F1xx_HAL_Driver/Src/stm32f1xx_hal_rcc.o
 .text.HAL_RCCEx_PeriphCLKConfig
                0x08003620      0x214 ./Drivers/STM32F1xx_HAL_Driver/Src/stm32f1xx_hal_rcc_ex.o
                0x08003620                HAL_RCCEx_PeriphCLKConfig
 .text.HAL_TIM_PWM_Init
                0x08003834      0x160 ./Drivers/STM32F1xx_HAL_Driver/Src/stm32f1xx_hal_tim.o
                0x08003834                HAL_TIM_PWM_Init
 .text.HAL_TIM_PWM_Start
                0x08003994      0x1ac ./Drivers/STM32F1xx_HAL_Driver/Src/stm32f1xx_hal_tim.o
                0x08003994                HAL_TIM_PWM_Start
 .text.HAL_TIM_Encoder_Init
                0x08003b40      0x31c ./Drivers/STM32F1xx_HAL_Driver/Src/stm32f1xx_hal_tim.o
                0x08003b40                HAL_TIM_Encoder_Init
 .text.HAL_TIM_Encoder_Start
                0x08003e5c      0x150 ./Drivers/STM32F1xx_HAL_Driver/Src/stm32f1xx_hal_tim.o
                0x08003e5c                HAL_TIM_Encoder_Start
 .text.HAL_TIM_PWM_ConfigChannel
                0x08003fac      0x2a8 ./Drivers/STM32F1xx_HAL_Driver/Src/stm32f1xx_hal_tim.o
                0x08003fac                HAL_TIM_PWM_ConfigChannel
 .text.TIM_Base_SetConfig
                0x08004254       0xc8 ./Drivers/STM32F1xx_HAL_Driver/Src/stm32f1xx_hal_tim.o
                0x08004254                TIM_Base_SetConfig
 .text.TIM_OC1_SetConfig
                0x0800431c      0x120 ./Drivers/STM32F1xx_HAL_Driver/Src/stm32f1xx_hal_tim.o
 .text.TIM_OC2_SetConfig
                0x0800443c      0x128 ./Drivers/STM32F1xx_HAL_Driver/Src/stm32f1xx_hal_tim.o
                0x0800443c                TIM_OC2_SetConfig
 .text.TIM_OC3_SetConfig
                0x08004564      0x128 ./Drivers/STM32F1xx_HAL_Driver/Src/stm32f1xx_hal_tim.o
 .text.TIM_OC4_SetConfig
                0x0800468c       0xbc ./Drivers/STM32F1xx_HAL_Driver/Src/stm32f1xx_hal_tim.o
 .text.TIM_CCxChannelCmd
                0x08004748       0x9c ./Drivers/STM32F1xx_HAL_Driver/Src/stm32f1xx_hal_tim.o
                0x08004748                TIM_CCxChannelCmd
 .text.HAL_TIMEx_MasterConfigSynchronization
                0x080047e4      0x13c ./Drivers/STM32F1xx_HAL_Driver/Src/stm32f1xx_hal_tim_ex.o
                0x080047e4                HAL_TIMEx_MasterConfigSynchronization
 .text.HAL_TIMEx_ConfigBreakDeadTime
                0x08004920      0x18c ./Drivers/STM32F1xx_HAL_Driver/Src/stm32f1xx_hal_tim_ex.o
                0x08004920                HAL_TIMEx_ConfigBreakDeadTime
 .text._ZdlPvj  0x08004aac        0x4 C:/ST/STM32CubeIDE_1.16.0/STM32CubeIDE/plugins/com.st.stm32cube.ide.mcu.externaltools.gnu-tools-for-stm32.12.3.rel1.win32_1.1.0.202410251130/tools/bin/../lib/gcc/arm-none-eabi/12.3.1/../../../../arm-none-eabi/lib/thumb/v7-m/nofp\libstdc++_nano.a(del_ops.o)
                0x08004aac                operator delete(void*, unsigned int)
 .text._ZdlPv   0x08004ab0        0x4 C:/ST/STM32CubeIDE_1.16.0/STM32CubeIDE/plugins/com.st.stm32cube.ide.mcu.externaltools.gnu-tools-for-stm32.12.3.rel1.win32_1.1.0.202410251130/tools/bin/../lib/gcc/arm-none-eabi/12.3.1/../../../../arm-none-eabi/lib/thumb/v7-m/nofp\libstdc++_nano.a(del_op.o)
                0x08004ab0                operator delete(void*)
 .text.free     0x08004ab4       0x10 C:/ST/STM32CubeIDE_1.16.0/STM32CubeIDE/plugins/com.st.stm32cube.ide.mcu.externaltools.gnu-tools-for-stm32.12.3.rel1.win32_1.1.0.202410251130/tools/bin/../lib/gcc/arm-none-eabi/12.3.1/../../../../arm-none-eabi/lib/thumb/v7-m/nofp\libc_nano.a(libc_a-malloc.o)
                0x08004ab4                free
 .text.__malloc_lock
                0x08004ac4        0xc C:/ST/STM32CubeIDE_1.16.0/STM32CubeIDE/plugins/com.st.stm32cube.ide.mcu.externaltools.gnu-tools-for-stm32.12.3.rel1.win32_1.1.0.202410251130/tools/bin/../lib/gcc/arm-none-eabi/12.3.1/../../../../arm-none-eabi/lib/thumb/v7-m/nofp\libc_nano.a(libc_a-mlock.o)
                0x08004ac4                __malloc_lock
 .text.__malloc_unlock
                0x08004ad0        0xc C:/ST/STM32CubeIDE_1.16.0/STM32CubeIDE/plugins/com.st.stm32cube.ide.mcu.externaltools.gnu-tools-for-stm32.12.3.rel1.win32_1.1.0.202410251130/tools/bin/../lib/gcc/arm-none-eabi/12.3.1/../../../../arm-none-eabi/lib/thumb/v7-m/nofp\libc_nano.a(libc_a-mlock.o)
                0x08004ad0                __malloc_unlock
 .text.memset   0x08004adc       0x10 C:/ST/STM32CubeIDE_1.16.0/STM32CubeIDE/plugins/com.st.stm32cube.ide.mcu.externaltools.gnu-tools-for-stm32.12.3.rel1.win32_1.1.0.202410251130/tools/bin/../lib/gcc/arm-none-eabi/12.3.1/../../../../arm-none-eabi/lib/thumb/v7-m/nofp\libc_nano.a(libc_a-memset.o)
                0x08004adc                memset
 .text.__libc_init_array
                0x08004aec       0x48 C:/ST/STM32CubeIDE_1.16.0/STM32CubeIDE/plugins/com.st.stm32cube.ide.mcu.externaltools.gnu-tools-for-stm32.12.3.rel1.win32_1.1.0.202410251130/tools/bin/../lib/gcc/arm-none-eabi/12.3.1/../../../../arm-none-eabi/lib/thumb/v7-m/nofp\libc_nano.a(libc_a-init.o)
                0x08004aec                __libc_init_array
 .text.__retarget_lock_acquire_recursive
                0x08004b34        0x2 C:/ST/STM32CubeIDE_1.16.0/STM32CubeIDE/plugins/com.st.stm32cube.ide.mcu.externaltools.gnu-tools-for-stm32.12.3.rel1.win32_1.1.0.202410251130/tools/bin/../lib/gcc/arm-none-eabi/12.3.1/../../../../arm-none-eabi/lib/thumb/v7-m/nofp\libc_nano.a(libc_a-lock.o)
                0x08004b34                __retarget_lock_acquire_recursive
 .text.__retarget_lock_release_recursive
                0x08004b36        0x2 C:/ST/STM32CubeIDE_1.16.0/STM32CubeIDE/plugins/com.st.stm32cube.ide.mcu.externaltools.gnu-tools-for-stm32.12.3.rel1.win32_1.1.0.202410251130/tools/bin/../lib/gcc/arm-none-eabi/12.3.1/../../../../arm-none-eabi/lib/thumb/v7-m/nofp\libc_nano.a(libc_a-lock.o)
                0x08004b36                __retarget_lock_release_recursive
 .text._free_r  0x08004b38       0x90 C:/ST/STM32CubeIDE_1.16.0/STM32CubeIDE/plugins/com.st.stm32cube.ide.mcu.externaltools.gnu-tools-for-stm32.12.3.rel1.win32_1.1.0.202410251130/tools/bin/../lib/gcc/arm-none-eabi/12.3.1/../../../../arm-none-eabi/lib/thumb/v7-m/nofp\libc_nano.a(libc_a-freer.o)
                0x08004b38                _free_r
 *(.glue_7)
 .glue_7        0x08004bc8        0x0 linker stubs
 *(.glue_7t)
 .glue_7t       0x08004bc8        0x0 linker stubs
 *(.eh_frame)
 .eh_frame      0x08004bc8        0x0 C:/ST/STM32CubeIDE_1.16.0/STM32CubeIDE/plugins/com.st.stm32cube.ide.mcu.externaltools.gnu-tools-for-stm32.12.3.rel1.win32_1.1.0.202410251130/tools/bin/../lib/gcc/arm-none-eabi/12.3.1/thumb/v7-m/nofp/crtbegin.o
 *(.init)
 .init          0x08004bc8        0x4 C:/ST/STM32CubeIDE_1.16.0/STM32CubeIDE/plugins/com.st.stm32cube.ide.mcu.externaltools.gnu-tools-for-stm32.12.3.rel1.win32_1.1.0.202410251130/tools/bin/../lib/gcc/arm-none-eabi/12.3.1/thumb/v7-m/nofp/crti.o
                0x08004bc8                _init
 .init          0x08004bcc        0x8 C:/ST/STM32CubeIDE_1.16.0/STM32CubeIDE/plugins/com.st.stm32cube.ide.mcu.externaltools.gnu-tools-for-stm32.12.3.rel1.win32_1.1.0.202410251130/tools/bin/../lib/gcc/arm-none-eabi/12.3.1/thumb/v7-m/nofp/crtn.o
 *(.fini)
 .fini          0x08004bd4        0x4 C:/ST/STM32CubeIDE_1.16.0/STM32CubeIDE/plugins/com.st.stm32cube.ide.mcu.externaltools.gnu-tools-for-stm32.12.3.rel1.win32_1.1.0.202410251130/tools/bin/../lib/gcc/arm-none-eabi/12.3.1/thumb/v7-m/nofp/crti.o
                0x08004bd4                _fini
 .fini          0x08004bd8        0x8 C:/ST/STM32CubeIDE_1.16.0/STM32CubeIDE/plugins/com.st.stm32cube.ide.mcu.externaltools.gnu-tools-for-stm32.12.3.rel1.win32_1.1.0.202410251130/tools/bin/../lib/gcc/arm-none-eabi/12.3.1/thumb/v7-m/nofp/crtn.o
                0x08004be0                        . = ALIGN (0x4)
                0x08004be0                        _etext = .

.vfp11_veneer   0x08004be0        0x0
 .vfp11_veneer  0x08004be0        0x0 linker stubs

.v4_bx          0x08004be0        0x0
 .v4_bx         0x08004be0        0x0 linker stubs

.iplt           0x08004be0        0x0
 .iplt          0x08004be0        0x0 C:/ST/STM32CubeIDE_1.16.0/STM32CubeIDE/plugins/com.st.stm32cube.ide.mcu.externaltools.gnu-tools-for-stm32.12.3.rel1.win32_1.1.0.202410251130/tools/bin/../lib/gcc/arm-none-eabi/12.3.1/thumb/v7-m/nofp/crtbegin.o

.rodata         0x08004be0      0x1fc
                0x08004be0                        . = ALIGN (0x4)
 *(.rodata)
 .rodata        0x08004be0        0x8 ./Core/Src/main.o
 .rodata        0x08004be8       0x38 ./Drivers/STM32F1xx_HAL_Driver/Src/stm32f1xx_hal_adc.o
 .rodata        0x08004c20       0x38 ./Drivers/STM32F1xx_HAL_Driver/Src/stm32f1xx_hal_can.o
 .rodata        0x08004c58       0x3b ./Drivers/STM32F1xx_HAL_Driver/Src/stm32f1xx_hal_cortex.o
 *fill*         0x08004c93        0x1 
 .rodata        0x08004c94       0x39 ./Drivers/STM32F1xx_HAL_Driver/Src/stm32f1xx_hal_gpio.o
 *fill*         0x08004ccd        0x3 
 .rodata        0x08004cd0       0x38 ./Drivers/STM32F1xx_HAL_Driver/Src/stm32f1xx_hal_rcc.o
 .rodata        0x08004d08       0x3b ./Drivers/STM32F1xx_HAL_Driver/Src/stm32f1xx_hal_rcc_ex.o
 *fill*         0x08004d43        0x1 
 .rodata        0x08004d44       0x38 ./Drivers/STM32F1xx_HAL_Driver/Src/stm32f1xx_hal_tim.o
 .rodata        0x08004d7c       0x3b ./Drivers/STM32F1xx_HAL_Driver/Src/stm32f1xx_hal_tim_ex.o
 *(.rodata*)
 *fill*         0x08004db7        0x1 
 .rodata.AHBPrescTable
                0x08004db8       0x10 ./Core/Src/system_stm32f1xx.o
                0x08004db8                AHBPrescTable
 .rodata.aPLLMULFactorTable.1
                0x08004dc8       0x10 ./Drivers/STM32F1xx_HAL_Driver/Src/stm32f1xx_hal_rcc.o
 .rodata.aPredivFactorTable.0
                0x08004dd8        0x2 ./Drivers/STM32F1xx_HAL_Driver/Src/stm32f1xx_hal_rcc.o
                0x08004ddc                        . = ALIGN (0x4)
 *fill*         0x08004dda        0x2 

.ARM.extab      0x08004ddc        0x0
                0x08004ddc                        . = ALIGN (0x4)
 *(.ARM.extab* .gnu.linkonce.armextab.*)
                0x08004ddc                        . = ALIGN (0x4)

.ARM            0x08004ddc        0x0
                0x08004ddc                        . = ALIGN (0x4)
                0x08004ddc                        __exidx_start = .
 *(.ARM.exidx*)
                0x08004ddc                        __exidx_end = .
                0x08004ddc                        . = ALIGN (0x4)

.preinit_array  0x08004ddc        0x0
                0x08004ddc                        . = ALIGN (0x4)
                0x08004ddc                        PROVIDE (__preinit_array_start = .)
 *(.preinit_array*)
                0x08004ddc                        PROVIDE (__preinit_array_end = .)
                0x08004ddc                        . = ALIGN (0x4)

.init_array     0x08004ddc        0x4
                0x08004ddc                        . = ALIGN (0x4)
                0x08004ddc                        PROVIDE (__init_array_start = .)
 *(SORT_BY_NAME(.init_array.*))
 *(.init_array*)
 .init_array    0x08004ddc        0x4 C:/ST/STM32CubeIDE_1.16.0/STM32CubeIDE/plugins/com.st.stm32cube.ide.mcu.externaltools.gnu-tools-for-stm32.12.3.rel1.win32_1.1.0.202410251130/tools/bin/../lib/gcc/arm-none-eabi/12.3.1/thumb/v7-m/nofp/crtbegin.o
                0x08004de0                        PROVIDE (__init_array_end = .)
                0x08004de0                        . = ALIGN (0x4)

.fini_array     0x08004de0        0x4
                0x08004de0                        . = ALIGN (0x4)
                [!provide]                        PROVIDE (__fini_array_start = .)
 *(SORT_BY_NAME(.fini_array.*))
 *(.fini_array*)
 .fini_array    0x08004de0        0x4 C:/ST/STM32CubeIDE_1.16.0/STM32CubeIDE/plugins/com.st.stm32cube.ide.mcu.externaltools.gnu-tools-for-stm32.12.3.rel1.win32_1.1.0.202410251130/tools/bin/../lib/gcc/arm-none-eabi/12.3.1/thumb/v7-m/nofp/crtbegin.o
                [!provide]                        PROVIDE (__fini_array_end = .)
                0x08004de4                        . = ALIGN (0x4)
                0x08004de4                        _sidata = LOADADDR (.data)

.rel.dyn        0x08004de4        0x0
 .rel.iplt      0x08004de4        0x0 C:/ST/STM32CubeIDE_1.16.0/STM32CubeIDE/plugins/com.st.stm32cube.ide.mcu.externaltools.gnu-tools-for-stm32.12.3.rel1.win32_1.1.0.202410251130/tools/bin/../lib/gcc/arm-none-eabi/12.3.1/thumb/v7-m/nofp/crtbegin.o

.data           0x20000000       0x5c load address 0x08004de4
                0x20000000                        . = ALIGN (0x4)
                0x20000000                        _sdata = .
 *(.data)
 *(.data*)
 .data.SystemCoreClock
                0x20000000        0x4 ./Core/Src/system_stm32f1xx.o
                0x20000000                SystemCoreClock
 .data.uwTickPrio
                0x20000004        0x4 ./Drivers/STM32F1xx_HAL_Driver/Src/stm32f1xx_hal.o
                0x20000004                uwTickPrio
 .data.uwTickFreq
                0x20000008        0x1 ./Drivers/STM32F1xx_HAL_Driver/Src/stm32f1xx_hal.o
                0x20000008                uwTickFreq
 *fill*         0x20000009        0x3 
 .data._impure_ptr
                0x2000000c        0x4 C:/ST/STM32CubeIDE_1.16.0/STM32CubeIDE/plugins/com.st.stm32cube.ide.mcu.externaltools.gnu-tools-for-stm32.12.3.rel1.win32_1.1.0.202410251130/tools/bin/../lib/gcc/arm-none-eabi/12.3.1/../../../../arm-none-eabi/lib/thumb/v7-m/nofp\libc_nano.a(libc_a-impure.o)
                0x2000000c                _impure_ptr
 .data._impure_data
                0x20000010       0x4c C:/ST/STM32CubeIDE_1.16.0/STM32CubeIDE/plugins/com.st.stm32cube.ide.mcu.externaltools.gnu-tools-for-stm32.12.3.rel1.win32_1.1.0.202410251130/tools/bin/../lib/gcc/arm-none-eabi/12.3.1/../../../../arm-none-eabi/lib/thumb/v7-m/nofp\libc_nano.a(libc_a-impure.o)
                0x20000010                _impure_data
 *(.RamFunc)
 *(.RamFunc*)
                0x2000005c                        . = ALIGN (0x4)
                0x2000005c                        _edata = .

.igot.plt       0x2000005c        0x0 load address 0x08004e40
 .igot.plt      0x2000005c        0x0 C:/ST/STM32CubeIDE_1.16.0/STM32CubeIDE/plugins/com.st.stm32cube.ide.mcu.externaltools.gnu-tools-for-stm32.12.3.rel1.win32_1.1.0.202410251130/tools/bin/../lib/gcc/arm-none-eabi/12.3.1/thumb/v7-m/nofp/crtbegin.o
                0x2000005c                        . = ALIGN (0x4)

.bss            0x2000005c      0x290 load address 0x08004e40
                0x2000005c                        _sbss = .
                0x2000005c                        __bss_start__ = _sbss
 *(.bss)
 .bss           0x2000005c       0x1c C:/ST/STM32CubeIDE_1.16.0/STM32CubeIDE/plugins/com.st.stm32cube.ide.mcu.externaltools.gnu-tools-for-stm32.12.3.rel1.win32_1.1.0.202410251130/tools/bin/../lib/gcc/arm-none-eabi/12.3.1/thumb/v7-m/nofp/crtbegin.o
 *(.bss*)
 .bss.hadc1     0x20000078       0x30 ./Core/Src/main.o
                0x20000078                hadc1
 .bss.hcan      0x200000a8       0x28 ./Core/Src/main.o
                0x200000a8                hcan
 .bss.htim1     0x200000d0       0x48 ./Core/Src/main.o
                0x200000d0                htim1
 .bss.htim2     0x20000118       0x48 ./Core/Src/main.o
                0x20000118                htim2
 .bss.htim3     0x20000160       0x48 ./Core/Src/main.o
                0x20000160                htim3
 .bss.uwTick    0x200001a8        0x4 ./Drivers/STM32F1xx_HAL_Driver/Src/stm32f1xx_hal.o
                0x200001a8                uwTick
 .bss.__malloc_free_list
                0x200001ac        0x4 C:/ST/STM32CubeIDE_1.16.0/STM32CubeIDE/plugins/com.st.stm32cube.ide.mcu.externaltools.gnu-tools-for-stm32.12.3.rel1.win32_1.1.0.202410251130/tools/bin/../lib/gcc/arm-none-eabi/12.3.1/../../../../arm-none-eabi/lib/thumb/v7-m/nofp\libc_nano.a(libc_a-mallocr.o)
                0x200001ac                __malloc_free_list
 .bss.__sf      0x200001b0      0x138 C:/ST/STM32CubeIDE_1.16.0/STM32CubeIDE/plugins/com.st.stm32cube.ide.mcu.externaltools.gnu-tools-for-stm32.12.3.rel1.win32_1.1.0.202410251130/tools/bin/../lib/gcc/arm-none-eabi/12.3.1/../../../../arm-none-eabi/lib/thumb/v7-m/nofp\libc_nano.a(libc_a-findfp.o)
                0x200001b0                __sf
 .bss.__lock___malloc_recursive_mutex
                0x200002e8        0x1 C:/ST/STM32CubeIDE_1.16.0/STM32CubeIDE/plugins/com.st.stm32cube.ide.mcu.externaltools.gnu-tools-for-stm32.12.3.rel1.win32_1.1.0.202410251130/tools/bin/../lib/gcc/arm-none-eabi/12.3.1/../../../../arm-none-eabi/lib/thumb/v7-m/nofp\libc_nano.a(libc_a-lock.o)
                0x200002e8                __lock___malloc_recursive_mutex
 *(COMMON)
                0x200002ec                        . = ALIGN (0x4)
 *fill*         0x200002e9        0x3 
                0x200002ec                        _ebss = .
                0x200002ec                        __bss_end__ = _ebss

._user_heap_stack
                0x200002ec      0x604 load address 0x08004e40
                0x200002f0                        . = ALIGN (0x8)
 *fill*         0x200002ec        0x4 
                [!provide]                        PROVIDE (end = .)
                0x200002f0                        PROVIDE (_end = .)
                0x200004f0                        . = (. + _Min_Heap_Size)
 *fill*         0x200002f0      0x200 
                0x200008f0                        . = (. + _Min_Stack_Size)
 *fill*         0x200004f0      0x400 
                0x200008f0                        . = ALIGN (0x8)

/DISCARD/
 libc.a(*)
 libm.a(*)
 libgcc.a(*)

.ARM.attributes
                0x00000000       0x29
 *(.ARM.attributes)
 .ARM.attributes
                0x00000000       0x1d C:/ST/STM32CubeIDE_1.16.0/STM32CubeIDE/plugins/com.st.stm32cube.ide.mcu.externaltools.gnu-tools-for-stm32.12.3.rel1.win32_1.1.0.202410251130/tools/bin/../lib/gcc/arm-none-eabi/12.3.1/thumb/v7-m/nofp/crti.o
 .ARM.attributes
                0x0000001d       0x2d C:/ST/STM32CubeIDE_1.16.0/STM32CubeIDE/plugins/com.st.stm32cube.ide.mcu.externaltools.gnu-tools-for-stm32.12.3.rel1.win32_1.1.0.202410251130/tools/bin/../lib/gcc/arm-none-eabi/12.3.1/thumb/v7-m/nofp/crtbegin.o
 .ARM.attributes
                0x0000004a       0x2d ./Core/Src/CAN_Bus.o
 .ARM.attributes
                0x00000077       0x2d ./Core/Src/encoder.o
 .ARM.attributes
                0x000000a4       0x2d ./Core/Src/main.o
 .ARM.attributes
                0x000000d1       0x2d ./Core/Src/motorControl.o
 .ARM.attributes
                0x000000fe       0x2d ./Core/Src/stm32f1xx_hal_msp.o
 .ARM.attributes
                0x0000012b       0x2d ./Core/Src/stm32f1xx_it.o
 .ARM.attributes
                0x00000158       0x2d ./Core/Src/system_stm32f1xx.o
 .ARM.attributes
                0x00000185       0x21 ./Core/Startup/startup_stm32f103c6tx.o
 .ARM.attributes
                0x000001a6       0x2d ./Drivers/STM32F1xx_HAL_Driver/Src/stm32f1xx_hal.o
 .ARM.attributes
                0x000001d3       0x2d ./Drivers/STM32F1xx_HAL_Driver/Src/stm32f1xx_hal_adc.o
 .ARM.attributes
                0x00000200       0x2d ./Drivers/STM32F1xx_HAL_Driver/Src/stm32f1xx_hal_can.o
 .ARM.attributes
                0x0000022d       0x2d ./Drivers/STM32F1xx_HAL_Driver/Src/stm32f1xx_hal_cortex.o
 .ARM.attributes
                0x0000025a       0x2d ./Drivers/STM32F1xx_HAL_Driver/Src/stm32f1xx_hal_gpio.o
 .ARM.attributes
                0x00000287       0x2d ./Drivers/STM32F1xx_HAL_Driver/Src/stm32f1xx_hal_rcc.o
 .ARM.attributes
                0x000002b4       0x2d ./Drivers/STM32F1xx_HAL_Driver/Src/stm32f1xx_hal_rcc_ex.o
 .ARM.attributes
                0x000002e1       0x2d ./Drivers/STM32F1xx_HAL_Driver/Src/stm32f1xx_hal_tim.o
 .ARM.attributes
                0x0000030e       0x2d ./Drivers/STM32F1xx_HAL_Driver/Src/stm32f1xx_hal_tim_ex.o
 .ARM.attributes
                0x0000033b       0x2d C:/ST/STM32CubeIDE_1.16.0/STM32CubeIDE/plugins/com.st.stm32cube.ide.mcu.externaltools.gnu-tools-for-stm32.12.3.rel1.win32_1.1.0.202410251130/tools/bin/../lib/gcc/arm-none-eabi/12.3.1/../../../../arm-none-eabi/lib/thumb/v7-m/nofp\libstdc++_nano.a(del_ops.o)
 .ARM.attributes
                0x00000368       0x2d C:/ST/STM32CubeIDE_1.16.0/STM32CubeIDE/plugins/com.st.stm32cube.ide.mcu.externaltools.gnu-tools-for-stm32.12.3.rel1.win32_1.1.0.202410251130/tools/bin/../lib/gcc/arm-none-eabi/12.3.1/../../../../arm-none-eabi/lib/thumb/v7-m/nofp\libstdc++_nano.a(del_op.o)
 .ARM.attributes
                0x00000395       0x2d C:/ST/STM32CubeIDE_1.16.0/STM32CubeIDE/plugins/com.st.stm32cube.ide.mcu.externaltools.gnu-tools-for-stm32.12.3.rel1.win32_1.1.0.202410251130/tools/bin/../lib/gcc/arm-none-eabi/12.3.1/../../../../arm-none-eabi/lib/thumb/v7-m/nofp\libc_nano.a(libc_a-malloc.o)
 .ARM.attributes
                0x000003c2       0x2d C:/ST/STM32CubeIDE_1.16.0/STM32CubeIDE/plugins/com.st.stm32cube.ide.mcu.externaltools.gnu-tools-for-stm32.12.3.rel1.win32_1.1.0.202410251130/tools/bin/../lib/gcc/arm-none-eabi/12.3.1/../../../../arm-none-eabi/lib/thumb/v7-m/nofp\libc_nano.a(libc_a-mallocr.o)
 .ARM.attributes
                0x000003ef       0x2d C:/ST/STM32CubeIDE_1.16.0/STM32CubeIDE/plugins/com.st.stm32cube.ide.mcu.externaltools.gnu-tools-for-stm32.12.3.rel1.win32_1.1.0.202410251130/tools/bin/../lib/gcc/arm-none-eabi/12.3.1/../../../../arm-none-eabi/lib/thumb/v7-m/nofp\libc_nano.a(libc_a-mlock.o)
 .ARM.attributes
                0x0000041c       0x2d C:/ST/STM32CubeIDE_1.16.0/STM32CubeIDE/plugins/com.st.stm32cube.ide.mcu.externaltools.gnu-tools-for-stm32.12.3.rel1.win32_1.1.0.202410251130/tools/bin/../lib/gcc/arm-none-eabi/12.3.1/../../../../arm-none-eabi/lib/thumb/v7-m/nofp\libc_nano.a(libc_a-findfp.o)
 .ARM.attributes
                0x00000449       0x2d C:/ST/STM32CubeIDE_1.16.0/STM32CubeIDE/plugins/com.st.stm32cube.ide.mcu.externaltools.gnu-tools-for-stm32.12.3.rel1.win32_1.1.0.202410251130/tools/bin/../lib/gcc/arm-none-eabi/12.3.1/../../../../arm-none-eabi/lib/thumb/v7-m/nofp\libc_nano.a(libc_a-memset.o)
 .ARM.attributes
                0x00000476       0x2d C:/ST/STM32CubeIDE_1.16.0/STM32CubeIDE/plugins/com.st.stm32cube.ide.mcu.externaltools.gnu-tools-for-stm32.12.3.rel1.win32_1.1.0.202410251130/tools/bin/../lib/gcc/arm-none-eabi/12.3.1/../../../../arm-none-eabi/lib/thumb/v7-m/nofp\libc_nano.a(libc_a-impure.o)
 .ARM.attributes
                0x000004a3       0x2d C:/ST/STM32CubeIDE_1.16.0/STM32CubeIDE/plugins/com.st.stm32cube.ide.mcu.externaltools.gnu-tools-for-stm32.12.3.rel1.win32_1.1.0.202410251130/tools/bin/../lib/gcc/arm-none-eabi/12.3.1/../../../../arm-none-eabi/lib/thumb/v7-m/nofp\libc_nano.a(libc_a-init.o)
 .ARM.attributes
                0x000004d0       0x2d C:/ST/STM32CubeIDE_1.16.0/STM32CubeIDE/plugins/com.st.stm32cube.ide.mcu.externaltools.gnu-tools-for-stm32.12.3.rel1.win32_1.1.0.202410251130/tools/bin/../lib/gcc/arm-none-eabi/12.3.1/../../../../arm-none-eabi/lib/thumb/v7-m/nofp\libc_nano.a(libc_a-lock.o)
 .ARM.attributes
                0x000004fd       0x2d C:/ST/STM32CubeIDE_1.16.0/STM32CubeIDE/plugins/com.st.stm32cube.ide.mcu.externaltools.gnu-tools-for-stm32.12.3.rel1.win32_1.1.0.202410251130/tools/bin/../lib/gcc/arm-none-eabi/12.3.1/../../../../arm-none-eabi/lib/thumb/v7-m/nofp\libc_nano.a(libc_a-freer.o)
 .ARM.attributes
                0x0000052a       0x1d C:/ST/STM32CubeIDE_1.16.0/STM32CubeIDE/plugins/com.st.stm32cube.ide.mcu.externaltools.gnu-tools-for-stm32.12.3.rel1.win32_1.1.0.202410251130/tools/bin/../lib/gcc/arm-none-eabi/12.3.1/thumb/v7-m/nofp/crtn.o
OUTPUT(SteerByWireC6.elf elf32-littlearm)
LOAD linker stubs
LOAD C:/ST/STM32CubeIDE_1.16.0/STM32CubeIDE/plugins/com.st.stm32cube.ide.mcu.externaltools.gnu-tools-for-stm32.12.3.rel1.win32_1.1.0.202410251130/tools/bin/../lib/gcc/arm-none-eabi/12.3.1/../../../../arm-none-eabi/lib/thumb/v7-m/nofp\libc.a
LOAD C:/ST/STM32CubeIDE_1.16.0/STM32CubeIDE/plugins/com.st.stm32cube.ide.mcu.externaltools.gnu-tools-for-stm32.12.3.rel1.win32_1.1.0.202410251130/tools/bin/../lib/gcc/arm-none-eabi/12.3.1/../../../../arm-none-eabi/lib/thumb/v7-m/nofp\libm.a
LOAD C:/ST/STM32CubeIDE_1.16.0/STM32CubeIDE/plugins/com.st.stm32cube.ide.mcu.externaltools.gnu-tools-for-stm32.12.3.rel1.win32_1.1.0.202410251130/tools/bin/../lib/gcc/arm-none-eabi/12.3.1/thumb/v7-m/nofp\libgcc.a

.debug_info     0x00000000    0x17369
 .debug_info    0x00000000     0x78de ./Core/Src/CAN_Bus.o
 .debug_info    0x000078de      0x8c0 ./Core/Src/encoder.o
 .debug_info    0x0000819e     0x542d ./Core/Src/main.o
 .debug_info    0x0000d5cb      0xbdc ./Core/Src/motorControl.o
 .debug_info    0x0000e1a7     0x10c3 ./Core/Src/stm32f1xx_hal_msp.o
 .debug_info    0x0000f26a      0x113 ./Core/Src/stm32f1xx_it.o
 .debug_info    0x0000f37d      0x222 ./Core/Src/system_stm32f1xx.o
 .debug_info    0x0000f59f       0x30 ./Core/Startup/startup_stm32f103c6tx.o
 .debug_info    0x0000f5cf      0x71d ./Drivers/STM32F1xx_HAL_Driver/Src/stm32f1xx_hal.o
 .debug_info    0x0000fcec      0xc76 ./Drivers/STM32F1xx_HAL_Driver/Src/stm32f1xx_hal_adc.o
 .debug_info    0x00010962      0xf2a ./Drivers/STM32F1xx_HAL_Driver/Src/stm32f1xx_hal_can.o
 .debug_info    0x0001188c      0xa83 ./Drivers/STM32F1xx_HAL_Driver/Src/stm32f1xx_hal_cortex.o
 .debug_info    0x0001230f      0x5dc ./Drivers/STM32F1xx_HAL_Driver/Src/stm32f1xx_hal_gpio.o
 .debug_info    0x000128eb      0x7f0 ./Drivers/STM32F1xx_HAL_Driver/Src/stm32f1xx_hal_rcc.o
 .debug_info    0x000130db      0x3dc ./Drivers/STM32F1xx_HAL_Driver/Src/stm32f1xx_hal_rcc_ex.o
 .debug_info    0x000134b7     0x29c3 ./Drivers/STM32F1xx_HAL_Driver/Src/stm32f1xx_hal_tim.o
 .debug_info    0x00015e7a     0x14ef ./Drivers/STM32F1xx_HAL_Driver/Src/stm32f1xx_hal_tim_ex.o

.debug_abbrev   0x00000000     0x2e55
 .debug_abbrev  0x00000000      0x782 ./Core/Src/CAN_Bus.o
 .debug_abbrev  0x00000782      0x289 ./Core/Src/encoder.o
 .debug_abbrev  0x00000a0b      0x889 ./Core/Src/main.o
 .debug_abbrev  0x00001294      0x33f ./Core/Src/motorControl.o
 .debug_abbrev  0x000015d3      0x22a ./Core/Src/stm32f1xx_hal_msp.o
 .debug_abbrev  0x000017fd       0x73 ./Core/Src/stm32f1xx_it.o
 .debug_abbrev  0x00001870      0x13f ./Core/Src/system_stm32f1xx.o
 .debug_abbrev  0x000019af       0x24 ./Core/Startup/startup_stm32f103c6tx.o
 .debug_abbrev  0x000019d3      0x209 ./Drivers/STM32F1xx_HAL_Driver/Src/stm32f1xx_hal.o
 .debug_abbrev  0x00001bdc      0x225 ./Drivers/STM32F1xx_HAL_Driver/Src/stm32f1xx_hal_adc.o
 .debug_abbrev  0x00001e01      0x216 ./Drivers/STM32F1xx_HAL_Driver/Src/stm32f1xx_hal_can.o
 .debug_abbrev  0x00002017      0x2fa ./Drivers/STM32F1xx_HAL_Driver/Src/stm32f1xx_hal_cortex.o
 .debug_abbrev  0x00002311      0x1e7 ./Drivers/STM32F1xx_HAL_Driver/Src/stm32f1xx_hal_gpio.o
 .debug_abbrev  0x000024f8      0x2ad ./Drivers/STM32F1xx_HAL_Driver/Src/stm32f1xx_hal_rcc.o
 .debug_abbrev  0x000027a5      0x1a5 ./Drivers/STM32F1xx_HAL_Driver/Src/stm32f1xx_hal_rcc_ex.o
 .debug_abbrev  0x0000294a      0x28b ./Drivers/STM32F1xx_HAL_Driver/Src/stm32f1xx_hal_tim.o
 .debug_abbrev  0x00002bd5      0x280 ./Drivers/STM32F1xx_HAL_Driver/Src/stm32f1xx_hal_tim_ex.o

.debug_aranges  0x00000000     0x11f8
 .debug_aranges
                0x00000000      0x4b8 ./Core/Src/CAN_Bus.o
 .debug_aranges
                0x000004b8       0x38 ./Core/Src/encoder.o
 .debug_aranges
                0x000004f0      0x140 ./Core/Src/main.o
 .debug_aranges
                0x00000630       0x58 ./Core/Src/motorControl.o
 .debug_aranges
                0x00000688       0x68 ./Core/Src/stm32f1xx_hal_msp.o
 .debug_aranges
                0x000006f0       0x60 ./Core/Src/stm32f1xx_it.o
 .debug_aranges
                0x00000750       0x28 ./Core/Src/system_stm32f1xx.o
 .debug_aranges
                0x00000778       0x28 ./Core/Startup/startup_stm32f103c6tx.o
 .debug_aranges
                0x000007a0       0xe0 ./Drivers/STM32F1xx_HAL_Driver/Src/stm32f1xx_hal.o
 .debug_aranges
                0x00000880       0xf0 ./Drivers/STM32F1xx_HAL_Driver/Src/stm32f1xx_hal_adc.o
 .debug_aranges
                0x00000970      0x138 ./Drivers/STM32F1xx_HAL_Driver/Src/stm32f1xx_hal_can.o
 .debug_aranges
                0x00000aa8      0x100 ./Drivers/STM32F1xx_HAL_Driver/Src/stm32f1xx_hal_cortex.o
 .debug_aranges
                0x00000ba8       0x58 ./Drivers/STM32F1xx_HAL_Driver/Src/stm32f1xx_hal_gpio.o
 .debug_aranges
                0x00000c00       0x90 ./Drivers/STM32F1xx_HAL_Driver/Src/stm32f1xx_hal_rcc.o
 .debug_aranges
                0x00000c90       0x30 ./Drivers/STM32F1xx_HAL_Driver/Src/stm32f1xx_hal_rcc_ex.o
 .debug_aranges
                0x00000cc0      0x3d0 ./Drivers/STM32F1xx_HAL_Driver/Src/stm32f1xx_hal_tim.o
 .debug_aranges
                0x00001090      0x168 ./Drivers/STM32F1xx_HAL_Driver/Src/stm32f1xx_hal_tim_ex.o

.debug_rnglists
                0x00000000      0xdc4
 .debug_rnglists
                0x00000000      0x38a ./Core/Src/CAN_Bus.o
 .debug_rnglists
                0x0000038a       0x25 ./Core/Src/encoder.o
 .debug_rnglists
                0x000003af       0xf4 ./Core/Src/main.o
 .debug_rnglists
                0x000004a3       0x3f ./Core/Src/motorControl.o
 .debug_rnglists
                0x000004e2       0x4c ./Core/Src/stm32f1xx_hal_msp.o
 .debug_rnglists
                0x0000052e       0x43 ./Core/Src/stm32f1xx_it.o
 .debug_rnglists
                0x00000571       0x1a ./Core/Src/system_stm32f1xx.o
 .debug_rnglists
                0x0000058b       0x19 ./Core/Startup/startup_stm32f103c6tx.o
 .debug_rnglists
                0x000005a4       0xa3 ./Drivers/STM32F1xx_HAL_Driver/Src/stm32f1xx_hal.o
 .debug_rnglists
                0x00000647       0xbe ./Drivers/STM32F1xx_HAL_Driver/Src/stm32f1xx_hal_adc.o
 .debug_rnglists
                0x00000705       0xed ./Drivers/STM32F1xx_HAL_Driver/Src/stm32f1xx_hal_can.o
 .debug_rnglists
                0x000007f2       0xbb ./Drivers/STM32F1xx_HAL_Driver/Src/stm32f1xx_hal_cortex.o
 .debug_rnglists
                0x000008ad       0x40 ./Drivers/STM32F1xx_HAL_Driver/Src/stm32f1xx_hal_gpio.o
 .debug_rnglists
                0x000008ed       0x6e ./Drivers/STM32F1xx_HAL_Driver/Src/stm32f1xx_hal_rcc.o
 .debug_rnglists
                0x0000095b       0x21 ./Drivers/STM32F1xx_HAL_Driver/Src/stm32f1xx_hal_rcc_ex.o
 .debug_rnglists
                0x0000097c      0x321 ./Drivers/STM32F1xx_HAL_Driver/Src/stm32f1xx_hal_tim.o
 .debug_rnglists
                0x00000c9d      0x127 ./Drivers/STM32F1xx_HAL_Driver/Src/stm32f1xx_hal_tim_ex.o

.debug_macro    0x00000000    0x1af6a
 .debug_macro   0x00000000      0x3ad ./Core/Src/CAN_Bus.o
 .debug_macro   0x000003ad      0xb80 ./Core/Src/CAN_Bus.o
 .debug_macro   0x00000f2d      0x228 ./Core/Src/CAN_Bus.o
 .debug_macro   0x00001155       0x2e ./Core/Src/CAN_Bus.o
 .debug_macro   0x00001183       0x22 ./Core/Src/CAN_Bus.o
 .debug_macro   0x000011a5       0x1c ./Core/Src/CAN_Bus.o
 .debug_macro   0x000011c1       0x22 ./Core/Src/CAN_Bus.o
 .debug_macro   0x000011e3       0x8e ./Core/Src/CAN_Bus.o
 .debug_macro   0x00001271       0x51 ./Core/Src/CAN_Bus.o
 .debug_macro   0x000012c2      0x103 ./Core/Src/CAN_Bus.o
 .debug_macro   0x000013c5       0x6a ./Core/Src/CAN_Bus.o
 .debug_macro   0x0000142f      0x1df ./Core/Src/CAN_Bus.o
 .debug_macro   0x0000160e       0x1c ./Core/Src/CAN_Bus.o
 .debug_macro   0x0000162a       0x22 ./Core/Src/CAN_Bus.o
 .debug_macro   0x0000164c       0xbd ./Core/Src/CAN_Bus.o
 .debug_macro   0x00001709      0xd23 ./Core/Src/CAN_Bus.o
 .debug_macro   0x0000242c     0xde75 ./Core/Src/CAN_Bus.o
 .debug_macro   0x000102a1       0x6d ./Core/Src/CAN_Bus.o
 .debug_macro   0x0001030e     0x34a2 ./Core/Src/CAN_Bus.o
 .debug_macro   0x000137b0      0x190 ./Core/Src/CAN_Bus.o
 .debug_macro   0x00013940       0x5c ./Core/Src/CAN_Bus.o
 .debug_macro   0x0001399c      0x5bc ./Core/Src/CAN_Bus.o
 .debug_macro   0x00013f58      0x1b7 ./Core/Src/CAN_Bus.o
 .debug_macro   0x0001410f      0x1cb ./Core/Src/CAN_Bus.o
 .debug_macro   0x000142da      0x114 ./Core/Src/CAN_Bus.o
 .debug_macro   0x000143ee      0x1b2 ./Core/Src/CAN_Bus.o
 .debug_macro   0x000145a0       0x27 ./Core/Src/CAN_Bus.o
 .debug_macro   0x000145c7      0x12f ./Core/Src/CAN_Bus.o
 .debug_macro   0x000146f6      0x1bc ./Core/Src/CAN_Bus.o
 .debug_macro   0x000148b2       0x34 ./Core/Src/CAN_Bus.o
 .debug_macro   0x000148e6       0x3c ./Core/Src/CAN_Bus.o
 .debug_macro   0x00014922      0x408 ./Core/Src/CAN_Bus.o
 .debug_macro   0x00014d2a       0x57 ./Core/Src/CAN_Bus.o
 .debug_macro   0x00014d81      0x46a ./Core/Src/CAN_Bus.o
 .debug_macro   0x000151eb      0x1b5 ./Core/Src/CAN_Bus.o
 .debug_macro   0x000153a0       0x87 ./Core/Src/CAN_Bus.o
 .debug_macro   0x00015427      0x183 ./Core/Src/CAN_Bus.o
 .debug_macro   0x000155aa      0x140 ./Core/Src/CAN_Bus.o
 .debug_macro   0x000156ea      0x8ed ./Core/Src/CAN_Bus.o
 .debug_macro   0x00015fd7       0x69 ./Core/Src/CAN_Bus.o
 .debug_macro   0x00016040      0x1d6 ./Core/Src/CAN_Bus.o
 .debug_macro   0x00016216       0x10 ./Core/Src/CAN_Bus.o
 .debug_macro   0x00016226      0x417 ./Core/Src/CAN_Bus.o
 .debug_macro   0x0001663d       0x1c ./Core/Src/CAN_Bus.o
 .debug_macro   0x00016659       0x18 ./Core/Src/CAN_Bus.o
 .debug_macro   0x00016671       0x4f ./Core/Src/CAN_Bus.o
 .debug_macro   0x000166c0       0x41 ./Core/Src/CAN_Bus.o
 .debug_macro   0x00016701       0x1f ./Core/Src/CAN_Bus.o
 .debug_macro   0x00016720       0x18 ./Core/Src/CAN_Bus.o
 .debug_macro   0x00016738       0x19 ./Core/Src/CAN_Bus.o
 .debug_macro   0x00016751       0x28 ./Core/Src/CAN_Bus.o
 .debug_macro   0x00016779       0x2e ./Core/Src/CAN_Bus.o
 .debug_macro   0x000167a7       0x19 ./Core/Src/CAN_Bus.o
 .debug_macro   0x000167c0       0x88 ./Core/Src/CAN_Bus.o
 .debug_macro   0x00016848       0x19 ./Core/Src/CAN_Bus.o
 .debug_macro   0x00016861       0x2c ./Core/Src/CAN_Bus.o
 .debug_macro   0x0001688d       0x11 ./Core/Src/CAN_Bus.o
 .debug_macro   0x0001689e       0x10 ./Core/Src/CAN_Bus.o
 .debug_macro   0x000168ae       0x11 ./Core/Src/CAN_Bus.o
 .debug_macro   0x000168bf       0x27 ./Core/Src/CAN_Bus.o
 .debug_macro   0x000168e6       0x11 ./Core/Src/CAN_Bus.o
 .debug_macro   0x000168f7       0x11 ./Core/Src/CAN_Bus.o
 .debug_macro   0x00016908       0x1c ./Core/Src/CAN_Bus.o
 .debug_macro   0x00016924       0x26 ./Core/Src/CAN_Bus.o
 .debug_macro   0x0001694a      0x306 ./Core/Src/encoder.o
 .debug_macro   0x00016c50       0x61 ./Core/Src/encoder.o
 .debug_macro   0x00016cb1       0x24 ./Core/Src/encoder.o
 .debug_macro   0x00016cd5       0x43 ./Core/Src/encoder.o
 .debug_macro   0x00016d18       0x34 ./Core/Src/encoder.o
 .debug_macro   0x00016d4c       0x16 ./Core/Src/encoder.o
 .debug_macro   0x00016d62       0x43 ./Core/Src/encoder.o
 .debug_macro   0x00016da5       0x34 ./Core/Src/encoder.o
 .debug_macro   0x00016dd9       0x10 ./Core/Src/encoder.o
 .debug_macro   0x00016de9       0x58 ./Core/Src/encoder.o
 .debug_macro   0x00016e41       0x8e ./Core/Src/encoder.o
 .debug_macro   0x00016ecf       0x16 ./Core/Src/encoder.o
 .debug_macro   0x00016ee5      0x177 ./Core/Src/encoder.o
 .debug_macro   0x0001705c      0x38c ./Core/Src/encoder.o
 .debug_macro   0x000173e8      0x194 ./Core/Src/encoder.o
 .debug_macro   0x0001757c       0x10 ./Core/Src/encoder.o
 .debug_macro   0x0001758c       0x16 ./Core/Src/encoder.o
 .debug_macro   0x000175a2       0x35 ./Core/Src/encoder.o
 .debug_macro   0x000175d7       0x16 ./Core/Src/encoder.o
 .debug_macro   0x000175ed       0x29 ./Core/Src/encoder.o
 .debug_macro   0x00017616       0x10 ./Core/Src/encoder.o
 .debug_macro   0x00017626      0x3c7 ./Core/Src/encoder.o
 .debug_macro   0x000179ed      0x3c5 ./Core/Src/main.o
 .debug_macro   0x00017db2      0x2fc ./Core/Src/motorControl.o
 .debug_macro   0x000180ae      0x1bf ./Core/Src/stm32f1xx_hal_msp.o
 .debug_macro   0x0001826d      0xaa8 ./Core/Src/stm32f1xx_hal_msp.o
 .debug_macro   0x00018d15      0xd23 ./Core/Src/stm32f1xx_hal_msp.o
 .debug_macro   0x00019a38      0x189 ./Core/Src/stm32f1xx_hal_msp.o
 .debug_macro   0x00019bc1      0x1c9 ./Core/Src/stm32f1xx_it.o
 .debug_macro   0x00019d8a      0x1b5 ./Core/Src/system_stm32f1xx.o
 .debug_macro   0x00019f3f      0x1d9 ./Drivers/STM32F1xx_HAL_Driver/Src/stm32f1xx_hal.o
 .debug_macro   0x0001a118      0x1d2 ./Drivers/STM32F1xx_HAL_Driver/Src/stm32f1xx_hal_adc.o
 .debug_macro   0x0001a2ea      0x1c4 ./Drivers/STM32F1xx_HAL_Driver/Src/stm32f1xx_hal_can.o
 .debug_macro   0x0001a4ae      0x1b5 ./Drivers/STM32F1xx_HAL_Driver/Src/stm32f1xx_hal_cortex.o
 .debug_macro   0x0001a663      0x220 ./Drivers/STM32F1xx_HAL_Driver/Src/stm32f1xx_hal_gpio.o
 .debug_macro   0x0001a883      0x1c7 ./Drivers/STM32F1xx_HAL_Driver/Src/stm32f1xx_hal_rcc.o
 .debug_macro   0x0001aa4a      0x1b5 ./Drivers/STM32F1xx_HAL_Driver/Src/stm32f1xx_hal_rcc_ex.o
 .debug_macro   0x0001abff      0x1b6 ./Drivers/STM32F1xx_HAL_Driver/Src/stm32f1xx_hal_tim.o
 .debug_macro   0x0001adb5      0x1b5 ./Drivers/STM32F1xx_HAL_Driver/Src/stm32f1xx_hal_tim_ex.o

.debug_line     0x00000000    0x13717
 .debug_line    0x00000000     0x2419 ./Core/Src/CAN_Bus.o
 .debug_line    0x00002419      0xdc0 ./Core/Src/encoder.o
 .debug_line    0x000031d9     0x179a ./Core/Src/main.o
 .debug_line    0x00004973      0xeb8 ./Core/Src/motorControl.o
 .debug_line    0x0000582b      0x8c0 ./Core/Src/stm32f1xx_hal_msp.o
 .debug_line    0x000060eb      0x7f1 ./Core/Src/stm32f1xx_it.o
 .debug_line    0x000068dc      0x7ab ./Core/Src/system_stm32f1xx.o
 .debug_line    0x00007087       0x78 ./Core/Startup/startup_stm32f103c6tx.o
 .debug_line    0x000070ff      0x9ec ./Drivers/STM32F1xx_HAL_Driver/Src/stm32f1xx_hal.o
 .debug_line    0x00007aeb     0x1329 ./Drivers/STM32F1xx_HAL_Driver/Src/stm32f1xx_hal_adc.o
 .debug_line    0x00008e14     0x13d4 ./Drivers/STM32F1xx_HAL_Driver/Src/stm32f1xx_hal_can.o
 .debug_line    0x0000a1e8      0xc51 ./Drivers/STM32F1xx_HAL_Driver/Src/stm32f1xx_hal_cortex.o
 .debug_line    0x0000ae39      0xba8 ./Drivers/STM32F1xx_HAL_Driver/Src/stm32f1xx_hal_gpio.o
 .debug_line    0x0000b9e1      0xfb6 ./Drivers/STM32F1xx_HAL_Driver/Src/stm32f1xx_hal_rcc.o
 .debug_line    0x0000c997      0x984 ./Drivers/STM32F1xx_HAL_Driver/Src/stm32f1xx_hal_rcc_ex.o
 .debug_line    0x0000d31b     0x475a ./Drivers/STM32F1xx_HAL_Driver/Src/stm32f1xx_hal_tim.o
 .debug_line    0x00011a75     0x1ca2 ./Drivers/STM32F1xx_HAL_Driver/Src/stm32f1xx_hal_tim_ex.o

.debug_str      0x00000000    0x98692
 .debug_str     0x00000000    0x909d5 ./Core/Src/CAN_Bus.o
                              0x9115d (size before relaxing)
 .debug_str     0x000909d5     0x4346 ./Core/Src/encoder.o
                              0x8c804 (size before relaxing)
 .debug_str     0x00094d1b      0xdfa ./Core/Src/main.o
                              0x8f565 (size before relaxing)
 .debug_str     0x00095b15       0xa2 ./Core/Src/motorControl.o
                              0x8cae7 (size before relaxing)
 .debug_str     0x00095bb7      0x2ff ./Core/Src/stm32f1xx_hal_msp.o
                              0x86c5c (size before relaxing)
 .debug_str     0x00095eb6       0xc9 ./Core/Src/stm32f1xx_it.o
                              0x86312 (size before relaxing)
 .debug_str     0x00095f7f       0x7e ./Core/Src/system_stm32f1xx.o
                              0x86326 (size before relaxing)
 .debug_str     0x00095ffd       0x44 ./Core/Startup/startup_stm32f103c6tx.o
                                 0x8c (size before relaxing)
 .debug_str     0x00096041      0x5cd ./Drivers/STM32F1xx_HAL_Driver/Src/stm32f1xx_hal.o
                              0x86a3f (size before relaxing)
 .debug_str     0x0009660e      0x3a0 ./Drivers/STM32F1xx_HAL_Driver/Src/stm32f1xx_hal_adc.o
                              0x86a18 (size before relaxing)
 .debug_str     0x000969ae      0x3ea ./Drivers/STM32F1xx_HAL_Driver/Src/stm32f1xx_hal_can.o
                              0x86b3c (size before relaxing)
 .debug_str     0x00096d98      0x289 ./Drivers/STM32F1xx_HAL_Driver/Src/stm32f1xx_hal_cortex.o
                              0x86979 (size before relaxing)
 .debug_str     0x00097021      0x2d3 ./Drivers/STM32F1xx_HAL_Driver/Src/stm32f1xx_hal_gpio.o
                              0x866cc (size before relaxing)
 .debug_str     0x000972f4      0x229 ./Drivers/STM32F1xx_HAL_Driver/Src/stm32f1xx_hal_rcc.o
                              0x86763 (size before relaxing)
 .debug_str     0x0009751d       0x84 ./Drivers/STM32F1xx_HAL_Driver/Src/stm32f1xx_hal_rcc_ex.o
                              0x864b3 (size before relaxing)
 .debug_str     0x000975a1      0xd10 ./Drivers/STM32F1xx_HAL_Driver/Src/stm32f1xx_hal_tim.o
                              0x87777 (size before relaxing)
 .debug_str     0x000982b1      0x3e1 ./Drivers/STM32F1xx_HAL_Driver/Src/stm32f1xx_hal_tim_ex.o
                              0x86f83 (size before relaxing)

.comment        0x00000000       0x43
 .comment       0x00000000       0x43 ./Core/Src/CAN_Bus.o
                                 0x44 (size before relaxing)
 .comment       0x00000043       0x44 ./Core/Src/encoder.o
 .comment       0x00000043       0x44 ./Core/Src/main.o
 .comment       0x00000043       0x44 ./Core/Src/motorControl.o
 .comment       0x00000043       0x44 ./Core/Src/stm32f1xx_hal_msp.o
 .comment       0x00000043       0x44 ./Core/Src/stm32f1xx_it.o
 .comment       0x00000043       0x44 ./Core/Src/system_stm32f1xx.o
 .comment       0x00000043       0x44 ./Drivers/STM32F1xx_HAL_Driver/Src/stm32f1xx_hal.o
 .comment       0x00000043       0x44 ./Drivers/STM32F1xx_HAL_Driver/Src/stm32f1xx_hal_adc.o
 .comment       0x00000043       0x44 ./Drivers/STM32F1xx_HAL_Driver/Src/stm32f1xx_hal_can.o
 .comment       0x00000043       0x44 ./Drivers/STM32F1xx_HAL_Driver/Src/stm32f1xx_hal_cortex.o
 .comment       0x00000043       0x44 ./Drivers/STM32F1xx_HAL_Driver/Src/stm32f1xx_hal_gpio.o
 .comment       0x00000043       0x44 ./Drivers/STM32F1xx_HAL_Driver/Src/stm32f1xx_hal_rcc.o
 .comment       0x00000043       0x44 ./Drivers/STM32F1xx_HAL_Driver/Src/stm32f1xx_hal_rcc_ex.o
 .comment       0x00000043       0x44 ./Drivers/STM32F1xx_HAL_Driver/Src/stm32f1xx_hal_tim.o
 .comment       0x00000043       0x44 ./Drivers/STM32F1xx_HAL_Driver/Src/stm32f1xx_hal_tim_ex.o

.debug_frame    0x00000000     0x4fe8
 .debug_frame   0x00000000     0x15dc ./Core/Src/CAN_Bus.o
 .debug_frame   0x000015dc       0xa8 ./Core/Src/encoder.o
 .debug_frame   0x00001684      0x55c ./Core/Src/main.o
 .debug_frame   0x00001be0      0x144 ./Core/Src/motorControl.o
 .debug_frame   0x00001d24      0x17c ./Core/Src/stm32f1xx_hal_msp.o
 .debug_frame   0x00001ea0      0x104 ./Core/Src/stm32f1xx_it.o
 .debug_frame   0x00001fa4       0x58 ./Core/Src/system_stm32f1xx.o
 .debug_frame   0x00001ffc      0x334 ./Drivers/STM32F1xx_HAL_Driver/Src/stm32f1xx_hal.o
 .debug_frame   0x00002330      0x408 ./Drivers/STM32F1xx_HAL_Driver/Src/stm32f1xx_hal_adc.o
 .debug_frame   0x00002738      0x58c ./Drivers/STM32F1xx_HAL_Driver/Src/stm32f1xx_hal_can.o
 .debug_frame   0x00002cc4      0x424 ./Drivers/STM32F1xx_HAL_Driver/Src/stm32f1xx_hal_cortex.o
 .debug_frame   0x000030e8      0x138 ./Drivers/STM32F1xx_HAL_Driver/Src/stm32f1xx_hal_gpio.o
 .debug_frame   0x00003220      0x214 ./Drivers/STM32F1xx_HAL_Driver/Src/stm32f1xx_hal_rcc.o
 .debug_frame   0x00003434       0x80 ./Drivers/STM32F1xx_HAL_Driver/Src/stm32f1xx_hal_rcc_ex.o
 .debug_frame   0x000034b4     0x11a8 ./Drivers/STM32F1xx_HAL_Driver/Src/stm32f1xx_hal_tim.o
 .debug_frame   0x0000465c      0x624 ./Drivers/STM32F1xx_HAL_Driver/Src/stm32f1xx_hal_tim_ex.o
 .debug_frame   0x00004c80       0x20 C:/ST/STM32CubeIDE_1.16.0/STM32CubeIDE/plugins/com.st.stm32cube.ide.mcu.externaltools.gnu-tools-for-stm32.12.3.rel1.win32_1.1.0.202410251130/tools/bin/../lib/gcc/arm-none-eabi/12.3.1/../../../../arm-none-eabi/lib/thumb/v7-m/nofp\libstdc++_nano.a(del_ops.o)
 .debug_frame   0x00004ca0       0x20 C:/ST/STM32CubeIDE_1.16.0/STM32CubeIDE/plugins/com.st.stm32cube.ide.mcu.externaltools.gnu-tools-for-stm32.12.3.rel1.win32_1.1.0.202410251130/tools/bin/../lib/gcc/arm-none-eabi/12.3.1/../../../../arm-none-eabi/lib/thumb/v7-m/nofp\libstdc++_nano.a(del_op.o)
 .debug_frame   0x00004cc0       0x30 C:/ST/STM32CubeIDE_1.16.0/STM32CubeIDE/plugins/com.st.stm32cube.ide.mcu.externaltools.gnu-tools-for-stm32.12.3.rel1.win32_1.1.0.202410251130/tools/bin/../lib/gcc/arm-none-eabi/12.3.1/../../../../arm-none-eabi/lib/thumb/v7-m/nofp\libc_nano.a(libc_a-malloc.o)
 .debug_frame   0x00004cf0       0x50 C:/ST/STM32CubeIDE_1.16.0/STM32CubeIDE/plugins/com.st.stm32cube.ide.mcu.externaltools.gnu-tools-for-stm32.12.3.rel1.win32_1.1.0.202410251130/tools/bin/../lib/gcc/arm-none-eabi/12.3.1/../../../../arm-none-eabi/lib/thumb/v7-m/nofp\libc_nano.a(libc_a-mallocr.o)
 .debug_frame   0x00004d40       0x30 C:/ST/STM32CubeIDE_1.16.0/STM32CubeIDE/plugins/com.st.stm32cube.ide.mcu.externaltools.gnu-tools-for-stm32.12.3.rel1.win32_1.1.0.202410251130/tools/bin/../lib/gcc/arm-none-eabi/12.3.1/../../../../arm-none-eabi/lib/thumb/v7-m/nofp\libc_nano.a(libc_a-mlock.o)
 .debug_frame   0x00004d70      0x144 C:/ST/STM32CubeIDE_1.16.0/STM32CubeIDE/plugins/com.st.stm32cube.ide.mcu.externaltools.gnu-tools-for-stm32.12.3.rel1.win32_1.1.0.202410251130/tools/bin/../lib/gcc/arm-none-eabi/12.3.1/../../../../arm-none-eabi/lib/thumb/v7-m/nofp\libc_nano.a(libc_a-findfp.o)
 .debug_frame   0x00004eb4       0x20 C:/ST/STM32CubeIDE_1.16.0/STM32CubeIDE/plugins/com.st.stm32cube.ide.mcu.externaltools.gnu-tools-for-stm32.12.3.rel1.win32_1.1.0.202410251130/tools/bin/../lib/gcc/arm-none-eabi/12.3.1/../../../../arm-none-eabi/lib/thumb/v7-m/nofp\libc_nano.a(libc_a-memset.o)
 .debug_frame   0x00004ed4       0x2c C:/ST/STM32CubeIDE_1.16.0/STM32CubeIDE/plugins/com.st.stm32cube.ide.mcu.externaltools.gnu-tools-for-stm32.12.3.rel1.win32_1.1.0.202410251130/tools/bin/../lib/gcc/arm-none-eabi/12.3.1/../../../../arm-none-eabi/lib/thumb/v7-m/nofp\libc_nano.a(libc_a-init.o)
 .debug_frame   0x00004f00       0xb0 C:/ST/STM32CubeIDE_1.16.0/STM32CubeIDE/plugins/com.st.stm32cube.ide.mcu.externaltools.gnu-tools-for-stm32.12.3.rel1.win32_1.1.0.202410251130/tools/bin/../lib/gcc/arm-none-eabi/12.3.1/../../../../arm-none-eabi/lib/thumb/v7-m/nofp\libc_nano.a(libc_a-lock.o)
 .debug_frame   0x00004fb0       0x38 C:/ST/STM32CubeIDE_1.16.0/STM32CubeIDE/plugins/com.st.stm32cube.ide.mcu.externaltools.gnu-tools-for-stm32.12.3.rel1.win32_1.1.0.202410251130/tools/bin/../lib/gcc/arm-none-eabi/12.3.1/../../../../arm-none-eabi/lib/thumb/v7-m/nofp\libc_nano.a(libc_a-freer.o)

.debug_line_str
                0x00000000       0x70
 .debug_line_str
                0x00000000       0x70 ./Core/Startup/startup_stm32f103c6tx.o
