../Core/Src/main.cpp:86:6:void HAL_CAN_RxFifo0MsgPendingCallback(CAN_HandleTypeDef*)	8	static,ignoring_inline_asm
../Core/Src/main.cpp:102:6:void check_CAN_errors(CAN_HandleTypeDef*, CAN_ErrorFlags*)	8	static
../Core/Src/main.cpp:233:6:void SystemClock_Config()	88	static,ignoring_inline_asm
../Core/Src/main.cpp:152:5:int main()	160	static,ignoring_inline_asm
../Core/Src/main.cpp:521:6:void Error_Handler()	0	static,ignoring_inline_asm
../Core/Src/main.cpp:530:1:cpp)	0	static
../Core/Src/main.cpp:530:1:cpp)	8	static
