../Core/Src/main.cpp:73:5:int main()	16	static
../Core/Src/main.cpp:124:6:void SystemClock_Config()	88	static
../Core/Src/main.cpp:168:13:void MX_ADC1_Init()	24	static
../Core/Src/main.cpp:215:13:void MX_CAN_Init()	8	static
../Core/Src/main.cpp:252:13:void MX_TIM1_Init()	80	static
../Core/Src/main.cpp:325:13:void MX_TIM2_Init()	80	static
../Core/Src/main.cpp:388:13:void MX_TIM3_Init()	56	static
../Core/Src/main.cpp:437:13:void MX_GPIO_Init()	40	static
../Core/Src/main.cpp:470:6:void Error_Handler()	4	static,ignoring_inline_asm
