../Core/Src/motorControl.cpp:12:1:MotorControl::MotorControl(TIM_HandleTypeDef*, uint32_t)	0	static
../Core/Src/motorControl.cpp:17:6:void MotorControl::start()	0	static
../Core/Src/motorControl.cpp:22:6:void MotorControl::setDutyCycle(uint16_t)	0	static
../Core/Src/motorControl.cpp:26:6:void MotorControl::toggleDirection()	0	static
../Core/Src/motorControl.cpp:31:9:int16_t MotorControl::calculatePID(uint16_t, uint16_t)	24	static
../Core/Src/motorControl.cpp:60:6:void MotorControl::steerToAngle(uint16_t, uint16_t)	16	static
../Core/Src/motorControl.cpp:80:6:bool MotorControl::isTargetReached(uint16_t, uint16_t)	8	static
