../Core/Src/stm32f1xx_hal_msp.c:66:6:HAL_MspInit	8	static
../Core/Src/stm32f1xx_hal_msp.c:93:6:HAL_ADC_MspInit	32	static
../Core/Src/stm32f1xx_hal_msp.c:126:6:HAL_ADC_MspDeInit	0	static
../Core/Src/stm32f1xx_hal_msp.c:154:6:HAL_CAN_MspInit	32	static
../Core/Src/stm32f1xx_hal_msp.c:201:6:HAL_CAN_MspDeInit	8	static
../Core/Src/stm32f1xx_hal_msp.c:233:6:HAL_TIM_PWM_MspInit	40	static
../Core/Src/stm32f1xx_hal_msp.c:272:6:HAL_TIM_MspPostInit	32	static
../Core/Src/stm32f1xx_hal_msp.c:320:6:HAL_TIM_PWM_MspDeInit	0	static
