Archive member included to satisfy reference by file (symbol)

C:/ST/STM32CubeIDE_1.16.0/STM32CubeIDE/plugins/com.st.stm32cube.ide.mcu.externaltools.gnu-tools-for-stm32.12.3.rel1.win32_1.1.0.202410251130/tools/bin/../lib/gcc/arm-none-eabi/12.3.1/../../../../arm-none-eabi/lib/thumb/v7-m/nofp\libstdc++_nano.a(del_ops.o)
                              ./Core/Src/CAN_Bus.o (operator delete(void*, unsigned int))
C:/ST/STM32CubeIDE_1.16.0/STM32CubeIDE/plugins/com.st.stm32cube.ide.mcu.externaltools.gnu-tools-for-stm32.12.3.rel1.win32_1.1.0.202410251130/tools/bin/../lib/gcc/arm-none-eabi/12.3.1/../../../../arm-none-eabi/lib/thumb/v7-m/nofp\libstdc++_nano.a(new_op.o)
                              ./Core/Src/CAN_Bus.o (operator new(unsigned int))
C:/ST/STM32CubeIDE_1.16.0/STM32CubeIDE/plugins/com.st.stm32cube.ide.mcu.externaltools.gnu-tools-for-stm32.12.3.rel1.win32_1.1.0.202410251130/tools/bin/../lib/gcc/arm-none-eabi/12.3.1/../../../../arm-none-eabi/lib/thumb/v7-m/nofp\libstdc++_nano.a(functexcept.o)
                              ./Core/Src/CAN_Bus.o (std::__throw_bad_alloc())
C:/ST/STM32CubeIDE_1.16.0/STM32CubeIDE/plugins/com.st.stm32cube.ide.mcu.externaltools.gnu-tools-for-stm32.12.3.rel1.win32_1.1.0.202410251130/tools/bin/../lib/gcc/arm-none-eabi/12.3.1/../../../../arm-none-eabi/lib/thumb/v7-m/nofp\libstdc++_nano.a(del_op.o)
                              C:/ST/STM32CubeIDE_1.16.0/STM32CubeIDE/plugins/com.st.stm32cube.ide.mcu.externaltools.gnu-tools-for-stm32.12.3.rel1.win32_1.1.0.202410251130/tools/bin/../lib/gcc/arm-none-eabi/12.3.1/../../../../arm-none-eabi/lib/thumb/v7-m/nofp\libstdc++_nano.a(del_ops.o) (operator delete(void*))
C:/ST/STM32CubeIDE_1.16.0/STM32CubeIDE/plugins/com.st.stm32cube.ide.mcu.externaltools.gnu-tools-for-stm32.12.3.rel1.win32_1.1.0.202410251130/tools/bin/../lib/gcc/arm-none-eabi/12.3.1/../../../../arm-none-eabi/lib/thumb/v7-m/nofp\libstdc++_nano.a(new_handler.o)
                              C:/ST/STM32CubeIDE_1.16.0/STM32CubeIDE/plugins/com.st.stm32cube.ide.mcu.externaltools.gnu-tools-for-stm32.12.3.rel1.win32_1.1.0.202410251130/tools/bin/../lib/gcc/arm-none-eabi/12.3.1/../../../../arm-none-eabi/lib/thumb/v7-m/nofp\libstdc++_nano.a(new_op.o) (std::get_new_handler())
C:/ST/STM32CubeIDE_1.16.0/STM32CubeIDE/plugins/com.st.stm32cube.ide.mcu.externaltools.gnu-tools-for-stm32.12.3.rel1.win32_1.1.0.202410251130/tools/bin/../lib/gcc/arm-none-eabi/12.3.1/../../../../arm-none-eabi/lib/thumb/v7-m/nofp\libc_nano.a(libc_a-abort.o)
                              C:/ST/STM32CubeIDE_1.16.0/STM32CubeIDE/plugins/com.st.stm32cube.ide.mcu.externaltools.gnu-tools-for-stm32.12.3.rel1.win32_1.1.0.202410251130/tools/bin/../lib/gcc/arm-none-eabi/12.3.1/../../../../arm-none-eabi/lib/thumb/v7-m/nofp\libstdc++_nano.a(new_op.o) (abort)
C:/ST/STM32CubeIDE_1.16.0/STM32CubeIDE/plugins/com.st.stm32cube.ide.mcu.externaltools.gnu-tools-for-stm32.12.3.rel1.win32_1.1.0.202410251130/tools/bin/../lib/gcc/arm-none-eabi/12.3.1/../../../../arm-none-eabi/lib/thumb/v7-m/nofp\libc_nano.a(libc_a-exit.o)
                              C:/ST/STM32CubeIDE_1.16.0/STM32CubeIDE/plugins/com.st.stm32cube.ide.mcu.externaltools.gnu-tools-for-stm32.12.3.rel1.win32_1.1.0.202410251130/tools/bin/../lib/gcc/arm-none-eabi/12.3.1/../../../../arm-none-eabi/lib/thumb/v7-m/nofp/crt0.o (exit)
C:/ST/STM32CubeIDE_1.16.0/STM32CubeIDE/plugins/com.st.stm32cube.ide.mcu.externaltools.gnu-tools-for-stm32.12.3.rel1.win32_1.1.0.202410251130/tools/bin/../lib/gcc/arm-none-eabi/12.3.1/../../../../arm-none-eabi/lib/thumb/v7-m/nofp\libc_nano.a(libc_a-malloc.o)
                              C:/ST/STM32CubeIDE_1.16.0/STM32CubeIDE/plugins/com.st.stm32cube.ide.mcu.externaltools.gnu-tools-for-stm32.12.3.rel1.win32_1.1.0.202410251130/tools/bin/../lib/gcc/arm-none-eabi/12.3.1/../../../../arm-none-eabi/lib/thumb/v7-m/nofp\libstdc++_nano.a(new_op.o) (malloc)
C:/ST/STM32CubeIDE_1.16.0/STM32CubeIDE/plugins/com.st.stm32cube.ide.mcu.externaltools.gnu-tools-for-stm32.12.3.rel1.win32_1.1.0.202410251130/tools/bin/../lib/gcc/arm-none-eabi/12.3.1/../../../../arm-none-eabi/lib/thumb/v7-m/nofp\libc_nano.a(libc_a-mallocr.o)
                              C:/ST/STM32CubeIDE_1.16.0/STM32CubeIDE/plugins/com.st.stm32cube.ide.mcu.externaltools.gnu-tools-for-stm32.12.3.rel1.win32_1.1.0.202410251130/tools/bin/../lib/gcc/arm-none-eabi/12.3.1/../../../../arm-none-eabi/lib/thumb/v7-m/nofp\libc_nano.a(libc_a-malloc.o) (_malloc_r)
C:/ST/STM32CubeIDE_1.16.0/STM32CubeIDE/plugins/com.st.stm32cube.ide.mcu.externaltools.gnu-tools-for-stm32.12.3.rel1.win32_1.1.0.202410251130/tools/bin/../lib/gcc/arm-none-eabi/12.3.1/../../../../arm-none-eabi/lib/thumb/v7-m/nofp\libc_nano.a(libc_a-mlock.o)
                              C:/ST/STM32CubeIDE_1.16.0/STM32CubeIDE/plugins/com.st.stm32cube.ide.mcu.externaltools.gnu-tools-for-stm32.12.3.rel1.win32_1.1.0.202410251130/tools/bin/../lib/gcc/arm-none-eabi/12.3.1/../../../../arm-none-eabi/lib/thumb/v7-m/nofp\libc_nano.a(libc_a-mallocr.o) (__malloc_lock)
[...]
Memory Configuration

Name             Origin             Length             Attributes
RAM              0x20000000         0x00002800         xrw
FLASH            0x08000000         0x00008000         xr
*default*        0x00000000         0xffffffff

Linker script and memory map

LOAD C:/ST/STM32CubeIDE_1.16.0/STM32CubeIDE/plugins/com.st.stm32cube.ide.mcu.externaltools.gnu-tools-for-stm32.12.3.rel1.win32_1.1.0.202410251130/tools/bin/../lib/gcc/arm-none-eabi/12.3.1/thumb/v7-m/nofp/crti.o
LOAD C:/ST/STM32CubeIDE_1.16.0/STM32CubeIDE/plugins/com.st.stm32cube.ide.mcu.externaltools.gnu-tools-for-stm32.12.3.rel1.win32_1.1.0.202410251130/tools/bin/../lib/gcc/arm-none-eabi/12.3.1/thumb/v7-m/nofp/crtbegin.o
LOAD C:/ST/STM32CubeIDE_1.16.0/STM32CubeIDE/plugins/com.st.stm32cube.ide.mcu.externaltools.gnu-tools-for-stm32.12.3.rel1.win32_1.1.0.202410251130/tools/bin/../lib/gcc/arm-none-eabi/12.3.1/../../../../arm-none-eabi/lib/thumb/v7-m/nofp/crt0.o
LOAD ./Core/Src/CAN_Bus.o
LOAD ./Core/Src/encoder.o
LOAD ./Core/Src/main.o
LOAD ./Core/Src/motorControl.o
LOAD ./Core/Src/stm32f1xx_hal_msp.o
LOAD ./Core/Src/stm32f1xx_it.o
LOAD ./Core/Src/syscalls.o
LOAD ./Core/Src/sysmem.o
LOAD ./Core/Src/system_stm32f1xx.o
LOAD ./Core/Startup/startup_stm32f103c6tx.o
LOAD ./Drivers/STM32F1xx_HAL_Driver/Src/stm32f1xx_hal.o
LOAD ./Drivers/STM32F1xx_HAL_Driver/Src/stm32f1xx_hal_can.o
LOAD ./Drivers/STM32F1xx_HAL_Driver/Src/stm32f1xx_hal_cortex.o
LOAD ./Drivers/STM32F1xx_HAL_Driver/Src/stm32f1xx_hal_dma.o
LOAD ./Drivers/STM32F1xx_HAL_Driver/Src/stm32f1xx_hal_exti.o
LOAD ./Drivers/STM32F1xx_HAL_Driver/Src/stm32f1xx_hal_flash.o
LOAD ./Drivers/STM32F1xx_HAL_Driver/Src/stm32f1xx_hal_flash_ex.o
LOAD ./Drivers/STM32F1xx_HAL_Driver/Src/stm32f1xx_hal_gpio.o
LOAD ./Drivers/STM32F1xx_HAL_Driver/Src/stm32f1xx_hal_gpio_ex.o
LOAD ./Drivers/STM32F1xx_HAL_Driver/Src/stm32f1xx_hal_pwr.o
LOAD ./Drivers/STM32F1xx_HAL_Driver/Src/stm32f1xx_hal_rcc.o
LOAD ./Drivers/STM32F1xx_HAL_Driver/Src/stm32f1xx_hal_rcc_ex.o
LOAD ./Drivers/STM32F1xx_HAL_Driver/Src/stm32f1xx_hal_tim.o
LOAD ./Drivers/STM32F1xx_HAL_Driver/Src/stm32f1xx_hal_tim_ex.o
START GROUP
LOAD C:/ST/STM32CubeIDE_1.16.0/STM32CubeIDE/plugins/com.st.stm32cube.ide.mcu.externaltools.gnu-tools-for-stm32.12.3.rel1.win32_1.1.0.202410251130/tools/bin/../lib/gcc/arm-none-eabi/12.3.1/../../../../arm-none-eabi/lib/thumb/v7-m/nofp\libstdc++_nano.a
LOAD C:/ST/STM32CubeIDE_1.16.0/STM32CubeIDE/plugins/com.st.stm32cube.ide.mcu.externaltools.gnu-tools-for-stm32.12.3.rel1.win32_1.1.0.202410251130/tools/bin/../lib/gcc/arm-none-eabi/12.3.1/../../../../arm-none-eabi/lib/thumb/v7-m/nofp\libsupc++_nano.a
END GROUP
LOAD C:/ST/STM32CubeIDE_1.16.0/STM32CubeIDE/plugins/com.st.stm32cube.ide.mcu.externaltools.gnu-tools-for-stm32.12.3.rel1.win32_1.1.0.202410251130/tools/bin/../lib/gcc/arm-none-eabi/12.3.1/../../../../arm-none-eabi/lib/thumb/v7-m/nofp\libstdc++_nano.a
LOAD C:/ST/STM32CubeIDE_1.16.0/STM32CubeIDE/plugins/com.st.stm32cube.ide.mcu.externaltools.gnu-tools-for-stm32.12.3.rel1.win32_1.1.0.202410251130/tools/bin/../lib/gcc/arm-none-eabi/12.3.1/../../../../arm-none-eabi/lib/thumb/v7-m/nofp\libm.a
LOAD C:/ST/STM32CubeIDE_1.16.0/STM32CubeIDE/plugins/com.st.stm32cube.ide.mcu.externaltools.gnu-tools-for-stm32.12.3.rel1.win32_1.1.0.202410251130/tools/bin/../lib/gcc/arm-none-eabi/12.3.1/../../../../arm-none-eabi/lib/thumb/v7-m/nofp\libc_nano.a
START GROUP
LOAD C:/ST/STM32CubeIDE_1.16.0/STM32CubeIDE/plugins/com.st.stm32cube.ide.mcu.externaltools.gnu-tools-for-stm32.12.3.rel1.win32_1.1.0.202410251130/tools/bin/../lib/gcc/arm-none-eabi/12.3.1/thumb/v7-m/nofp\libgcc.a
LOAD C:/ST/STM32CubeIDE_1.16.0/STM32CubeIDE/plugins/com.st.stm32cube.ide.mcu.externaltools.gnu-tools-for-stm32.12.3.rel1.win32_1.1.0.202410251130/tools/bin/../lib/gcc/arm-none-eabi/12.3.1/../../../../arm-none-eabi/lib/thumb/v7-m/nofp\libc_nano.a
END GROUP
START GROUP
LOAD C:/ST/STM32CubeIDE_1.16.0/STM32CubeIDE/plugins/com.st.stm32cube.ide.mcu.externaltools.gnu-tools-for-stm32.12.3.rel1.win32_1.1.0.202410251130/tools/bin/../lib/gcc/arm-none-eabi/12.3.1/thumb/v7-m/nofp\libgcc.a
LOAD C:/ST/STM32CubeIDE_1.16.0/STM32CubeIDE/plugins/com.st.stm32cube.ide.mcu.externaltools.gnu-tools-for-stm32.12.3.rel1.win32_1.1.0.202410251130/tools/bin/../lib/gcc/arm-none-eabi/12.3.1/../../../../arm-none-eabi/lib/thumb/v7-m/nofp\libc_nano.a
LOAD C:/ST/STM32CubeIDE_1.16.0/STM32CubeIDE/plugins/com.st.stm32cube.ide.mcu.externaltools.gnu-tools-for-stm32.12.3.rel1.win32_1.1.0.202410251130/tools/bin/../lib/gcc/arm-none-eabi/12.3.1/../../../../arm-none-eabi/lib/thumb/v7-m/nofp\libnosys.a
END GROUP
START GROUP
LOAD C:/ST/STM32CubeIDE_1.16.0/STM32CubeIDE/plugins/com.st.stm32cube.ide.mcu.externaltools.gnu-tools-for-stm32.12.3.rel1.win32_1.1.0.202410251130/tools/bin/../lib/gcc/arm-none-eabi/12.3.1/thumb/v7-m/nofp\libgcc.a
LOAD C:/ST/STM32CubeIDE_1.16.0/STM32CubeIDE/plugins/com.st.stm32cube.ide.mcu.externaltools.gnu-tools-for-stm32.12.3.rel1.win32_1.1.0.202410251130/tools/bin/../lib/gcc/arm-none-eabi/12.3.1/../../../../arm-none-eabi/lib/thumb/v7-m/nofp\libc_nano.a
LOAD C:/ST/STM32CubeIDE_1.16.0/STM32CubeIDE/plugins/com.st.stm32cube.ide.mcu.externaltools.gnu-tools-for-stm32.12.3.rel1.win32_1.1.0.202410251130/tools/bin/../lib/gcc/arm-none-eabi/12.3.1/../../../../arm-none-eabi/lib/thumb/v7-m/nofp\libnosys.a
END GROUP
LOAD C:/ST/STM32CubeIDE_1.16.0/STM32CubeIDE/plugins/com.st.stm32cube.ide.mcu.externaltools.gnu-tools-for-stm32.12.3.rel1.win32_1.1.0.202410251130/tools/bin/../lib/gcc/arm-none-eabi/12.3.1/thumb/v7-m/nofp/crtend.o
LOAD C:/ST/STM32CubeIDE_1.16.0/STM32CubeIDE/plugins/com.st.stm32cube.ide.mcu.externaltools.gnu-tools-for-stm32.12.3.rel1.win32_1.1.0.202410251130/tools/bin/../lib/gcc/arm-none-eabi/12.3.1/thumb/v7-m/nofp/crtn.o
                0x20002800                        _estack = (ORIGIN (RAM) + LENGTH (RAM))
                0x00000200                        _Min_Heap_Size = 0x200
                0x00000400                        _Min_Stack_Size = 0x400

.isr_vector     0x08000000      0x10c
                0x08000000                        . = ALIGN (0x4)
 *(.isr_vector)
 .isr_vector    0x08000000      0x10c ./Core/Startup/startup_stm32f103c6tx.o
                0x08000000                g_pfnVectors
                0x0800010c                        . = ALIGN (0x4)

.text           0x0800010c     0x3d50
                0x0800010c                        . = ALIGN (0x4)
 *(.text)
 .text          0x0800010c       0x40 C:/ST/STM32CubeIDE_1.16.0/STM32CubeIDE/plugins/com.st.stm32cube.ide.mcu.externaltools.gnu-tools-for-stm32.12.3.rel1.win32_1.1.0.202410251130/tools/bin/../lib/gcc/arm-none-eabi/12.3.1/thumb/v7-m/nofp/crtbegin.o
 .text          0x0800014c      0x21c C:/ST/STM32CubeIDE_1.16.0/STM32CubeIDE/plugins/com.st.stm32cube.ide.mcu.externaltools.gnu-tools-for-stm32.12.3.rel1.win32_1.1.0.202410251130/tools/bin/../lib/gcc/arm-none-eabi/12.3.1/thumb/v7-m/nofp\libgcc.a(_arm_addsubsf3.o)
                0x0800014c                __aeabi_frsub
                0x08000154                __subsf3
                0x08000154                __aeabi_fsub
                0x08000158                __aeabi_fadd
                0x08000158                __addsf3
                0x080002b8                __aeabi_ui2f
                0x080002b8                __floatunsisf
                0x080002c0                __aeabi_i2f
                0x080002c0                __floatsisf
                0x080002dc                __aeabi_ul2f
                0x080002dc                __floatundisf
                0x080002ec                __aeabi_l2f
                0x080002ec                __floatdisf
 .text          0x08000368      0x2a0 C:/ST/STM32CubeIDE_1.16.0/STM32CubeIDE/plugins/com.st.stm32cube.ide.mcu.externaltools.gnu-tools-for-stm32.12.3.rel1.win32_1.1.0.202410251130/tools/bin/../lib/gcc/arm-none-eabi/12.3.1/thumb/v7-m/nofp\libgcc.a(_arm_muldivsf3.o)
                0x08000368                __mulsf3
                0x08000368                __aeabi_fmul
                0x080004d0                __aeabi_fdiv
                0x080004d0                __divsf3
 .text          0x08000608       0xec C:/ST/STM32CubeIDE_1.16.0/STM32CubeIDE/plugins/com.st.stm32cube.ide.mcu.externaltools.gnu-tools-for-stm32.12.3.rel1.win32_1.1.0.202410251130/tools/bin/../lib/gcc/arm-none-eabi/12.3.1/thumb/v7-m/nofp\libgcc.a(_arm_cmpsf2.o)
                0x08000608                __gesf2
                0x08000608                __gtsf2
                0x08000610                __lesf2
                0x08000610                __ltsf2
                0x08000618                __nesf2
                0x08000618                __eqsf2
                0x08000618                __cmpsf2
                0x08000678                __aeabi_cfrcmple
                0x08000680                __aeabi_cfcmpeq
                0x08000680                __aeabi_cfcmple
                0x08000690                __aeabi_fcmpeq
                0x080006a4                __aeabi_fcmplt
                0x080006b8                __aeabi_fcmple
                0x080006cc                __aeabi_fcmpge
                0x080006e0                __aeabi_fcmpgt
 .text          0x080006f4       0x4c C:/ST/STM32CubeIDE_1.16.0/STM32CubeIDE/plugins/com.st.stm32cube.ide.mcu.externaltools.gnu-tools-for-stm32.12.3.rel1.win32_1.1.0.202410251130/tools/bin/../lib/gcc/arm-none-eabi/12.3.1/thumb/v7-m/nofp\libgcc.a(_arm_fixsfsi.o)
                0x080006f4                __aeabi_f2iz
                0x080006f4                __fixsfsi
 *(.text*)
 .text._ZNSt12_Vector_baseImSaImEEC2Ev
                0x08000740       0x1a ./Core/Src/CAN_Bus.o
                0x08000740                std::_Vector_base<unsigned long, std::allocator<unsigned long> >::_Vector_base()
                0x08000740                std::_Vector_base<unsigned long, std::allocator<unsigned long> >::_Vector_base()
 .text._ZNSt6vectorImSaImEEC2Ev
                0x0800075a       0x1a ./Core/Src/CAN_Bus.o
                0x0800075a                std::vector<unsigned long, std::allocator<unsigned long> >::vector()
                0x0800075a                std::vector<unsigned long, std::allocator<unsigned long> >::vector()
 .text._ZNSt12_Vector_baseIySaIyEEC2Ev
                0x08000774       0x1a ./Core/Src/CAN_Bus.o
                0x08000774                std::_Vector_base<unsigned long long, std::allocator<unsigned long long> >::_Vector_base()
                0x08000774                std::_Vector_base<unsigned long long, std::allocator<unsigned long long> >::_Vector_base()
 .text._ZNSt6vectorIySaIyEEC2Ev
                0x0800078e       0x1a ./Core/Src/CAN_Bus.o
                0x0800078e                std::vector<unsigned long long, std::allocator<unsigned long long> >::vector()
                0x0800078e                std::vector<unsigned long long, std::allocator<unsigned long long> >::vector()
 .text._ZN6CANBusC2Ev
                0x080007a8       0x26 ./Core/Src/CAN_Bus.o
                0x080007a8                CANBus::CANBus()
                0x080007a8                CANBus::CANBus()
 .text._ZN6CANBus5startEP17CAN_HandleTypeDefh
                0x080007ce       0x60 ./Core/Src/CAN_Bus.o
                0x080007ce                CANBus::start(CAN_HandleTypeDef*, unsigned char)
 .text._ZN6CANBus8transmitEP17CAN_HandleTypeDefPht
                0x0800082e       0x40 ./Core/Src/CAN_Bus.o
                0x0800082e                CANBus::transmit(CAN_HandleTypeDef*, unsigned char*, unsigned short)
 .text._ZN6CANBus15configureFilterEP17CAN_HandleTypeDeftthh
                0x0800086e       0x56 ./Core/Src/CAN_Bus.o
                0x0800086e                CANBus::configureFilter(CAN_HandleTypeDef*, unsigned short, unsigned short, unsigned char, unsigned char)
 .text._ZN6CANBus12dataSplitterEmPh
                0x080008c4       0x42 ./Core/Src/CAN_Bus.o
                0x080008c4                CANBus::dataSplitter(unsigned long, unsigned char*)
 .text._ZN6CANBus10dataMergerEPh
                0x08000906       0x50 ./Core/Src/CAN_Bus.o
                0x08000906                CANBus::dataMerger(unsigned char*)
 .text._ZNSt12_Vector_baseImSaImEE12_Vector_implC2Ev
                0x08000956       0x20 ./Core/Src/CAN_Bus.o
                0x08000956                std::_Vector_base<unsigned long, std::allocator<unsigned long> >::_Vector_impl::_Vector_impl()
                0x08000956                std::_Vector_base<unsigned long, std::allocator<unsigned long> >::_Vector_impl::_Vector_impl()
 .text._ZNSt12_Vector_baseIySaIyEE12_Vector_implC2Ev
                0x08000976       0x20 ./Core/Src/CAN_Bus.o
                0x08000976                std::_Vector_base<unsigned long long, std::allocator<unsigned long long> >::_Vector_impl::_Vector_impl()
                0x08000976                std::_Vector_base<unsigned long long, std::allocator<unsigned long long> >::_Vector_impl::_Vector_impl()
 .text._ZNSaImEC2Ev
                0x08000996       0x18 ./Core/Src/CAN_Bus.o
                0x08000996                std::allocator<unsigned long>::allocator()
                0x08000996                std::allocator<unsigned long>::allocator()
 .text._ZNSt12_Vector_baseImSaImEE17_Vector_impl_dataC2Ev
                0x080009ae       0x26 ./Core/Src/CAN_Bus.o
                0x080009ae                std::_Vector_base<unsigned long, std::allocator<unsigned long> >::_Vector_impl_data::_Vector_impl_data()
                0x080009ae                std::_Vector_base<unsigned long, std::allocator<unsigned long> >::_Vector_impl_data::_Vector_impl_data()
 .text._ZNSt12_Vector_baseImSaImEE13_M_deallocateEPmj
                0x080009d4       0x26 ./Core/Src/CAN_Bus.o
                0x080009d4                std::_Vector_base<unsigned long, std::allocator<unsigned long> >::_M_deallocate(unsigned long*, unsigned int)
 .text._ZNSt12_Vector_baseImSaImEE19_M_get_Tp_allocatorEv
                0x080009fa       0x14 ./Core/Src/CAN_Bus.o
                0x080009fa                std::_Vector_base<unsigned long, std::allocator<unsigned long> >::_M_get_Tp_allocator()
 .text._ZSt8_DestroyIPmmEvT_S1_RSaIT0_E
                0x08000a0e       0x1c ./Core/Src/CAN_Bus.o
                0x08000a0e                void std::_Destroy<unsigned long*, unsigned long>(unsigned long*, unsigned long*, std::allocator<unsigned long>&)
 .text._ZNSaIyEC2Ev
                0x08000a2a       0x18 ./Core/Src/CAN_Bus.o
                0x08000a2a                std::allocator<unsigned long long>::allocator()
                0x08000a2a                std::allocator<unsigned long long>::allocator()
 .text._ZNSt12_Vector_baseIySaIyEE17_Vector_impl_dataC2Ev
                0x08000a42       0x26 ./Core/Src/CAN_Bus.o
                0x08000a42                std::_Vector_base<unsigned long long, std::allocator<unsigned long long> >::_Vector_impl_data::_Vector_impl_data()
                0x08000a42                std::_Vector_base<unsigned long long, std::allocator<unsigned long long> >::_Vector_impl_data::_Vector_impl_data()
 .text._ZNSt12_Vector_baseIySaIyEE13_M_deallocateEPyj
                0x08000a68       0x26 ./Core/Src/CAN_Bus.o
                0x08000a68                std::_Vector_base<unsigned long long, std::allocator<unsigned long long> >::_M_deallocate(unsigned long long*, unsigned int)
 .text._ZNSt12_Vector_baseIySaIyEE19_M_get_Tp_allocatorEv
                0x08000a8e       0x14 ./Core/Src/CAN_Bus.o
                0x08000a8e                std::_Vector_base<unsigned long long, std::allocator<unsigned long long> >::_M_get_Tp_allocator()
 .text._ZSt8_DestroyIPyyEvT_S1_RSaIT0_E
                0x08000aa2       0x1c ./Core/Src/CAN_Bus.o
                0x08000aa2                void std::_Destroy<unsigned long long*, unsigned long long>(unsigned long long*, unsigned long long*, std::allocator<unsigned long long>&)
 .text._ZNSt15__new_allocatorImEC2Ev
                0x08000abe       0x14 ./Core/Src/CAN_Bus.o
                0x08000abe                std::__new_allocator<unsigned long>::__new_allocator()
                0x08000abe                std::__new_allocator<unsigned long>::__new_allocator()
 .text._ZNSt16allocator_traitsISaImEE10deallocateERS0_Pmj
                0x08000ad2       0x1e ./Core/Src/CAN_Bus.o
                0x08000ad2                std::allocator_traits<std::allocator<unsigned long> >::deallocate(std::allocator<unsigned long>&, unsigned long*, unsigned int)
 .text._ZSt8_DestroyIPmEvT_S1_
                0x08000af0       0x1a ./Core/Src/CAN_Bus.o
                0x08000af0                void std::_Destroy<unsigned long*>(unsigned long*, unsigned long*)
 .text._ZNSt15__new_allocatorIyEC2Ev
                0x08000b0a       0x14 ./Core/Src/CAN_Bus.o
                0x08000b0a                std::__new_allocator<unsigned long long>::__new_allocator()
                0x08000b0a                std::__new_allocator<unsigned long long>::__new_allocator()
 .text._ZNSt16allocator_traitsISaIyEE10deallocateERS0_Pyj
                0x08000b1e       0x1e ./Core/Src/CAN_Bus.o
                0x08000b1e                std::allocator_traits<std::allocator<unsigned long long> >::deallocate(std::allocator<unsigned long long>&, unsigned long long*, unsigned int)
 .text._ZSt8_DestroyIPyEvT_S1_
                0x08000b3c       0x1a ./Core/Src/CAN_Bus.o
                0x08000b3c                void std::_Destroy<unsigned long long*>(unsigned long long*, unsigned long long*)
 .text._ZNSt15__new_allocatorImE10deallocateEPmj
                0x08000b56       0x20 ./Core/Src/CAN_Bus.o
                0x08000b56                std::__new_allocator<unsigned long>::deallocate(unsigned long*, unsigned int)
 .text._ZNSt12_Destroy_auxILb1EE9__destroyIPmEEvT_S3_
                0x08000b76       0x14 ./Core/Src/CAN_Bus.o
                0x08000b76                void std::_Destroy_aux<true>::__destroy<unsigned long*>(unsigned long*, unsigned long*)
 .text._ZNSt15__new_allocatorIyE10deallocateEPyj
                0x08000b8a       0x20 ./Core/Src/CAN_Bus.o
                0x08000b8a                std::__new_allocator<unsigned long long>::deallocate(unsigned long long*, unsigned int)
 .text._ZNSt12_Destroy_auxILb1EE9__destroyIPyEEvT_S3_
                0x08000baa       0x14 ./Core/Src/CAN_Bus.o
                0x08000baa                void std::_Destroy_aux<true>::__destroy<unsigned long long*>(unsigned long long*, unsigned long long*)
 .text._ZN7EncoderC2EP12MotorControlP17TIM_HandleTypeDefS3_mf
                0x08000bbe       0x38 ./Core/Src/encoder.o
                0x08000bbe                Encoder::Encoder(MotorControl*, TIM_HandleTypeDef*, TIM_HandleTypeDef*, unsigned long, float)
                0x08000bbe                Encoder::Encoder(MotorControl*, TIM_HandleTypeDef*, TIM_HandleTypeDef*, unsigned long, float)
 .text._ZN7Encoder11readEncoderEP17TIM_HandleTypeDef
                0x08000bf6       0x1a ./Core/Src/encoder.o
                0x08000bf6                Encoder::readEncoder(TIM_HandleTypeDef*)
 .text.HAL_CAN_RxFifo0MsgPendingCallback
                0x08000c10       0x78 ./Core/Src/main.o
                0x08000c10                HAL_CAN_RxFifo0MsgPendingCallback
 .text.main     0x08000c88       0xe0 ./Core/Src/main.o
                0x08000c88                main
 .text._Z18SystemClock_Configv
                0x08000d68       0x9e ./Core/Src/main.o
                0x08000d68                SystemClock_Config()
 *fill*         0x08000e06        0x2 
 .text._ZL11MX_CAN_Initv
                0x08000e08       0x98 ./Core/Src/main.o
 .text._ZL12MX_TIM2_Initv
                0x08000ea0      0x120 ./Core/Src/main.o
 .text._ZL12MX_GPIO_Initv
                0x08000fc0       0xdc ./Core/Src/main.o
 .text.Error_Handler
                0x0800109c        0xc ./Core/Src/main.o
                0x0800109c                Error_Handler
 .text._ZN6CANBusD2Ev
                0x080010a8       0x26 ./Core/Src/main.o
                0x080010a8                CANBus::~CANBus()
                0x080010a8                CANBus::~CANBus()
 *fill*         0x080010ce        0x2 
 .text._Z41__static_initialization_and_destruction_0ii
                0x080010d0       0x44 ./Core/Src/main.o
 .text._ZNSt6vectorImSaImEED2Ev
                0x08001114       0x36 ./Core/Src/main.o
                0x08001114                std::vector<unsigned long, std::allocator<unsigned long> >::~vector()
                0x08001114                std::vector<unsigned long, std::allocator<unsigned long> >::~vector()
 .text._ZNSt6vectorIySaIyEED2Ev
                0x0800114a       0x36 ./Core/Src/main.o
                0x0800114a                std::vector<unsigned long long, std::allocator<unsigned long long> >::~vector()
                0x0800114a                std::vector<unsigned long long, std::allocator<unsigned long long> >::~vector()
 .text._ZNSt12_Vector_baseImSaImEE12_Vector_implD2Ev
                0x08001180       0x18 ./Core/Src/main.o
                0x08001180                std::_Vector_base<unsigned long, std::allocator<unsigned long> >::_Vector_impl::~_Vector_impl()
                0x08001180                std::_Vector_base<unsigned long, std::allocator<unsigned long> >::_Vector_impl::~_Vector_impl()
 .text._ZNSt12_Vector_baseImSaImEED2Ev
                0x08001198       0x32 ./Core/Src/main.o
                0x08001198                std::_Vector_base<unsigned long, std::allocator<unsigned long> >::~_Vector_base()
                0x08001198                std::_Vector_base<unsigned long, std::allocator<unsigned long> >::~_Vector_base()
 .text._ZNSt12_Vector_baseIySaIyEE12_Vector_implD2Ev
                0x080011ca       0x18 ./Core/Src/main.o
                0x080011ca                std::_Vector_base<unsigned long long, std::allocator<unsigned long long> >::_Vector_impl::~_Vector_impl()
                0x080011ca                std::_Vector_base<unsigned long long, std::allocator<unsigned long long> >::_Vector_impl::~_Vector_impl()
 .text._ZNSt12_Vector_baseIySaIyEED2Ev
                0x080011e2       0x32 ./Core/Src/main.o
                0x080011e2                std::_Vector_base<unsigned long long, std::allocator<unsigned long long> >::~_Vector_base()
                0x080011e2                std::_Vector_base<unsigned long long, std::allocator<unsigned long long> >::~_Vector_base()
 .text._ZNSaImED2Ev
                0x08001214       0x18 ./Core/Src/main.o
                0x08001214                std::allocator<unsigned long>::~allocator()
                0x08001214                std::allocator<unsigned long>::~allocator()
 .text._ZNSaIyED2Ev
                0x0800122c       0x18 ./Core/Src/main.o
                0x0800122c                std::allocator<unsigned long long>::~allocator()
                0x0800122c                std::allocator<unsigned long long>::~allocator()
 .text._ZNSt15__new_allocatorImED2Ev
                0x08001244       0x14 ./Core/Src/main.o
                0x08001244                std::__new_allocator<unsigned long>::~__new_allocator()
                0x08001244                std::__new_allocator<unsigned long>::~__new_allocator()
 .text._ZNSt15__new_allocatorIyED2Ev
                0x08001258       0x14 ./Core/Src/main.o
                0x08001258                std::__new_allocator<unsigned long long>::~__new_allocator()
                0x08001258                std::__new_allocator<unsigned long long>::~__new_allocator()
 .text._GLOBAL__sub_I_globalcanbus
                0x0800126c       0x10 ./Core/Src/main.o
 .text._GLOBAL__sub_D_globalcanbus
                0x0800127c       0x10 ./Core/Src/main.o
 .text._ZN12MotorControlC2EP17TIM_HandleTypeDefm
                0x0800128c       0x3a ./Core/Src/motorControl.o
                0x0800128c                MotorControl::MotorControl(TIM_HandleTypeDef*, unsigned long)
                0x0800128c                MotorControl::MotorControl(TIM_HandleTypeDef*, unsigned long)
 .text._ZN12MotorControl5startEv
                0x080012c6       0x20 ./Core/Src/motorControl.o
                0x080012c6                MotorControl::start()
 .text._ZN12MotorControl12setDutyCycleEt
                0x080012e6       0x5c ./Core/Src/motorControl.o
                0x080012e6                MotorControl::setDutyCycle(unsigned short)
 *fill*         0x08001342        0x2 
 .text._ZN12MotorControl12calculatePIDEtt
                0x08001344      0x110 ./Core/Src/motorControl.o
                0x08001344                MotorControl::calculatePID(unsigned short, unsigned short)
 .text._ZN12MotorControl12steerToAngleEtt
                0x08001454       0x80 ./Core/Src/motorControl.o
                0x08001454                MotorControl::steerToAngle(unsigned short, unsigned short)
 .text.HAL_MspInit
                0x080014d4       0x64 ./Core/Src/stm32f1xx_hal_msp.o
                0x080014d4                HAL_MspInit
 .text.HAL_CAN_MspInit
                0x08001538       0xe0 ./Core/Src/stm32f1xx_hal_msp.o
                0x08001538                HAL_CAN_MspInit
 .text.HAL_TIM_PWM_MspInit
                0x08001618       0x78 ./Core/Src/stm32f1xx_hal_msp.o
                0x08001618                HAL_TIM_PWM_MspInit
 .text.HAL_TIM_MspPostInit
                0x08001690       0x60 ./Core/Src/stm32f1xx_hal_msp.o
                0x08001690                HAL_TIM_MspPostInit
 .text.NMI_Handler
                0x080016f0        0x8 ./Core/Src/stm32f1xx_it.o
                0x080016f0                NMI_Handler
 .text.HardFault_Handler
                0x080016f8        0x8 ./Core/Src/stm32f1xx_it.o
                0x080016f8                HardFault_Handler
 .text.MemManage_Handler
                0x08001700        0x8 ./Core/Src/stm32f1xx_it.o
                0x08001700                MemManage_Handler
 .text.BusFault_Handler
                0x08001708        0x8 ./Core/Src/stm32f1xx_it.o
                0x08001708                BusFault_Handler
 .text.UsageFault_Handler
                0x08001710        0x8 ./Core/Src/stm32f1xx_it.o
                0x08001710                UsageFault_Handler
 .text.SVC_Handler
                0x08001718        0xc ./Core/Src/stm32f1xx_it.o
                0x08001718                SVC_Handler
 .text.DebugMon_Handler
                0x08001724        0xc ./Core/Src/stm32f1xx_it.o
                0x08001724                DebugMon_Handler
 .text.PendSV_Handler
                0x08001730        0xc ./Core/Src/stm32f1xx_it.o
                0x08001730                PendSV_Handler
 .text.SysTick_Handler
                0x0800173c        0xc ./Core/Src/stm32f1xx_it.o
                0x0800173c                SysTick_Handler
 .text.USB_LP_CAN1_RX0_IRQHandler
                0x08001748       0x14 ./Core/Src/stm32f1xx_it.o
                0x08001748                USB_LP_CAN1_RX0_IRQHandler
 .text.CAN1_RX1_IRQHandler
                0x0800175c       0x14 ./Core/Src/stm32f1xx_it.o
                0x0800175c                CAN1_RX1_IRQHandler
 .text.SystemInit
                0x08001770        0xc ./Core/Src/system_stm32f1xx.o
                0x08001770                SystemInit
 .text.Reset_Handler
                0x0800177c       0x48 ./Core/Startup/startup_stm32f103c6tx.o
                0x0800177c                Reset_Handler
 .text.Default_Handler
                0x080017c4        0x2 ./Core/Startup/startup_stm32f103c6tx.o
                0x080017c4                RTC_Alarm_IRQHandler
                0x080017c4                EXTI2_IRQHandler
                0x080017c4                TIM1_CC_IRQHandler
                0x080017c4                PVD_IRQHandler
                0x080017c4                EXTI3_IRQHandler
                0x080017c4                EXTI0_IRQHandler
                0x080017c4                ADC1_2_IRQHandler
                0x080017c4                SPI1_IRQHandler
                0x080017c4                TAMPER_IRQHandler
                0x080017c4                DMA1_Channel4_IRQHandler
                0x080017c4                RTC_IRQHandler
                0x080017c4                DMA1_Channel7_IRQHandler
                0x080017c4                I2C1_EV_IRQHandler
                0x080017c4                DMA1_Channel6_IRQHandler
                0x080017c4                TIM3_IRQHandler
                0x080017c4                RCC_IRQHandler
                0x080017c4                TIM1_TRG_COM_IRQHandler
                0x080017c4                DMA1_Channel1_IRQHandler
                0x080017c4                Default_Handler
                0x080017c4                EXTI15_10_IRQHandler
                0x080017c4                EXTI9_5_IRQHandler
                0x080017c4                DMA1_Channel5_IRQHandler
                0x080017c4                EXTI4_IRQHandler
                0x080017c4                USB_HP_CAN1_TX_IRQHandler
                0x080017c4                DMA1_Channel3_IRQHandler
                0x080017c4                TIM1_UP_IRQHandler
                0x080017c4                WWDG_IRQHandler
                0x080017c4                TIM2_IRQHandler
                0x080017c4                TIM1_BRK_IRQHandler
                0x080017c4                EXTI1_IRQHandler
                0x080017c4                USART2_IRQHandler
                0x080017c4                DMA1_Channel2_IRQHandler
                0x080017c4                CAN1_SCE_IRQHandler
                0x080017c4                FLASH_IRQHandler
                0x080017c4                USART1_IRQHandler
                0x080017c4                I2C1_ER_IRQHandler
                0x080017c4                USBWakeUp_IRQHandler
 *fill*         0x080017c6        0x2 
 .text.HAL_Init
                0x080017c8       0x2c ./Drivers/STM32F1xx_HAL_Driver/Src/stm32f1xx_hal.o
                0x080017c8                HAL_Init
 .text.HAL_InitTick
                0x080017f4       0x60 ./Drivers/STM32F1xx_HAL_Driver/Src/stm32f1xx_hal.o
                0x080017f4                HAL_InitTick
 .text.HAL_IncTick
                0x08001854       0x24 ./Drivers/STM32F1xx_HAL_Driver/Src/stm32f1xx_hal.o
                0x08001854                HAL_IncTick
 .text.HAL_GetTick
                0x08001878       0x14 ./Drivers/STM32F1xx_HAL_Driver/Src/stm32f1xx_hal.o
                0x08001878                HAL_GetTick
 .text.HAL_Delay
                0x0800188c       0x48 ./Drivers/STM32F1xx_HAL_Driver/Src/stm32f1xx_hal.o
                0x0800188c                HAL_Delay
 .text.HAL_CAN_Init
                0x080018d4      0x1f6 ./Drivers/STM32F1xx_HAL_Driver/Src/stm32f1xx_hal_can.o
                0x080018d4                HAL_CAN_Init
 .text.HAL_CAN_ConfigFilter
                0x08001aca      0x192 ./Drivers/STM32F1xx_HAL_Driver/Src/stm32f1xx_hal_can.o
                0x08001aca                HAL_CAN_ConfigFilter
 .text.HAL_CAN_Start
                0x08001c5c       0x88 ./Drivers/STM32F1xx_HAL_Driver/Src/stm32f1xx_hal_can.o
                0x08001c5c                HAL_CAN_Start
 .text.HAL_CAN_AddTxMessage
                0x08001ce4      0x19e ./Drivers/STM32F1xx_HAL_Driver/Src/stm32f1xx_hal_can.o
                0x08001ce4                HAL_CAN_AddTxMessage
 .text.HAL_CAN_GetRxMessage
                0x08001e82      0x242 ./Drivers/STM32F1xx_HAL_Driver/Src/stm32f1xx_hal_can.o
                0x08001e82                HAL_CAN_GetRxMessage
 .text.HAL_CAN_ActivateNotification
                0x080020c4       0x4a ./Drivers/STM32F1xx_HAL_Driver/Src/stm32f1xx_hal_can.o
                0x080020c4                HAL_CAN_ActivateNotification
 .text.HAL_CAN_IRQHandler
                0x0800210e      0x36e ./Drivers/STM32F1xx_HAL_Driver/Src/stm32f1xx_hal_can.o
                0x0800210e                HAL_CAN_IRQHandler
 .text.HAL_CAN_TxMailbox0CompleteCallback
                0x0800247c       0x12 ./Drivers/STM32F1xx_HAL_Driver/Src/stm32f1xx_hal_can.o
                0x0800247c                HAL_CAN_TxMailbox0CompleteCallback
 .text.HAL_CAN_TxMailbox1CompleteCallback
                0x0800248e       0x12 ./Drivers/STM32F1xx_HAL_Driver/Src/stm32f1xx_hal_can.o
                0x0800248e                HAL_CAN_TxMailbox1CompleteCallback
 .text.HAL_CAN_TxMailbox2CompleteCallback
                0x080024a0       0x12 ./Drivers/STM32F1xx_HAL_Driver/Src/stm32f1xx_hal_can.o
                0x080024a0                HAL_CAN_TxMailbox2CompleteCallback
 .text.HAL_CAN_TxMailbox0AbortCallback
                0x080024b2       0x12 ./Drivers/STM32F1xx_HAL_Driver/Src/stm32f1xx_hal_can.o
                0x080024b2                HAL_CAN_TxMailbox0AbortCallback
 .text.HAL_CAN_TxMailbox1AbortCallback
                0x080024c4       0x12 ./Drivers/STM32F1xx_HAL_Driver/Src/stm32f1xx_hal_can.o
                0x080024c4                HAL_CAN_TxMailbox1AbortCallback
 .text.HAL_CAN_TxMailbox2AbortCallback
                0x080024d6       0x12 ./Drivers/STM32F1xx_HAL_Driver/Src/stm32f1xx_hal_can.o
                0x080024d6                HAL_CAN_TxMailbox2AbortCallback
 .text.HAL_CAN_RxFifo0FullCallback
                0x080024e8       0x12 ./Drivers/STM32F1xx_HAL_Driver/Src/stm32f1xx_hal_can.o
                0x080024e8                HAL_CAN_RxFifo0FullCallback
 .text.HAL_CAN_RxFifo1MsgPendingCallback
                0x080024fa       0x12 ./Drivers/STM32F1xx_HAL_Driver/Src/stm32f1xx_hal_can.o
                0x080024fa                HAL_CAN_RxFifo1MsgPendingCallback
 .text.HAL_CAN_RxFifo1FullCallback
                0x0800250c       0x12 ./Drivers/STM32F1xx_HAL_Driver/Src/stm32f1xx_hal_can.o
                0x0800250c                HAL_CAN_RxFifo1FullCallback
 .text.HAL_CAN_SleepCallback
                0x0800251e       0x12 ./Drivers/STM32F1xx_HAL_Driver/Src/stm32f1xx_hal_can.o
                0x0800251e                HAL_CAN_SleepCallback
 .text.HAL_CAN_WakeUpFromRxMsgCallback
                0x08002530       0x12 ./Drivers/STM32F1xx_HAL_Driver/Src/stm32f1xx_hal_can.o
                0x08002530                HAL_CAN_WakeUpFromRxMsgCallback
 .text.HAL_CAN_ErrorCallback
                0x08002542       0x12 ./Drivers/STM32F1xx_HAL_Driver/Src/stm32f1xx_hal_can.o
                0x08002542                HAL_CAN_ErrorCallback
 .text.__NVIC_SetPriorityGrouping
                0x08002554       0x48 ./Drivers/STM32F1xx_HAL_Driver/Src/stm32f1xx_hal_cortex.o
 .text.__NVIC_GetPriorityGrouping
                0x0800259c       0x1c ./Drivers/STM32F1xx_HAL_Driver/Src/stm32f1xx_hal_cortex.o
 .text.__NVIC_EnableIRQ
                0x080025b8       0x38 ./Drivers/STM32F1xx_HAL_Driver/Src/stm32f1xx_hal_cortex.o
 .text.__NVIC_SetPriority
                0x080025f0       0x54 ./Drivers/STM32F1xx_HAL_Driver/Src/stm32f1xx_hal_cortex.o
 .text.NVIC_EncodePriority
                0x08002644       0x64 ./Drivers/STM32F1xx_HAL_Driver/Src/stm32f1xx_hal_cortex.o
 .text.SysTick_Config
                0x080026a8       0x44 ./Drivers/STM32F1xx_HAL_Driver/Src/stm32f1xx_hal_cortex.o
 .text.HAL_NVIC_SetPriorityGrouping
                0x080026ec       0x16 ./Drivers/STM32F1xx_HAL_Driver/Src/stm32f1xx_hal_cortex.o
                0x080026ec                HAL_NVIC_SetPriorityGrouping
 .text.HAL_NVIC_SetPriority
                0x08002702       0x38 ./Drivers/STM32F1xx_HAL_Driver/Src/stm32f1xx_hal_cortex.o
                0x08002702                HAL_NVIC_SetPriority
 .text.HAL_NVIC_EnableIRQ
                0x0800273a       0x1c ./Drivers/STM32F1xx_HAL_Driver/Src/stm32f1xx_hal_cortex.o
                0x0800273a                HAL_NVIC_EnableIRQ
 .text.HAL_SYSTICK_Config
                0x08002756       0x18 ./Drivers/STM32F1xx_HAL_Driver/Src/stm32f1xx_hal_cortex.o
                0x08002756                HAL_SYSTICK_Config
 *fill*         0x0800276e        0x2 
 .text.HAL_GPIO_Init
                0x08002770      0x2f8 ./Drivers/STM32F1xx_HAL_Driver/Src/stm32f1xx_hal_gpio.o
                0x08002770                HAL_GPIO_Init
 .text.HAL_GPIO_WritePin
                0x08002a68       0x30 ./Drivers/STM32F1xx_HAL_Driver/Src/stm32f1xx_hal_gpio.o
                0x08002a68                HAL_GPIO_WritePin
 .text.HAL_GPIO_TogglePin
                0x08002a98       0x32 ./Drivers/STM32F1xx_HAL_Driver/Src/stm32f1xx_hal_gpio.o
                0x08002a98                HAL_GPIO_TogglePin
 *fill*         0x08002aca        0x2 
 .text.HAL_RCC_OscConfig
                0x08002acc      0x504 ./Drivers/STM32F1xx_HAL_Driver/Src/stm32f1xx_hal_rcc.o
                0x08002acc                HAL_RCC_OscConfig
 .text.HAL_RCC_ClockConfig
                0x08002fd0      0x1d4 ./Drivers/STM32F1xx_HAL_Driver/Src/stm32f1xx_hal_rcc.o
                0x08002fd0                HAL_RCC_ClockConfig
 .text.HAL_RCC_GetSysClockFreq
                0x080031a4       0xa8 ./Drivers/STM32F1xx_HAL_Driver/Src/stm32f1xx_hal_rcc.o
                0x080031a4                HAL_RCC_GetSysClockFreq
 .text.RCC_Delay
                0x0800324c       0x3c ./Drivers/STM32F1xx_HAL_Driver/Src/stm32f1xx_hal_rcc.o
 .text.HAL_TIM_PWM_Init
                0x08003288       0x9e ./Drivers/STM32F1xx_HAL_Driver/Src/stm32f1xx_hal_tim.o
                0x08003288                HAL_TIM_PWM_Init
 *fill*         0x08003326        0x2 
 .text.HAL_TIM_PWM_Start
                0x08003328      0x138 ./Drivers/STM32F1xx_HAL_Driver/Src/stm32f1xx_hal_tim.o
                0x08003328                HAL_TIM_PWM_Start
 .text.HAL_TIM_Encoder_Init
                0x08003460      0x144 ./Drivers/STM32F1xx_HAL_Driver/Src/stm32f1xx_hal_tim.o
                0x08003460                HAL_TIM_Encoder_Init
 .text.HAL_TIM_Encoder_MspInit
                0x080035a4       0x12 ./Drivers/STM32F1xx_HAL_Driver/Src/stm32f1xx_hal_tim.o
                0x080035a4                HAL_TIM_Encoder_MspInit
 .text.HAL_TIM_Encoder_Start
                0x080035b6      0x11c ./Drivers/STM32F1xx_HAL_Driver/Src/stm32f1xx_hal_tim.o
                0x080035b6                HAL_TIM_Encoder_Start
 *fill*         0x080036d2        0x2 
 .text.HAL_TIM_PWM_ConfigChannel
                0x080036d4      0x184 ./Drivers/STM32F1xx_HAL_Driver/Src/stm32f1xx_hal_tim.o
                0x080036d4                HAL_TIM_PWM_ConfigChannel
 .text.TIM_Base_SetConfig
                0x08003858       0xc8 ./Drivers/STM32F1xx_HAL_Driver/Src/stm32f1xx_hal_tim.o
                0x08003858                TIM_Base_SetConfig
 .text.TIM_OC1_SetConfig
                0x08003920       0xcc ./Drivers/STM32F1xx_HAL_Driver/Src/stm32f1xx_hal_tim.o
 .text.TIM_OC2_SetConfig
                0x080039ec       0xd4 ./Drivers/STM32F1xx_HAL_Driver/Src/stm32f1xx_hal_tim.o
                0x080039ec                TIM_OC2_SetConfig
 .text.TIM_OC3_SetConfig
                0x08003ac0       0xd4 ./Drivers/STM32F1xx_HAL_Driver/Src/stm32f1xx_hal_tim.o
 .text.TIM_OC4_SetConfig
                0x08003b94       0x9c ./Drivers/STM32F1xx_HAL_Driver/Src/stm32f1xx_hal_tim.o
 .text.TIM_CCxChannelCmd
                0x08003c30       0x48 ./Drivers/STM32F1xx_HAL_Driver/Src/stm32f1xx_hal_tim.o
                0x08003c30                TIM_CCxChannelCmd
 .text.HAL_TIMEx_MasterConfigSynchronization
                0x08003c78       0xb0 ./Drivers/STM32F1xx_HAL_Driver/Src/stm32f1xx_hal_tim_ex.o
                0x08003c78                HAL_TIMEx_MasterConfigSynchronization
 .text._ZdlPvj  0x08003d28        0x4 C:/ST/STM32CubeIDE_1.16.0/STM32CubeIDE/plugins/com.st.stm32cube.ide.mcu.externaltools.gnu-tools-for-stm32.12.3.rel1.win32_1.1.0.202410251130/tools/bin/../lib/gcc/arm-none-eabi/12.3.1/../../../../arm-none-eabi/lib/thumb/v7-m/nofp\libstdc++_nano.a(del_ops.o)
                0x08003d28                operator delete(void*, unsigned int)
 .text._ZdlPv   0x08003d2c        0x4 C:/ST/STM32CubeIDE_1.16.0/STM32CubeIDE/plugins/com.st.stm32cube.ide.mcu.externaltools.gnu-tools-for-stm32.12.3.rel1.win32_1.1.0.202410251130/tools/bin/../lib/gcc/arm-none-eabi/12.3.1/../../../../arm-none-eabi/lib/thumb/v7-m/nofp\libstdc++_nano.a(del_op.o)
                0x08003d2c                operator delete(void*)
 .text.free     0x08003d30       0x10 C:/ST/STM32CubeIDE_1.16.0/STM32CubeIDE/plugins/com.st.stm32cube.ide.mcu.externaltools.gnu-tools-for-stm32.12.3.rel1.win32_1.1.0.202410251130/tools/bin/../lib/gcc/arm-none-eabi/12.3.1/../../../../arm-none-eabi/lib/thumb/v7-m/nofp\libc_nano.a(libc_a-malloc.o)
                0x08003d30                free
 .text.__malloc_lock
                0x08003d40        0xc C:/ST/STM32CubeIDE_1.16.0/STM32CubeIDE/plugins/com.st.stm32cube.ide.mcu.externaltools.gnu-tools-for-stm32.12.3.rel1.win32_1.1.0.202410251130/tools/bin/../lib/gcc/arm-none-eabi/12.3.1/../../../../arm-none-eabi/lib/thumb/v7-m/nofp\libc_nano.a(libc_a-mlock.o)
                0x08003d40                __malloc_lock
 .text.__malloc_unlock
                0x08003d4c        0xc C:/ST/STM32CubeIDE_1.16.0/STM32CubeIDE/plugins/com.st.stm32cube.ide.mcu.externaltools.gnu-tools-for-stm32.12.3.rel1.win32_1.1.0.202410251130/tools/bin/../lib/gcc/arm-none-eabi/12.3.1/../../../../arm-none-eabi/lib/thumb/v7-m/nofp\libc_nano.a(libc_a-mlock.o)
                0x08003d4c                __malloc_unlock
 .text.memset   0x08003d58       0x10 C:/ST/STM32CubeIDE_1.16.0/STM32CubeIDE/plugins/com.st.stm32cube.ide.mcu.externaltools.gnu-tools-for-stm32.12.3.rel1.win32_1.1.0.202410251130/tools/bin/../lib/gcc/arm-none-eabi/12.3.1/../../../../arm-none-eabi/lib/thumb/v7-m/nofp\libc_nano.a(libc_a-memset.o)
                0x08003d58                memset
 .text.__libc_init_array
                0x08003d68       0x48 C:/ST/STM32CubeIDE_1.16.0/STM32CubeIDE/plugins/com.st.stm32cube.ide.mcu.externaltools.gnu-tools-for-stm32.12.3.rel1.win32_1.1.0.202410251130/tools/bin/../lib/gcc/arm-none-eabi/12.3.1/../../../../arm-none-eabi/lib/thumb/v7-m/nofp\libc_nano.a(libc_a-init.o)
                0x08003d68                __libc_init_array
 .text.__retarget_lock_acquire_recursive
                0x08003db0        0x2 C:/ST/STM32CubeIDE_1.16.0/STM32CubeIDE/plugins/com.st.stm32cube.ide.mcu.externaltools.gnu-tools-for-stm32.12.3.rel1.win32_1.1.0.202410251130/tools/bin/../lib/gcc/arm-none-eabi/12.3.1/../../../../arm-none-eabi/lib/thumb/v7-m/nofp\libc_nano.a(libc_a-lock.o)
                0x08003db0                __retarget_lock_acquire_recursive
 .text.__retarget_lock_release_recursive
                0x08003db2        0x2 C:/ST/STM32CubeIDE_1.16.0/STM32CubeIDE/plugins/com.st.stm32cube.ide.mcu.externaltools.gnu-tools-for-stm32.12.3.rel1.win32_1.1.0.202410251130/tools/bin/../lib/gcc/arm-none-eabi/12.3.1/../../../../arm-none-eabi/lib/thumb/v7-m/nofp\libc_nano.a(libc_a-lock.o)
                0x08003db2                __retarget_lock_release_recursive
 .text._free_r  0x08003db4       0x90 C:/ST/STM32CubeIDE_1.16.0/STM32CubeIDE/plugins/com.st.stm32cube.ide.mcu.externaltools.gnu-tools-for-stm32.12.3.rel1.win32_1.1.0.202410251130/tools/bin/../lib/gcc/arm-none-eabi/12.3.1/../../../../arm-none-eabi/lib/thumb/v7-m/nofp\libc_nano.a(libc_a-freer.o)
                0x08003db4                _free_r
 *(.glue_7)
 .glue_7        0x08003e44        0x0 linker stubs
 *(.glue_7t)
 .glue_7t       0x08003e44        0x0 linker stubs
 *(.eh_frame)
 .eh_frame      0x08003e44        0x0 C:/ST/STM32CubeIDE_1.16.0/STM32CubeIDE/plugins/com.st.stm32cube.ide.mcu.externaltools.gnu-tools-for-stm32.12.3.rel1.win32_1.1.0.202410251130/tools/bin/../lib/gcc/arm-none-eabi/12.3.1/thumb/v7-m/nofp/crtbegin.o
 *(.init)
 .init          0x08003e44        0x4 C:/ST/STM32CubeIDE_1.16.0/STM32CubeIDE/plugins/com.st.stm32cube.ide.mcu.externaltools.gnu-tools-for-stm32.12.3.rel1.win32_1.1.0.202410251130/tools/bin/../lib/gcc/arm-none-eabi/12.3.1/thumb/v7-m/nofp/crti.o
                0x08003e44                _init
 .init          0x08003e48        0x8 C:/ST/STM32CubeIDE_1.16.0/STM32CubeIDE/plugins/com.st.stm32cube.ide.mcu.externaltools.gnu-tools-for-stm32.12.3.rel1.win32_1.1.0.202410251130/tools/bin/../lib/gcc/arm-none-eabi/12.3.1/thumb/v7-m/nofp/crtn.o
 *(.fini)
 .fini          0x08003e50        0x4 C:/ST/STM32CubeIDE_1.16.0/STM32CubeIDE/plugins/com.st.stm32cube.ide.mcu.externaltools.gnu-tools-for-stm32.12.3.rel1.win32_1.1.0.202410251130/tools/bin/../lib/gcc/arm-none-eabi/12.3.1/thumb/v7-m/nofp/crti.o
                0x08003e50                _fini
 .fini          0x08003e54        0x8 C:/ST/STM32CubeIDE_1.16.0/STM32CubeIDE/plugins/com.st.stm32cube.ide.mcu.externaltools.gnu-tools-for-stm32.12.3.rel1.win32_1.1.0.202410251130/tools/bin/../lib/gcc/arm-none-eabi/12.3.1/thumb/v7-m/nofp/crtn.o
                0x08003e5c                        . = ALIGN (0x4)
                0x08003e5c                        _etext = .

.vfp11_veneer   0x08003e5c        0x0
 .vfp11_veneer  0x08003e5c        0x0 linker stubs

.v4_bx          0x08003e5c        0x0
 .v4_bx         0x08003e5c        0x0 linker stubs

.iplt           0x08003e5c        0x0
 .iplt          0x08003e5c        0x0 C:/ST/STM32CubeIDE_1.16.0/STM32CubeIDE/plugins/com.st.stm32cube.ide.mcu.externaltools.gnu-tools-for-stm32.12.3.rel1.win32_1.1.0.202410251130/tools/bin/../lib/gcc/arm-none-eabi/12.3.1/thumb/v7-m/nofp/crtbegin.o

.rodata         0x08003e5c       0x24
                0x08003e5c                        . = ALIGN (0x4)
 *(.rodata)
 *(.rodata*)
 .rodata.AHBPrescTable
                0x08003e5c       0x10 ./Core/Src/system_stm32f1xx.o
                0x08003e5c                AHBPrescTable
 .rodata.aPLLMULFactorTable.1
                0x08003e6c       0x10 ./Drivers/STM32F1xx_HAL_Driver/Src/stm32f1xx_hal_rcc.o
 .rodata.aPredivFactorTable.0
                0x08003e7c        0x2 ./Drivers/STM32F1xx_HAL_Driver/Src/stm32f1xx_hal_rcc.o
                0x08003e80                        . = ALIGN (0x4)
 *fill*         0x08003e7e        0x2 

.ARM.extab      0x08003e80        0x0
                0x08003e80                        . = ALIGN (0x4)
 *(.ARM.extab* .gnu.linkonce.armextab.*)
                0x08003e80                        . = ALIGN (0x4)

.ARM            0x08003e80        0x0
                0x08003e80                        . = ALIGN (0x4)
                0x08003e80                        __exidx_start = .
 *(.ARM.exidx*)
                0x08003e80                        __exidx_end = .
                0x08003e80                        . = ALIGN (0x4)

.preinit_array  0x08003e80        0x0
                0x08003e80                        . = ALIGN (0x4)
                0x08003e80                        PROVIDE (__preinit_array_start = .)
 *(.preinit_array*)
                0x08003e80                        PROVIDE (__preinit_array_end = .)
                0x08003e80                        . = ALIGN (0x4)

.init_array     0x08003e80        0x8
                0x08003e80                        . = ALIGN (0x4)
                0x08003e80                        PROVIDE (__init_array_start = .)
 *(SORT_BY_NAME(.init_array.*))
 *(.init_array*)
 .init_array    0x08003e80        0x4 C:/ST/STM32CubeIDE_1.16.0/STM32CubeIDE/plugins/com.st.stm32cube.ide.mcu.externaltools.gnu-tools-for-stm32.12.3.rel1.win32_1.1.0.202410251130/tools/bin/../lib/gcc/arm-none-eabi/12.3.1/thumb/v7-m/nofp/crtbegin.o
 .init_array    0x08003e84        0x4 ./Core/Src/main.o
                0x08003e88                        PROVIDE (__init_array_end = .)
                0x08003e88                        . = ALIGN (0x4)

.fini_array     0x08003e88        0x8
                0x08003e88                        . = ALIGN (0x4)
                [!provide]                        PROVIDE (__fini_array_start = .)
 *(SORT_BY_NAME(.fini_array.*))
 *(.fini_array*)
 .fini_array    0x08003e88        0x4 C:/ST/STM32CubeIDE_1.16.0/STM32CubeIDE/plugins/com.st.stm32cube.ide.mcu.externaltools.gnu-tools-for-stm32.12.3.rel1.win32_1.1.0.202410251130/tools/bin/../lib/gcc/arm-none-eabi/12.3.1/thumb/v7-m/nofp/crtbegin.o
 .fini_array    0x08003e8c        0x4 ./Core/Src/main.o
                [!provide]                        PROVIDE (__fini_array_end = .)
                0x08003e90                        . = ALIGN (0x4)
                0x08003e90                        _sidata = LOADADDR (.data)

.rel.dyn        0x08003e90        0x0
 .rel.iplt      0x08003e90        0x0 C:/ST/STM32CubeIDE_1.16.0/STM32CubeIDE/plugins/com.st.stm32cube.ide.mcu.externaltools.gnu-tools-for-stm32.12.3.rel1.win32_1.1.0.202410251130/tools/bin/../lib/gcc/arm-none-eabi/12.3.1/thumb/v7-m/nofp/crtbegin.o

.data           0x20000000       0x5c load address 0x08003e90
                0x20000000                        . = ALIGN (0x4)
                0x20000000                        _sdata = .
 *(.data)
 *(.data*)
 .data.SystemCoreClock
                0x20000000        0x4 ./Core/Src/system_stm32f1xx.o
                0x20000000                SystemCoreClock
 .data.uwTickPrio
                0x20000004        0x4 ./Drivers/STM32F1xx_HAL_Driver/Src/stm32f1xx_hal.o
                0x20000004                uwTickPrio
 .data.uwTickFreq
                0x20000008        0x1 ./Drivers/STM32F1xx_HAL_Driver/Src/stm32f1xx_hal.o
                0x20000008                uwTickFreq
 *fill*         0x20000009        0x3 
 .data._impure_ptr
                0x2000000c        0x4 C:/ST/STM32CubeIDE_1.16.0/STM32CubeIDE/plugins/com.st.stm32cube.ide.mcu.externaltools.gnu-tools-for-stm32.12.3.rel1.win32_1.1.0.202410251130/tools/bin/../lib/gcc/arm-none-eabi/12.3.1/../../../../arm-none-eabi/lib/thumb/v7-m/nofp\libc_nano.a(libc_a-impure.o)
                0x2000000c                _impure_ptr
 .data._impure_data
                0x20000010       0x4c C:/ST/STM32CubeIDE_1.16.0/STM32CubeIDE/plugins/com.st.stm32cube.ide.mcu.externaltools.gnu-tools-for-stm32.12.3.rel1.win32_1.1.0.202410251130/tools/bin/../lib/gcc/arm-none-eabi/12.3.1/../../../../arm-none-eabi/lib/thumb/v7-m/nofp\libc_nano.a(libc_a-impure.o)
                0x20000010                _impure_data
 *(.RamFunc)
 *(.RamFunc*)
                0x2000005c                        . = ALIGN (0x4)
                0x2000005c                        _edata = .

.igot.plt       0x2000005c        0x0 load address 0x08003eec
 .igot.plt      0x2000005c        0x0 C:/ST/STM32CubeIDE_1.16.0/STM32CubeIDE/plugins/com.st.stm32cube.ide.mcu.externaltools.gnu-tools-for-stm32.12.3.rel1.win32_1.1.0.202410251130/tools/bin/../lib/gcc/arm-none-eabi/12.3.1/thumb/v7-m/nofp/crtbegin.o
                0x2000005c                        . = ALIGN (0x4)

.bss            0x2000005c      0x230 load address 0x08003eec
                0x2000005c                        _sbss = .
                0x2000005c                        __bss_start__ = _sbss
 *(.bss)
 .bss           0x2000005c       0x1c C:/ST/STM32CubeIDE_1.16.0/STM32CubeIDE/plugins/com.st.stm32cube.ide.mcu.externaltools.gnu-tools-for-stm32.12.3.rel1.win32_1.1.0.202410251130/tools/bin/../lib/gcc/arm-none-eabi/12.3.1/thumb/v7-m/nofp/crtbegin.o
 *(.bss*)
 .bss.globalcanbus
                0x20000078       0x34 ./Core/Src/main.o
                0x20000078                globalcanbus
 .bss.hcan      0x200000ac       0x28 ./Core/Src/main.o
                0x200000ac                hcan
 .bss.htim2     0x200000d4       0x48 ./Core/Src/main.o
                0x200000d4                htim2
 .bss.RxHeader  0x2000011c       0x1c ./Core/Src/main.o
                0x2000011c                RxHeader
 .bss.RxData    0x20000138        0x8 ./Core/Src/main.o
                0x20000138                RxData
 .bss.received_value
                0x20000140        0x4 ./Core/Src/main.o
                0x20000140                received_value
 .bss.received_value2
                0x20000144        0x4 ./Core/Src/main.o
                0x20000144                received_value2
 .bss.uwTick    0x20000148        0x4 ./Drivers/STM32F1xx_HAL_Driver/Src/stm32f1xx_hal.o
                0x20000148                uwTick
 .bss.__malloc_free_list
                0x2000014c        0x4 C:/ST/STM32CubeIDE_1.16.0/STM32CubeIDE/plugins/com.st.stm32cube.ide.mcu.externaltools.gnu-tools-for-stm32.12.3.rel1.win32_1.1.0.202410251130/tools/bin/../lib/gcc/arm-none-eabi/12.3.1/../../../../arm-none-eabi/lib/thumb/v7-m/nofp\libc_nano.a(libc_a-mallocr.o)
                0x2000014c                __malloc_free_list
 .bss.__sf      0x20000150      0x138 C:/ST/STM32CubeIDE_1.16.0/STM32CubeIDE/plugins/com.st.stm32cube.ide.mcu.externaltools.gnu-tools-for-stm32.12.3.rel1.win32_1.1.0.202410251130/tools/bin/../lib/gcc/arm-none-eabi/12.3.1/../../../../arm-none-eabi/lib/thumb/v7-m/nofp\libc_nano.a(libc_a-findfp.o)
                0x20000150                __sf
 .bss.__lock___malloc_recursive_mutex
                0x20000288        0x1 C:/ST/STM32CubeIDE_1.16.0/STM32CubeIDE/plugins/com.st.stm32cube.ide.mcu.externaltools.gnu-tools-for-stm32.12.3.rel1.win32_1.1.0.202410251130/tools/bin/../lib/gcc/arm-none-eabi/12.3.1/../../../../arm-none-eabi/lib/thumb/v7-m/nofp\libc_nano.a(libc_a-lock.o)
                0x20000288                __lock___malloc_recursive_mutex
 *(COMMON)
                0x2000028c                        . = ALIGN (0x4)
 *fill*         0x20000289        0x3 
                0x2000028c                        _ebss = .
                0x2000028c                        __bss_end__ = _ebss

._user_heap_stack
                0x2000028c      0x604 load address 0x08003eec
                0x20000290                        . = ALIGN (0x8)
 *fill*         0x2000028c        0x4 
                [!provide]                        PROVIDE (end = .)
                0x20000290                        PROVIDE (_end = .)
                0x20000490                        . = (. + _Min_Heap_Size)
 *fill*         0x20000290      0x200 
                0x20000890                        . = (. + _Min_Stack_Size)
 *fill*         0x20000490      0x400 
                0x20000890                        . = ALIGN (0x8)

/DISCARD/
 libc.a(*)
 libm.a(*)
 libgcc.a(*)

.ARM.attributes
                0x00000000       0x29
 *(.ARM.attributes)
 .ARM.attributes
                0x00000000       0x1d C:/ST/STM32CubeIDE_1.16.0/STM32CubeIDE/plugins/com.st.stm32cube.ide.mcu.externaltools.gnu-tools-for-stm32.12.3.rel1.win32_1.1.0.202410251130/tools/bin/../lib/gcc/arm-none-eabi/12.3.1/thumb/v7-m/nofp/crti.o
 .ARM.attributes
                0x0000001d       0x2d C:/ST/STM32CubeIDE_1.16.0/STM32CubeIDE/plugins/com.st.stm32cube.ide.mcu.externaltools.gnu-tools-for-stm32.12.3.rel1.win32_1.1.0.202410251130/tools/bin/../lib/gcc/arm-none-eabi/12.3.1/thumb/v7-m/nofp/crtbegin.o
 .ARM.attributes
                0x0000004a       0x2d ./Core/Src/CAN_Bus.o
 .ARM.attributes
                0x00000077       0x2d ./Core/Src/encoder.o
 .ARM.attributes
                0x000000a4       0x2d ./Core/Src/main.o
 .ARM.attributes
                0x000000d1       0x2d ./Core/Src/motorControl.o
 .ARM.attributes
                0x000000fe       0x2d ./Core/Src/stm32f1xx_hal_msp.o
 .ARM.attributes
                0x0000012b       0x2d ./Core/Src/stm32f1xx_it.o
 .ARM.attributes
                0x00000158       0x2d ./Core/Src/system_stm32f1xx.o
 .ARM.attributes
                0x00000185       0x21 ./Core/Startup/startup_stm32f103c6tx.o
 .ARM.attributes
                0x000001a6       0x2d ./Drivers/STM32F1xx_HAL_Driver/Src/stm32f1xx_hal.o
 .ARM.attributes
                0x000001d3       0x2d ./Drivers/STM32F1xx_HAL_Driver/Src/stm32f1xx_hal_can.o
 .ARM.attributes
                0x00000200       0x2d ./Drivers/STM32F1xx_HAL_Driver/Src/stm32f1xx_hal_cortex.o
 .ARM.attributes
                0x0000022d       0x2d ./Drivers/STM32F1xx_HAL_Driver/Src/stm32f1xx_hal_gpio.o
 .ARM.attributes
                0x0000025a       0x2d ./Drivers/STM32F1xx_HAL_Driver/Src/stm32f1xx_hal_rcc.o
 .ARM.attributes
                0x00000287       0x2d ./Drivers/STM32F1xx_HAL_Driver/Src/stm32f1xx_hal_tim.o
 .ARM.attributes
                0x000002b4       0x2d ./Drivers/STM32F1xx_HAL_Driver/Src/stm32f1xx_hal_tim_ex.o
 .ARM.attributes
                0x000002e1       0x2d C:/ST/STM32CubeIDE_1.16.0/STM32CubeIDE/plugins/com.st.stm32cube.ide.mcu.externaltools.gnu-tools-for-stm32.12.3.rel1.win32_1.1.0.202410251130/tools/bin/../lib/gcc/arm-none-eabi/12.3.1/../../../../arm-none-eabi/lib/thumb/v7-m/nofp\libstdc++_nano.a(del_ops.o)
 .ARM.attributes
                0x0000030e       0x2d C:/ST/STM32CubeIDE_1.16.0/STM32CubeIDE/plugins/com.st.stm32cube.ide.mcu.externaltools.gnu-tools-for-stm32.12.3.rel1.win32_1.1.0.202410251130/tools/bin/../lib/gcc/arm-none-eabi/12.3.1/../../../../arm-none-eabi/lib/thumb/v7-m/nofp\libstdc++_nano.a(del_op.o)
 .ARM.attributes
                0x0000033b       0x2d C:/ST/STM32CubeIDE_1.16.0/STM32CubeIDE/plugins/com.st.stm32cube.ide.mcu.externaltools.gnu-tools-for-stm32.12.3.rel1.win32_1.1.0.202410251130/tools/bin/../lib/gcc/arm-none-eabi/12.3.1/../../../../arm-none-eabi/lib/thumb/v7-m/nofp\libc_nano.a(libc_a-malloc.o)
 .ARM.attributes
                0x00000368       0x2d C:/ST/STM32CubeIDE_1.16.0/STM32CubeIDE/plugins/com.st.stm32cube.ide.mcu.externaltools.gnu-tools-for-stm32.12.3.rel1.win32_1.1.0.202410251130/tools/bin/../lib/gcc/arm-none-eabi/12.3.1/../../../../arm-none-eabi/lib/thumb/v7-m/nofp\libc_nano.a(libc_a-mallocr.o)
 .ARM.attributes
                0x00000395       0x2d C:/ST/STM32CubeIDE_1.16.0/STM32CubeIDE/plugins/com.st.stm32cube.ide.mcu.externaltools.gnu-tools-for-stm32.12.3.rel1.win32_1.1.0.202410251130/tools/bin/../lib/gcc/arm-none-eabi/12.3.1/../../../../arm-none-eabi/lib/thumb/v7-m/nofp\libc_nano.a(libc_a-mlock.o)
 .ARM.attributes
                0x000003c2       0x2d C:/ST/STM32CubeIDE_1.16.0/STM32CubeIDE/plugins/com.st.stm32cube.ide.mcu.externaltools.gnu-tools-for-stm32.12.3.rel1.win32_1.1.0.202410251130/tools/bin/../lib/gcc/arm-none-eabi/12.3.1/../../../../arm-none-eabi/lib/thumb/v7-m/nofp\libc_nano.a(libc_a-findfp.o)
 .ARM.attributes
                0x000003ef       0x2d C:/ST/STM32CubeIDE_1.16.0/STM32CubeIDE/plugins/com.st.stm32cube.ide.mcu.externaltools.gnu-tools-for-stm32.12.3.rel1.win32_1.1.0.202410251130/tools/bin/../lib/gcc/arm-none-eabi/12.3.1/../../../../arm-none-eabi/lib/thumb/v7-m/nofp\libc_nano.a(libc_a-memset.o)
 .ARM.attributes
                0x0000041c       0x2d C:/ST/STM32CubeIDE_1.16.0/STM32CubeIDE/plugins/com.st.stm32cube.ide.mcu.externaltools.gnu-tools-for-stm32.12.3.rel1.win32_1.1.0.202410251130/tools/bin/../lib/gcc/arm-none-eabi/12.3.1/../../../../arm-none-eabi/lib/thumb/v7-m/nofp\libc_nano.a(libc_a-impure.o)
 .ARM.attributes
                0x00000449       0x2d C:/ST/STM32CubeIDE_1.16.0/STM32CubeIDE/plugins/com.st.stm32cube.ide.mcu.externaltools.gnu-tools-for-stm32.12.3.rel1.win32_1.1.0.202410251130/tools/bin/../lib/gcc/arm-none-eabi/12.3.1/../../../../arm-none-eabi/lib/thumb/v7-m/nofp\libc_nano.a(libc_a-init.o)
 .ARM.attributes
                0x00000476       0x2d C:/ST/STM32CubeIDE_1.16.0/STM32CubeIDE/plugins/com.st.stm32cube.ide.mcu.externaltools.gnu-tools-for-stm32.12.3.rel1.win32_1.1.0.202410251130/tools/bin/../lib/gcc/arm-none-eabi/12.3.1/../../../../arm-none-eabi/lib/thumb/v7-m/nofp\libc_nano.a(libc_a-lock.o)
 .ARM.attributes
                0x000004a3       0x2d C:/ST/STM32CubeIDE_1.16.0/STM32CubeIDE/plugins/com.st.stm32cube.ide.mcu.externaltools.gnu-tools-for-stm32.12.3.rel1.win32_1.1.0.202410251130/tools/bin/../lib/gcc/arm-none-eabi/12.3.1/../../../../arm-none-eabi/lib/thumb/v7-m/nofp\libc_nano.a(libc_a-freer.o)
 .ARM.attributes
                0x000004d0       0x1d C:/ST/STM32CubeIDE_1.16.0/STM32CubeIDE/plugins/com.st.stm32cube.ide.mcu.externaltools.gnu-tools-for-stm32.12.3.rel1.win32_1.1.0.202410251130/tools/bin/../lib/gcc/arm-none-eabi/12.3.1/thumb/v7-m/nofp\libgcc.a(_arm_addsubsf3.o)
 .ARM.attributes
                0x000004ed       0x1d C:/ST/STM32CubeIDE_1.16.0/STM32CubeIDE/plugins/com.st.stm32cube.ide.mcu.externaltools.gnu-tools-for-stm32.12.3.rel1.win32_1.1.0.202410251130/tools/bin/../lib/gcc/arm-none-eabi/12.3.1/thumb/v7-m/nofp\libgcc.a(_arm_muldivsf3.o)
 .ARM.attributes
                0x0000050a       0x1d C:/ST/STM32CubeIDE_1.16.0/STM32CubeIDE/plugins/com.st.stm32cube.ide.mcu.externaltools.gnu-tools-for-stm32.12.3.rel1.win32_1.1.0.202410251130/tools/bin/../lib/gcc/arm-none-eabi/12.3.1/thumb/v7-m/nofp\libgcc.a(_arm_cmpsf2.o)
 .ARM.attributes
                0x00000527       0x1d C:/ST/STM32CubeIDE_1.16.0/STM32CubeIDE/plugins/com.st.stm32cube.ide.mcu.externaltools.gnu-tools-for-stm32.12.3.rel1.win32_1.1.0.202410251130/tools/bin/../lib/gcc/arm-none-eabi/12.3.1/thumb/v7-m/nofp\libgcc.a(_arm_fixsfsi.o)
 .ARM.attributes
                0x00000544       0x1d C:/ST/STM32CubeIDE_1.16.0/STM32CubeIDE/plugins/com.st.stm32cube.ide.mcu.externaltools.gnu-tools-for-stm32.12.3.rel1.win32_1.1.0.202410251130/tools/bin/../lib/gcc/arm-none-eabi/12.3.1/thumb/v7-m/nofp/crtn.o
OUTPUT(SteerByWireV2.elf elf32-littlearm)
LOAD linker stubs
LOAD C:/ST/STM32CubeIDE_1.16.0/STM32CubeIDE/plugins/com.st.stm32cube.ide.mcu.externaltools.gnu-tools-for-stm32.12.3.rel1.win32_1.1.0.202410251130/tools/bin/../lib/gcc/arm-none-eabi/12.3.1/../../../../arm-none-eabi/lib/thumb/v7-m/nofp\libc.a
LOAD C:/ST/STM32CubeIDE_1.16.0/STM32CubeIDE/plugins/com.st.stm32cube.ide.mcu.externaltools.gnu-tools-for-stm32.12.3.rel1.win32_1.1.0.202410251130/tools/bin/../lib/gcc/arm-none-eabi/12.3.1/../../../../arm-none-eabi/lib/thumb/v7-m/nofp\libm.a
LOAD C:/ST/STM32CubeIDE_1.16.0/STM32CubeIDE/plugins/com.st.stm32cube.ide.mcu.externaltools.gnu-tools-for-stm32.12.3.rel1.win32_1.1.0.202410251130/tools/bin/../lib/gcc/arm-none-eabi/12.3.1/thumb/v7-m/nofp\libgcc.a

.debug_info     0x00000000    0x16504
 .debug_info    0x00000000     0x79ae ./Core/Src/CAN_Bus.o
 .debug_info    0x000079ae      0xc8e ./Core/Src/encoder.o
 .debug_info    0x0000863c     0x50d3 ./Core/Src/main.o
 .debug_info    0x0000d70f      0xbdc ./Core/Src/motorControl.o
 .debug_info    0x0000e2eb      0xeea ./Core/Src/stm32f1xx_hal_msp.o
 .debug_info    0x0000f1d5      0x50c ./Core/Src/stm32f1xx_it.o
 .debug_info    0x0000f6e1      0x222 ./Core/Src/system_stm32f1xx.o
 .debug_info    0x0000f903       0x30 ./Core/Startup/startup_stm32f103c6tx.o
 .debug_info    0x0000f933      0x6e6 ./Drivers/STM32F1xx_HAL_Driver/Src/stm32f1xx_hal.o
 .debug_info    0x00010019      0xf0e ./Drivers/STM32F1xx_HAL_Driver/Src/stm32f1xx_hal_can.o
 .debug_info    0x00010f27      0xa69 ./Drivers/STM32F1xx_HAL_Driver/Src/stm32f1xx_hal_cortex.o
 .debug_info    0x00011990      0x5ab ./Drivers/STM32F1xx_HAL_Driver/Src/stm32f1xx_hal_gpio.o
 .debug_info    0x00011f3b      0x7d5 ./Drivers/STM32F1xx_HAL_Driver/Src/stm32f1xx_hal_rcc.o
 .debug_info    0x00012710     0x2959 ./Drivers/STM32F1xx_HAL_Driver/Src/stm32f1xx_hal_tim.o
 .debug_info    0x00015069     0x149b ./Drivers/STM32F1xx_HAL_Driver/Src/stm32f1xx_hal_tim_ex.o

.debug_abbrev   0x00000000     0x2bbc
 .debug_abbrev  0x00000000      0x79c ./Core/Src/CAN_Bus.o
 .debug_abbrev  0x0000079c      0x30b ./Core/Src/encoder.o
 .debug_abbrev  0x00000aa7      0x8a7 ./Core/Src/main.o
 .debug_abbrev  0x0000134e      0x33f ./Core/Src/motorControl.o
 .debug_abbrev  0x0000168d      0x207 ./Core/Src/stm32f1xx_hal_msp.o
 .debug_abbrev  0x00001894      0x15b ./Core/Src/stm32f1xx_it.o
 .debug_abbrev  0x000019ef      0x13f ./Core/Src/system_stm32f1xx.o
 .debug_abbrev  0x00001b2e       0x24 ./Core/Startup/startup_stm32f103c6tx.o
 .debug_abbrev  0x00001b52      0x201 ./Drivers/STM32F1xx_HAL_Driver/Src/stm32f1xx_hal.o
 .debug_abbrev  0x00001d53      0x1fb ./Drivers/STM32F1xx_HAL_Driver/Src/stm32f1xx_hal_can.o
 .debug_abbrev  0x00001f4e      0x2f8 ./Drivers/STM32F1xx_HAL_Driver/Src/stm32f1xx_hal_cortex.o
 .debug_abbrev  0x00002246      0x1ca ./Drivers/STM32F1xx_HAL_Driver/Src/stm32f1xx_hal_gpio.o
 .debug_abbrev  0x00002410      0x2b3 ./Drivers/STM32F1xx_HAL_Driver/Src/stm32f1xx_hal_rcc.o
 .debug_abbrev  0x000026c3      0x277 ./Drivers/STM32F1xx_HAL_Driver/Src/stm32f1xx_hal_tim.o
 .debug_abbrev  0x0000293a      0x282 ./Drivers/STM32F1xx_HAL_Driver/Src/stm32f1xx_hal_tim_ex.o

.debug_aranges  0x00000000     0x10e0
 .debug_aranges
                0x00000000      0x4c8 ./Core/Src/CAN_Bus.o
 .debug_aranges
                0x000004c8       0x48 ./Core/Src/encoder.o
 .debug_aranges
                0x00000510      0x138 ./Core/Src/main.o
 .debug_aranges
                0x00000648       0x58 ./Core/Src/motorControl.o
 .debug_aranges
                0x000006a0       0x48 ./Core/Src/stm32f1xx_hal_msp.o
 .debug_aranges
                0x000006e8       0x70 ./Core/Src/stm32f1xx_it.o
 .debug_aranges
                0x00000758       0x28 ./Core/Src/system_stm32f1xx.o
 .debug_aranges
                0x00000780       0x28 ./Core/Startup/startup_stm32f103c6tx.o
 .debug_aranges
                0x000007a8       0xe0 ./Drivers/STM32F1xx_HAL_Driver/Src/stm32f1xx_hal.o
 .debug_aranges
                0x00000888      0x138 ./Drivers/STM32F1xx_HAL_Driver/Src/stm32f1xx_hal_can.o
 .debug_aranges
                0x000009c0      0x100 ./Drivers/STM32F1xx_HAL_Driver/Src/stm32f1xx_hal_cortex.o
 .debug_aranges
                0x00000ac0       0x58 ./Drivers/STM32F1xx_HAL_Driver/Src/stm32f1xx_hal_gpio.o
 .debug_aranges
                0x00000b18       0x90 ./Drivers/STM32F1xx_HAL_Driver/Src/stm32f1xx_hal_rcc.o
 .debug_aranges
                0x00000ba8      0x3d0 ./Drivers/STM32F1xx_HAL_Driver/Src/stm32f1xx_hal_tim.o
 .debug_aranges
                0x00000f78      0x168 ./Drivers/STM32F1xx_HAL_Driver/Src/stm32f1xx_hal_tim_ex.o

.debug_rnglists
                0x00000000      0xcda
 .debug_rnglists
                0x00000000      0x396 ./Core/Src/CAN_Bus.o
 .debug_rnglists
                0x00000396       0x31 ./Core/Src/encoder.o
 .debug_rnglists
                0x000003c7       0xeb ./Core/Src/main.o
 .debug_rnglists
                0x000004b2       0x3f ./Core/Src/motorControl.o
 .debug_rnglists
                0x000004f1       0x32 ./Core/Src/stm32f1xx_hal_msp.o
 .debug_rnglists
                0x00000523       0x4f ./Core/Src/stm32f1xx_it.o
 .debug_rnglists
                0x00000572       0x1a ./Core/Src/system_stm32f1xx.o
 .debug_rnglists
                0x0000058c       0x19 ./Core/Startup/startup_stm32f103c6tx.o
 .debug_rnglists
                0x000005a5       0xa3 ./Drivers/STM32F1xx_HAL_Driver/Src/stm32f1xx_hal.o
 .debug_rnglists
                0x00000648       0xed ./Drivers/STM32F1xx_HAL_Driver/Src/stm32f1xx_hal_can.o
 .debug_rnglists
                0x00000735       0xbb ./Drivers/STM32F1xx_HAL_Driver/Src/stm32f1xx_hal_cortex.o
 .debug_rnglists
                0x000007f0       0x3f ./Drivers/STM32F1xx_HAL_Driver/Src/stm32f1xx_hal_gpio.o
 .debug_rnglists
                0x0000082f       0x6c ./Drivers/STM32F1xx_HAL_Driver/Src/stm32f1xx_hal_rcc.o
 .debug_rnglists
                0x0000089b      0x31a ./Drivers/STM32F1xx_HAL_Driver/Src/stm32f1xx_hal_tim.o
 .debug_rnglists
                0x00000bb5      0x125 ./Drivers/STM32F1xx_HAL_Driver/Src/stm32f1xx_hal_tim_ex.o

.debug_macro    0x00000000    0x1a4a3
 .debug_macro   0x00000000      0x399 ./Core/Src/CAN_Bus.o
 .debug_macro   0x00000399      0xb80 ./Core/Src/CAN_Bus.o
 .debug_macro   0x00000f19      0x21b ./Core/Src/CAN_Bus.o
 .debug_macro   0x00001134       0x2e ./Core/Src/CAN_Bus.o
 .debug_macro   0x00001162       0x22 ./Core/Src/CAN_Bus.o
 .debug_macro   0x00001184       0x1c ./Core/Src/CAN_Bus.o
 .debug_macro   0x000011a0       0x22 ./Core/Src/CAN_Bus.o
 .debug_macro   0x000011c2       0x8e ./Core/Src/CAN_Bus.o
 .debug_macro   0x00001250       0x51 ./Core/Src/CAN_Bus.o
 .debug_macro   0x000012a1      0x103 ./Core/Src/CAN_Bus.o
 .debug_macro   0x000013a4       0x6a ./Core/Src/CAN_Bus.o
 .debug_macro   0x0000140e      0x1df ./Core/Src/CAN_Bus.o
 .debug_macro   0x000015ed       0x1c ./Core/Src/CAN_Bus.o
 .debug_macro   0x00001609       0x22 ./Core/Src/CAN_Bus.o
 .debug_macro   0x0000162b       0xbd ./Core/Src/CAN_Bus.o
 .debug_macro   0x000016e8      0xd23 ./Core/Src/CAN_Bus.o
 .debug_macro   0x0000240b     0xde75 ./Core/Src/CAN_Bus.o
 .debug_macro   0x00010280       0x6d ./Core/Src/CAN_Bus.o
 .debug_macro   0x000102ed     0x34a2 ./Core/Src/CAN_Bus.o
 .debug_macro   0x0001378f      0x190 ./Core/Src/CAN_Bus.o
 .debug_macro   0x0001391f       0x5c ./Core/Src/CAN_Bus.o
 .debug_macro   0x0001397b      0x5bc ./Core/Src/CAN_Bus.o
 .debug_macro   0x00013f37      0x1b7 ./Core/Src/CAN_Bus.o
 .debug_macro   0x000140ee      0x1cb ./Core/Src/CAN_Bus.o
 .debug_macro   0x000142b9      0x114 ./Core/Src/CAN_Bus.o
 .debug_macro   0x000143cd      0x1b2 ./Core/Src/CAN_Bus.o
 .debug_macro   0x0001457f       0x27 ./Core/Src/CAN_Bus.o
 .debug_macro   0x000145a6      0x12f ./Core/Src/CAN_Bus.o
 .debug_macro   0x000146d5      0x1bc ./Core/Src/CAN_Bus.o
 .debug_macro   0x00014891       0x34 ./Core/Src/CAN_Bus.o
 .debug_macro   0x000148c5       0x3c ./Core/Src/CAN_Bus.o
 .debug_macro   0x00014901      0x408 ./Core/Src/CAN_Bus.o
 .debug_macro   0x00014d09       0x57 ./Core/Src/CAN_Bus.o
 .debug_macro   0x00014d60       0x87 ./Core/Src/CAN_Bus.o
 .debug_macro   0x00014de7      0x183 ./Core/Src/CAN_Bus.o
 .debug_macro   0x00014f6a      0x140 ./Core/Src/CAN_Bus.o
 .debug_macro   0x000150aa      0x8ed ./Core/Src/CAN_Bus.o
 .debug_macro   0x00015997       0x69 ./Core/Src/CAN_Bus.o
 .debug_macro   0x00015a00      0x1d6 ./Core/Src/CAN_Bus.o
 .debug_macro   0x00015bd6       0x10 ./Core/Src/CAN_Bus.o
 .debug_macro   0x00015be6      0x417 ./Core/Src/CAN_Bus.o
 .debug_macro   0x00015ffd       0x1c ./Core/Src/CAN_Bus.o
 .debug_macro   0x00016019       0x18 ./Core/Src/CAN_Bus.o
 .debug_macro   0x00016031       0x4f ./Core/Src/CAN_Bus.o
 .debug_macro   0x00016080       0x41 ./Core/Src/CAN_Bus.o
 .debug_macro   0x000160c1       0x1f ./Core/Src/CAN_Bus.o
 .debug_macro   0x000160e0       0x18 ./Core/Src/CAN_Bus.o
 .debug_macro   0x000160f8       0x19 ./Core/Src/CAN_Bus.o
 .debug_macro   0x00016111       0x28 ./Core/Src/CAN_Bus.o
 .debug_macro   0x00016139       0x2e ./Core/Src/CAN_Bus.o
 .debug_macro   0x00016167       0x19 ./Core/Src/CAN_Bus.o
 .debug_macro   0x00016180       0x88 ./Core/Src/CAN_Bus.o
 .debug_macro   0x00016208       0x19 ./Core/Src/CAN_Bus.o
 .debug_macro   0x00016221       0x2c ./Core/Src/CAN_Bus.o
 .debug_macro   0x0001624d       0x11 ./Core/Src/CAN_Bus.o
 .debug_macro   0x0001625e       0x10 ./Core/Src/CAN_Bus.o
 .debug_macro   0x0001626e       0x11 ./Core/Src/CAN_Bus.o
 .debug_macro   0x0001627f       0x27 ./Core/Src/CAN_Bus.o
 .debug_macro   0x000162a6       0x11 ./Core/Src/CAN_Bus.o
 .debug_macro   0x000162b7       0x11 ./Core/Src/CAN_Bus.o
 .debug_macro   0x000162c8       0x1c ./Core/Src/CAN_Bus.o
 .debug_macro   0x000162e4       0x26 ./Core/Src/CAN_Bus.o
 .debug_macro   0x0001630a      0x2f2 ./Core/Src/encoder.o
 .debug_macro   0x000165fc       0x61 ./Core/Src/encoder.o
 .debug_macro   0x0001665d       0x24 ./Core/Src/encoder.o
 .debug_macro   0x00016681       0x43 ./Core/Src/encoder.o
 .debug_macro   0x000166c4       0x34 ./Core/Src/encoder.o
 .debug_macro   0x000166f8       0x16 ./Core/Src/encoder.o
 .debug_macro   0x0001670e       0x43 ./Core/Src/encoder.o
 .debug_macro   0x00016751       0x34 ./Core/Src/encoder.o
 .debug_macro   0x00016785       0x10 ./Core/Src/encoder.o
 .debug_macro   0x00016795       0x58 ./Core/Src/encoder.o
 .debug_macro   0x000167ed       0x8e ./Core/Src/encoder.o
 .debug_macro   0x0001687b       0x16 ./Core/Src/encoder.o
 .debug_macro   0x00016891      0x177 ./Core/Src/encoder.o
 .debug_macro   0x00016a08      0x38c ./Core/Src/encoder.o
 .debug_macro   0x00016d94      0x194 ./Core/Src/encoder.o
 .debug_macro   0x00016f28       0x10 ./Core/Src/encoder.o
 .debug_macro   0x00016f38       0x16 ./Core/Src/encoder.o
 .debug_macro   0x00016f4e       0x35 ./Core/Src/encoder.o
 .debug_macro   0x00016f83       0x16 ./Core/Src/encoder.o
 .debug_macro   0x00016f99       0x29 ./Core/Src/encoder.o
 .debug_macro   0x00016fc2       0x10 ./Core/Src/encoder.o
 .debug_macro   0x00016fd2      0x3c7 ./Core/Src/encoder.o
 .debug_macro   0x00017399      0x3b5 ./Core/Src/main.o
 .debug_macro   0x0001774e      0x2e8 ./Core/Src/motorControl.o
 .debug_macro   0x00017a36      0x1ab ./Core/Src/stm32f1xx_hal_msp.o
 .debug_macro   0x00017be1      0xaa8 ./Core/Src/stm32f1xx_hal_msp.o
 .debug_macro   0x00018689      0xd23 ./Core/Src/stm32f1xx_hal_msp.o
 .debug_macro   0x000193ac      0x189 ./Core/Src/stm32f1xx_hal_msp.o
 .debug_macro   0x00019535      0x1b5 ./Core/Src/stm32f1xx_it.o
 .debug_macro   0x000196ea      0x1a1 ./Core/Src/system_stm32f1xx.o
 .debug_macro   0x0001988b      0x1c5 ./Drivers/STM32F1xx_HAL_Driver/Src/stm32f1xx_hal.o
 .debug_macro   0x00019a50      0x1b0 ./Drivers/STM32F1xx_HAL_Driver/Src/stm32f1xx_hal_can.o
 .debug_macro   0x00019c00      0x1a1 ./Drivers/STM32F1xx_HAL_Driver/Src/stm32f1xx_hal_cortex.o
 .debug_macro   0x00019da1      0x20c ./Drivers/STM32F1xx_HAL_Driver/Src/stm32f1xx_hal_gpio.o
 .debug_macro   0x00019fad      0x1b3 ./Drivers/STM32F1xx_HAL_Driver/Src/stm32f1xx_hal_rcc.o
 .debug_macro   0x0001a160      0x1a2 ./Drivers/STM32F1xx_HAL_Driver/Src/stm32f1xx_hal_tim.o
 .debug_macro   0x0001a302      0x1a1 ./Drivers/STM32F1xx_HAL_Driver/Src/stm32f1xx_hal_tim_ex.o

.debug_line     0x00000000     0xfac5
 .debug_line    0x00000000     0x245a ./Core/Src/CAN_Bus.o
 .debug_line    0x0000245a      0xde5 ./Core/Src/encoder.o
 .debug_line    0x0000323f     0x166a ./Core/Src/main.o
 .debug_line    0x000048a9      0xe87 ./Core/Src/motorControl.o
 .debug_line    0x00005730      0x7cc ./Core/Src/stm32f1xx_hal_msp.o
 .debug_line    0x00005efc      0x7f0 ./Core/Src/stm32f1xx_it.o
 .debug_line    0x000066ec      0x77a ./Core/Src/system_stm32f1xx.o
 .debug_line    0x00006e66       0x78 ./Core/Startup/startup_stm32f103c6tx.o
 .debug_line    0x00006ede      0x9a7 ./Drivers/STM32F1xx_HAL_Driver/Src/stm32f1xx_hal.o
 .debug_line    0x00007885     0x1189 ./Drivers/STM32F1xx_HAL_Driver/Src/stm32f1xx_hal_can.o
 .debug_line    0x00008a0e      0xb93 ./Drivers/STM32F1xx_HAL_Driver/Src/stm32f1xx_hal_cortex.o
 .debug_line    0x000095a1      0xa2b ./Drivers/STM32F1xx_HAL_Driver/Src/stm32f1xx_hal_gpio.o
 .debug_line    0x00009fcc      0xdb0 ./Drivers/STM32F1xx_HAL_Driver/Src/stm32f1xx_hal_rcc.o
 .debug_line    0x0000ad7c     0x3483 ./Drivers/STM32F1xx_HAL_Driver/Src/stm32f1xx_hal_tim.o
 .debug_line    0x0000e1ff     0x18c6 ./Drivers/STM32F1xx_HAL_Driver/Src/stm32f1xx_hal_tim_ex.o

.debug_str      0x00000000    0x937fd
 .debug_str     0x00000000    0x8bff2 ./Core/Src/CAN_Bus.o
                              0x8c77a (size before relaxing)
 .debug_str     0x0008bff2     0x475d ./Core/Src/encoder.o
                              0x88222 (size before relaxing)
 .debug_str     0x0009074f      0x8c2 ./Core/Src/main.o
                              0x8a97d (size before relaxing)
 .debug_str     0x00091011       0x95 ./Core/Src/motorControl.o
                              0x8809f (size before relaxing)
 .debug_str     0x000910a6      0x509 ./Core/Src/stm32f1xx_hal_msp.o
                              0x82381 (size before relaxing)
 .debug_str     0x000915af       0xf0 ./Core/Src/stm32f1xx_it.o
                              0x81bab (size before relaxing)
 .debug_str     0x0009169f       0x7e ./Core/Src/system_stm32f1xx.o
                              0x818de (size before relaxing)
 .debug_str     0x0009171d       0x44 ./Core/Startup/startup_stm32f103c6tx.o
                                 0x8e (size before relaxing)
 .debug_str     0x00091761      0x384 ./Drivers/STM32F1xx_HAL_Driver/Src/stm32f1xx_hal.o
                              0x81fd7 (size before relaxing)
 .debug_str     0x00091ae5      0x3d7 ./Drivers/STM32F1xx_HAL_Driver/Src/stm32f1xx_hal_can.o
                              0x820e6 (size before relaxing)
 .debug_str     0x00091ebc      0x259 ./Drivers/STM32F1xx_HAL_Driver/Src/stm32f1xx_hal_cortex.o
                              0x81f23 (size before relaxing)
 .debug_str     0x00092115      0x2d3 ./Drivers/STM32F1xx_HAL_Driver/Src/stm32f1xx_hal_gpio.o
                              0x81c64 (size before relaxing)
 .debug_str     0x000923e8      0x229 ./Drivers/STM32F1xx_HAL_Driver/Src/stm32f1xx_hal_rcc.o
                              0x81d0d (size before relaxing)
 .debug_str     0x00092611      0xd59 ./Drivers/STM32F1xx_HAL_Driver/Src/stm32f1xx_hal_tim.o
                              0x82d0f (size before relaxing)
 .debug_str     0x0009336a      0x493 ./Drivers/STM32F1xx_HAL_Driver/Src/stm32f1xx_hal_tim_ex.o
                              0x8251b (size before relaxing)

.comment        0x00000000       0x43
 .comment       0x00000000       0x43 ./Core/Src/CAN_Bus.o
                                 0x44 (size before relaxing)
 .comment       0x00000043       0x44 ./Core/Src/encoder.o
 .comment       0x00000043       0x44 ./Core/Src/main.o
 .comment       0x00000043       0x44 ./Core/Src/motorControl.o
 .comment       0x00000043       0x44 ./Core/Src/stm32f1xx_hal_msp.o
 .comment       0x00000043       0x44 ./Core/Src/stm32f1xx_it.o
 .comment       0x00000043       0x44 ./Core/Src/system_stm32f1xx.o
 .comment       0x00000043       0x44 ./Drivers/STM32F1xx_HAL_Driver/Src/stm32f1xx_hal.o
 .comment       0x00000043       0x44 ./Drivers/STM32F1xx_HAL_Driver/Src/stm32f1xx_hal_can.o
 .comment       0x00000043       0x44 ./Drivers/STM32F1xx_HAL_Driver/Src/stm32f1xx_hal_cortex.o
 .comment       0x00000043       0x44 ./Drivers/STM32F1xx_HAL_Driver/Src/stm32f1xx_hal_gpio.o
 .comment       0x00000043       0x44 ./Drivers/STM32F1xx_HAL_Driver/Src/stm32f1xx_hal_rcc.o
 .comment       0x00000043       0x44 ./Drivers/STM32F1xx_HAL_Driver/Src/stm32f1xx_hal_tim.o
 .comment       0x00000043       0x44 ./Drivers/STM32F1xx_HAL_Driver/Src/stm32f1xx_hal_tim_ex.o

.debug_frame    0x00000000     0x4d28
 .debug_frame   0x00000000     0x162c ./Core/Src/CAN_Bus.o
 .debug_frame   0x0000162c       0xf4 ./Core/Src/encoder.o
 .debug_frame   0x00001720      0x520 ./Core/Src/main.o
 .debug_frame   0x00001c40      0x144 ./Core/Src/motorControl.o
 .debug_frame   0x00001d84       0xec ./Core/Src/stm32f1xx_hal_msp.o
 .debug_frame   0x00001e70      0x13c ./Core/Src/stm32f1xx_it.o
 .debug_frame   0x00001fac       0x58 ./Core/Src/system_stm32f1xx.o
 .debug_frame   0x00002004      0x334 ./Drivers/STM32F1xx_HAL_Driver/Src/stm32f1xx_hal.o
 .debug_frame   0x00002338      0x5a0 ./Drivers/STM32F1xx_HAL_Driver/Src/stm32f1xx_hal_can.o
 .debug_frame   0x000028d8      0x428 ./Drivers/STM32F1xx_HAL_Driver/Src/stm32f1xx_hal_cortex.o
 .debug_frame   0x00002d00      0x14c ./Drivers/STM32F1xx_HAL_Driver/Src/stm32f1xx_hal_gpio.o
 .debug_frame   0x00002e4c      0x218 ./Drivers/STM32F1xx_HAL_Driver/Src/stm32f1xx_hal_rcc.o
 .debug_frame   0x00003064     0x11b4 ./Drivers/STM32F1xx_HAL_Driver/Src/stm32f1xx_hal_tim.o
 .debug_frame   0x00004218      0x638 ./Drivers/STM32F1xx_HAL_Driver/Src/stm32f1xx_hal_tim_ex.o
 .debug_frame   0x00004850       0x20 C:/ST/STM32CubeIDE_1.16.0/STM32CubeIDE/plugins/com.st.stm32cube.ide.mcu.externaltools.gnu-tools-for-stm32.12.3.rel1.win32_1.1.0.202410251130/tools/bin/../lib/gcc/arm-none-eabi/12.3.1/../../../../arm-none-eabi/lib/thumb/v7-m/nofp\libstdc++_nano.a(del_ops.o)
 .debug_frame   0x00004870       0x20 C:/ST/STM32CubeIDE_1.16.0/STM32CubeIDE/plugins/com.st.stm32cube.ide.mcu.externaltools.gnu-tools-for-stm32.12.3.rel1.win32_1.1.0.202410251130/tools/bin/../lib/gcc/arm-none-eabi/12.3.1/../../../../arm-none-eabi/lib/thumb/v7-m/nofp\libstdc++_nano.a(del_op.o)
 .debug_frame   0x00004890       0x30 C:/ST/STM32CubeIDE_1.16.0/STM32CubeIDE/plugins/com.st.stm32cube.ide.mcu.externaltools.gnu-tools-for-stm32.12.3.rel1.win32_1.1.0.202410251130/tools/bin/../lib/gcc/arm-none-eabi/12.3.1/../../../../arm-none-eabi/lib/thumb/v7-m/nofp\libc_nano.a(libc_a-malloc.o)
 .debug_frame   0x000048c0       0x50 C:/ST/STM32CubeIDE_1.16.0/STM32CubeIDE/plugins/com.st.stm32cube.ide.mcu.externaltools.gnu-tools-for-stm32.12.3.rel1.win32_1.1.0.202410251130/tools/bin/../lib/gcc/arm-none-eabi/12.3.1/../../../../arm-none-eabi/lib/thumb/v7-m/nofp\libc_nano.a(libc_a-mallocr.o)
 .debug_frame   0x00004910       0x30 C:/ST/STM32CubeIDE_1.16.0/STM32CubeIDE/plugins/com.st.stm32cube.ide.mcu.externaltools.gnu-tools-for-stm32.12.3.rel1.win32_1.1.0.202410251130/tools/bin/../lib/gcc/arm-none-eabi/12.3.1/../../../../arm-none-eabi/lib/thumb/v7-m/nofp\libc_nano.a(libc_a-mlock.o)
 .debug_frame   0x00004940      0x144 C:/ST/STM32CubeIDE_1.16.0/STM32CubeIDE/plugins/com.st.stm32cube.ide.mcu.externaltools.gnu-tools-for-stm32.12.3.rel1.win32_1.1.0.202410251130/tools/bin/../lib/gcc/arm-none-eabi/12.3.1/../../../../arm-none-eabi/lib/thumb/v7-m/nofp\libc_nano.a(libc_a-findfp.o)
 .debug_frame   0x00004a84       0x20 C:/ST/STM32CubeIDE_1.16.0/STM32CubeIDE/plugins/com.st.stm32cube.ide.mcu.externaltools.gnu-tools-for-stm32.12.3.rel1.win32_1.1.0.202410251130/tools/bin/../lib/gcc/arm-none-eabi/12.3.1/../../../../arm-none-eabi/lib/thumb/v7-m/nofp\libc_nano.a(libc_a-memset.o)
 .debug_frame   0x00004aa4       0x2c C:/ST/STM32CubeIDE_1.16.0/STM32CubeIDE/plugins/com.st.stm32cube.ide.mcu.externaltools.gnu-tools-for-stm32.12.3.rel1.win32_1.1.0.202410251130/tools/bin/../lib/gcc/arm-none-eabi/12.3.1/../../../../arm-none-eabi/lib/thumb/v7-m/nofp\libc_nano.a(libc_a-init.o)
 .debug_frame   0x00004ad0       0xb0 C:/ST/STM32CubeIDE_1.16.0/STM32CubeIDE/plugins/com.st.stm32cube.ide.mcu.externaltools.gnu-tools-for-stm32.12.3.rel1.win32_1.1.0.202410251130/tools/bin/../lib/gcc/arm-none-eabi/12.3.1/../../../../arm-none-eabi/lib/thumb/v7-m/nofp\libc_nano.a(libc_a-lock.o)
 .debug_frame   0x00004b80       0x38 C:/ST/STM32CubeIDE_1.16.0/STM32CubeIDE/plugins/com.st.stm32cube.ide.mcu.externaltools.gnu-tools-for-stm32.12.3.rel1.win32_1.1.0.202410251130/tools/bin/../lib/gcc/arm-none-eabi/12.3.1/../../../../arm-none-eabi/lib/thumb/v7-m/nofp\libc_nano.a(libc_a-freer.o)
 .debug_frame   0x00004bb8       0x4c C:/ST/STM32CubeIDE_1.16.0/STM32CubeIDE/plugins/com.st.stm32cube.ide.mcu.externaltools.gnu-tools-for-stm32.12.3.rel1.win32_1.1.0.202410251130/tools/bin/../lib/gcc/arm-none-eabi/12.3.1/thumb/v7-m/nofp\libgcc.a(_arm_addsubsf3.o)
 .debug_frame   0x00004c04       0x38 C:/ST/STM32CubeIDE_1.16.0/STM32CubeIDE/plugins/com.st.stm32cube.ide.mcu.externaltools.gnu-tools-for-stm32.12.3.rel1.win32_1.1.0.202410251130/tools/bin/../lib/gcc/arm-none-eabi/12.3.1/thumb/v7-m/nofp\libgcc.a(_arm_muldivsf3.o)
 .debug_frame   0x00004c3c       0xc8 C:/ST/STM32CubeIDE_1.16.0/STM32CubeIDE/plugins/com.st.stm32cube.ide.mcu.externaltools.gnu-tools-for-stm32.12.3.rel1.win32_1.1.0.202410251130/tools/bin/../lib/gcc/arm-none-eabi/12.3.1/thumb/v7-m/nofp\libgcc.a(_arm_cmpsf2.o)
 .debug_frame   0x00004d04       0x24 C:/ST/STM32CubeIDE_1.16.0/STM32CubeIDE/plugins/com.st.stm32cube.ide.mcu.externaltools.gnu-tools-for-stm32.12.3.rel1.win32_1.1.0.202410251130/tools/bin/../lib/gcc/arm-none-eabi/12.3.1/thumb/v7-m/nofp\libgcc.a(_arm_fixsfsi.o)

.debug_line_str
                0x00000000       0x72
 .debug_line_str
                0x00000000       0x72 ./Core/Startup/startup_stm32f103c6tx.o
