../Core/Src/main.cpp:73:5:int main()	16	static
../Core/Src/main.cpp:126:6:void SystemClock_Config()	88	static
../Core/Src/main.cpp:173:13:void MX_ADC1_Init()	24	static
../Core/Src/main.cpp:220:13:void MX_CAN_Init()	8	static
../Core/Src/main.cpp:257:13:void MX_TIM1_Init()	80	static
../Core/Src/main.cpp:330:13:void MX_TIM2_Init()	80	static
../Core/Src/main.cpp:393:13:void MX_TIM3_Init()	56	static
../Core/Src/main.cpp:442:13:void MX_GPIO_Init()	40	static
../Core/Src/main.cpp:494:6:void Error_Handler()	4	static,ignoring_inline_asm
