../Core/Src/main.cpp:76:5:int main()	8	static
../Core/Src/main.cpp:125:6:void SystemClock_Config()	88	static
../Core/Src/main.cpp:172:13:void MX_ADC1_Init()	24	static
../Core/Src/main.cpp:219:13:void MX_CAN_Init()	8	static
../Core/Src/main.cpp:256:13:void MX_TIM1_Init()	80	static
../Core/Src/main.cpp:329:13:void MX_TIM2_Init()	80	static
../Core/Src/main.cpp:392:13:void MX_TIM3_Init()	56	static
../Core/Src/main.cpp:441:13:void MX_GPIO_Init()	40	static
../Core/Src/main.cpp:484:6:void Error_Handler()	4	static,ignoring_inline_asm
