../Core/Src/main.cpp:99:6:void HAL_CAN_RxFifo0MsgPendingCallback(CAN_HandleTypeDef*)	16	static
../Core/Src/main.cpp:108:6:void check_CAN_errors(CAN_HandleTypeDef*, CAN_ErrorFlags*)	24	static
../Core/Src/main.cpp:158:5:int main()	128	static
../Core/Src/main.cpp:246:6:void SystemClock_Config()	88	static
../Core/Src/main.cpp:293:13:void MX_ADC1_Init()	24	static
../Core/Src/main.cpp:340:13:void MX_CAN_Init()	8	static
../Core/Src/main.cpp:377:13:void MX_TIM1_Init()	80	static
../Core/Src/main.cpp:450:13:void MX_TIM2_Init()	80	static
../Core/Src/main.cpp:513:13:void MX_TIM3_Init()	56	static
../Core/Src/main.cpp:562:13:void MX_GPIO_Init()	40	static
../Core/Src/main.cpp:616:6:void Error_Handler()	8	static,ignoring_inline_asm
